yarn run v1.22.4
$ /Users/alex_sanders/Documents/code/frontend/node_modules/.bin/tsc
node_modules/@guardian/types/ophan.ts(91,5): error TS1205: Re-exporting a type when the '--isolatedModules' flag is provided requires using 'export type'.
node_modules/@guardian/types/ophan.ts(92,5): error TS1205: Re-exporting a type when the '--isolatedModules' flag is provided requires using 'export type'.
node_modules/@guardian/types/ophan.ts(93,5): error TS1205: Re-exporting a type when the '--isolatedModules' flag is provided requires using 'export type'.
node_modules/@guardian/types/ophan.ts(94,5): error TS1205: Re-exporting a type when the '--isolatedModules' flag is provided requires using 'export type'.
node_modules/@guardian/types/ophan.ts(95,5): error TS1205: Re-exporting a type when the '--isolatedModules' flag is provided requires using 'export type'.
node_modules/@guardian/types/ophan.ts(96,5): error TS1205: Re-exporting a type when the '--isolatedModules' flag is provided requires using 'export type'.
node_modules/@guardian/types/ophan.ts(97,5): error TS1205: Re-exporting a type when the '--isolatedModules' flag is provided requires using 'export type'.
node_modules/@guardian/types/ophan.ts(98,5): error TS1205: Re-exporting a type when the '--isolatedModules' flag is provided requires using 'export type'.
node_modules/@types/node/globals.d.ts(221,13): error TS2403: Subsequent variable declarations must have the same type.  Variable 'require' must be of type '{ ensure(ids: string[], callback?: {}, chunkName?: string): void; resolve: (id: string) => string; cache: any; main: NodeModule; }', but here has type 'NodeRequire'.
static/src/javascripts/boot.ts(39,15): error TS2322: Type 'unknown' is not assignable to type 'string'.
static/src/javascripts/boot.ts(74,29): error TS2339: Property 'adBlockers' does not exist on type '{ automat?: Automat; }'.
static/src/javascripts/boot.ts(96,47): error TS2339: Property 'isEnhanced' does not exist on type '{ automat?: Automat; }'.
static/src/javascripts/boot.ts(152,21): error TS2339: Property 'polyfilled' does not exist on type '{ automat?: Automat; }'.
static/src/javascripts/boot.ts(155,21): error TS2339: Property 'onPolyfilled' does not exist on type '{ automat?: Automat; }'.
static/src/javascripts/bootstraps/atoms/snippet.ts(26,21): error TS2339: Property 'polyfilled' does not exist on type '{ automat?: Automat; }'.
static/src/javascripts/bootstraps/atoms/snippet.ts(29,31): error TS2339: Property 'onPolyfilled' does not exist on type '{ automat?: Automat; }'.
static/src/javascripts/bootstraps/atoms/storyquestions.ts(26,21): error TS2339: Property 'polyfilled' does not exist on type '{ automat?: Automat; }'.
static/src/javascripts/bootstraps/atoms/storyquestions.ts(29,31): error TS2339: Property 'onPolyfilled' does not exist on type '{ automat?: Automat; }'.
static/src/javascripts/bootstraps/commercial-ophan.dcr.ts(7,29): error TS2339: Property 'ophan' does not exist on type '{ automat?: Automat; }'.
static/src/javascripts/bootstraps/commercial-ophan.dcr.ts(8,29): error TS2339: Property 'ophan' does not exist on type '{ automat?: Automat; }'.
static/src/javascripts/bootstraps/commercial-ophan.dcr.ts(10,29): error TS2339: Property 'ophan' does not exist on type '{ automat?: Automat; }'.
static/src/javascripts/bootstraps/commercial-ophan.dcr.ts(18,29): error TS2339: Property 'ophan' does not exist on type '{ automat?: Automat; }'.
static/src/javascripts/bootstraps/commercial-ophan.dcr.ts(19,29): error TS2339: Property 'ophan' does not exist on type '{ automat?: Automat; }'.
static/src/javascripts/bootstraps/commercial-ophan.dcr.ts(21,29): error TS2339: Property 'ophan' does not exist on type '{ automat?: Automat; }'.
static/src/javascripts/bootstraps/commercial-ophan.dcr.ts(33,29): error TS2339: Property 'ophan' does not exist on type '{ automat?: Automat; }'.
static/src/javascripts/bootstraps/commercial-ophan.dcr.ts(34,29): error TS2339: Property 'ophan' does not exist on type '{ automat?: Automat; }'.
static/src/javascripts/bootstraps/commercial-ophan.dcr.ts(36,29): error TS2339: Property 'ophan' does not exist on type '{ automat?: Automat; }'.
static/src/javascripts/bootstraps/commercial-ophan.dcr.ts(43,29): error TS2339: Property 'ophan' does not exist on type '{ automat?: Automat; }'.
static/src/javascripts/bootstraps/commercial-ophan.dcr.ts(44,29): error TS2339: Property 'ophan' does not exist on type '{ automat?: Automat; }'.
static/src/javascripts/bootstraps/commercial-ophan.dcr.ts(46,36): error TS2339: Property 'ophan' does not exist on type '{ automat?: Automat; }'.
static/src/javascripts/bootstraps/commercial-ophan.dcr.ts(54,29): error TS2339: Property 'ophan' does not exist on type '{ automat?: Automat; }'.
static/src/javascripts/bootstraps/commercial-ophan.dcr.ts(55,29): error TS2339: Property 'ophan' does not exist on type '{ automat?: Automat; }'.
static/src/javascripts/bootstraps/commercial-ophan.dcr.ts(57,36): error TS2339: Property 'ophan' does not exist on type '{ automat?: Automat; }'.
static/src/javascripts/bootstraps/commercial.dcr.ts(138,5): error TS2740: Type '{ cmd: undefined[]; }' is missing the following properties from type 'Googletag': apiReady, companionAds, content, defineOutOfPageSlot, and 11 more.
static/src/javascripts/bootstraps/commercial.dcr.ts(176,21): error TS2339: Property 'mustardCut' does not exist on type '{ automat?: Automat; }'.
static/src/javascripts/bootstraps/commercial.dcr.ts(176,51): error TS2339: Property 'polyfilled' does not exist on type '{ automat?: Automat; }'.
static/src/javascripts/bootstraps/commercial.dcr.ts(179,21): error TS2339: Property 'queue' does not exist on type '{ automat?: Automat; }'.
static/src/javascripts/bootstraps/commercial.ts(138,5): error TS2740: Type '{ cmd: undefined[]; }' is missing the following properties from type 'Googletag': apiReady, companionAds, content, defineOutOfPageSlot, and 11 more.
static/src/javascripts/bootstraps/enhanced/accessibility.tsx(17,72): error TS2339: Property 'props' does not exist on type 'BinaryToggle'.
static/src/javascripts/bootstraps/enhanced/accessibility.tsx(18,53): error TS2339: Property 'props' does not exist on type 'BinaryToggle'.
static/src/javascripts/bootstraps/enhanced/accessibility.tsx(18,77): error TS2339: Property 'props' does not exist on type 'BinaryToggle'.
static/src/javascripts/bootstraps/enhanced/accessibility.tsx(18,126): error TS2339: Property 'props' does not exist on type 'BinaryToggle'.
static/src/javascripts/bootstraps/enhanced/accessibility.tsx(18,159): error TS2339: Property 'props' does not exist on type 'BinaryToggle'.
static/src/javascripts/bootstraps/enhanced/accessibility.tsx(18,189): error TS2339: Property 'props' does not exist on type 'BinaryToggle'.
static/src/javascripts/bootstraps/enhanced/accessibility.tsx(27,31): error TS2339: Property 'props' does not exist on type 'BinaryToggle'.
static/src/javascripts/bootstraps/enhanced/accessibility.tsx(38,10): error TS2339: Property 'state' does not exist on type 'Accessibility'.
static/src/javascripts/bootstraps/enhanced/accessibility.tsx(45,27): error TS2339: Property 'state' does not exist on type 'Accessibility'.
static/src/javascripts/bootstraps/enhanced/accessibility.tsx(46,10): error TS2339: Property 'setState' does not exist on type 'Accessibility'.
static/src/javascripts/bootstraps/enhanced/accessibility.tsx(65,21): error TS2607: JSX element class does not support attributes because it does not have a 'props' property.
static/src/javascripts/bootstraps/enhanced/accessibility.tsx(65,22): error TS2786: 'BinaryToggle' cannot be used as a JSX component.
  Its instance type 'BinaryToggle' is not a valid JSX element.
    Type 'BinaryToggle' is missing the following properties from type 'ElementClass': context, setState, forceUpdate, props, and 2 more.
static/src/javascripts/bootstraps/enhanced/accessibility.tsx(67,45): error TS2339: Property 'state' does not exist on type 'Accessibility'.
static/src/javascripts/bootstraps/enhanced/accessibility.tsx(67,199): error TS2339: Property 'state' does not exist on type 'Accessibility'.
static/src/javascripts/bootstraps/enhanced/accessibility.tsx(77,13): error TS2786: 'Accessibility' cannot be used as a JSX component.
  Its instance type 'Accessibility' is not a valid JSX element.
    Type 'Accessibility' is missing the following properties from type 'ElementClass': context, setState, forceUpdate, props, and 2 more.
static/src/javascripts/bootstraps/enhanced/article-liveblog-common.ts(20,5): error TS2554: Expected 2 arguments, but got 1.
static/src/javascripts/bootstraps/enhanced/article.ts(25,21): error TS2339: Property 'CMP' does not exist on type 'Object'.
static/src/javascripts/bootstraps/enhanced/article.ts(27,51): error TS2339: Property 'CMP' does not exist on type 'Object'.
static/src/javascripts/bootstraps/enhanced/article.ts(60,5): error TS2554: Expected 2 arguments, but got 1.
static/src/javascripts/bootstraps/enhanced/common.ts(95,13): error TS2554: Expected 1 arguments, but got 0.
static/src/javascripts/bootstraps/enhanced/common.ts(117,21): error TS2345: Argument of type 'unknown' is not assignable to parameter of type 'string'.
static/src/javascripts/bootstraps/enhanced/common.ts(153,17): error TS2339: Property 'contentType' does not exist on type '{}'.
static/src/javascripts/bootstraps/enhanced/common.ts(231,21): error TS2339: Property 'test' does not exist on type 'Object'.
static/src/javascripts/bootstraps/enhanced/common.ts(232,68): error TS2339: Property 'test' does not exist on type 'Object'.
static/src/javascripts/bootstraps/enhanced/common.ts(270,21): error TS2339: Property 'api' does not exist on type '{ automat?: Automat; }'.
static/src/javascripts/bootstraps/enhanced/common.ts(274,47): error TS2345: Argument of type 'unknown' is not assignable to parameter of type 'string'.
static/src/javascripts/bootstraps/enhanced/common.ts(300,5): error TS2554: Expected 2 arguments, but got 1.
static/src/javascripts/bootstraps/enhanced/facia.ts(98,5): error TS2554: Expected 2 arguments, but got 1.
static/src/javascripts/bootstraps/enhanced/football.ts(37,44): error TS2345: Argument of type 'unknown' is not assignable to parameter of type 'string'.
static/src/javascripts/bootstraps/enhanced/football.ts(44,22): error TS2339: Property 'nav' does not exist on type 'Object'.
static/src/javascripts/bootstraps/enhanced/football.ts(44,34): error TS2339: Property 'nav' does not exist on type 'Object'.
static/src/javascripts/bootstraps/enhanced/football.ts(45,38): error TS2339: Property 'nav' does not exist on type 'Object'.
static/src/javascripts/bootstraps/enhanced/football.ts(48,35): error TS2339: Property 'id' does not exist on type 'Object'.
static/src/javascripts/bootstraps/enhanced/football.ts(146,5): error TS2554: Expected 2 arguments, but got 1.
static/src/javascripts/bootstraps/enhanced/football.ts(152,19): error TS2339: Property 'pageType' does not exist on type 'Object'.
static/src/javascripts/bootstraps/enhanced/football.ts(157,33): error TS2339: Property 'pageType' does not exist on type 'Object'.
static/src/javascripts/bootstraps/enhanced/football.ts(160,36): error TS2339: Property 'isLive' does not exist on type 'Object'.
static/src/javascripts/bootstraps/enhanced/football.ts(167,50): error TS2339: Property 'matchSummary' does not exist on type 'Object'.
static/src/javascripts/bootstraps/enhanced/football.ts(173,26): error TS2339: Property 'hasStarted' does not exist on type 'Object'.
static/src/javascripts/bootstraps/enhanced/football.ts(211,30): error TS2339: Property 'group' does not exist on type 'Object'.
static/src/javascripts/bootstraps/enhanced/football.ts(212,60): error TS2339: Property 'group' does not exist on type 'Object'.
static/src/javascripts/bootstraps/enhanced/football.ts(222,55): error TS2339: Property 'matchDate' does not exist on type 'Object'.
static/src/javascripts/bootstraps/enhanced/football.ts(260,13): error TS2554: Expected 1 arguments, but got 0.
static/src/javascripts/bootstraps/enhanced/football.ts(267,15): error TS2339: Property 'css' does not exist on type '"<div class=\"football-matches__container\"\n                  data-link-name=\"football-matches-clockwatch\"></div>\n            "'.
static/src/javascripts/bootstraps/enhanced/identity-common.ts(22,5): error TS2554: Expected 2 arguments, but got 1.
static/src/javascripts/bootstraps/enhanced/liveblog.ts(19,21): error TS2339: Property 'includes' does not exist on type 'unknown'.
static/src/javascripts/bootstraps/enhanced/liveblog.ts(20,21): error TS2339: Property 'includes' does not exist on type 'unknown'.
static/src/javascripts/bootstraps/enhanced/liveblog.ts(47,5): error TS2554: Expected 2 arguments, but got 1.
static/src/javascripts/bootstraps/enhanced/liveblog.ts(57,5): error TS2554: Expected 2 arguments, but got 1.
static/src/javascripts/bootstraps/enhanced/main.ts(30,5): error TS2554: Expected 2 arguments, but got 1.
static/src/javascripts/bootstraps/enhanced/main.ts(46,17): error TS2554: Expected 2 arguments, but got 1.
static/src/javascripts/bootstraps/enhanced/main.ts(75,13): error TS2554: Expected 2 arguments, but got 1.
static/src/javascripts/bootstraps/enhanced/main.ts(383,13): error TS2554: Expected 2 arguments, but got 1.
static/src/javascripts/bootstraps/enhanced/media-player.ts(200,29): error TS2794: Expected 1 arguments, but got 0. Did you forget to include 'void' in your type argument to 'Promise'?
static/src/javascripts/bootstraps/enhanced/newsletters.ts(145,17): error TS2554: Expected 2 arguments, but got 1.
static/src/javascripts/bootstraps/enhanced/newsletters.ts(153,9): error TS2554: Expected 1 arguments, but got 0.
static/src/javascripts/bootstraps/enhanced/preferences.tsx(9,10): error TS2339: Property 'state' does not exist on type 'SummaryTagsList'.
static/src/javascripts/bootstraps/enhanced/preferences.tsx(16,10): error TS2339: Property 'setState' does not exist on type 'SummaryTagsList'.
static/src/javascripts/bootstraps/enhanced/preferences.tsx(23,30): error TS2339: Property 'state' does not exist on type 'SummaryTagsList'.
static/src/javascripts/bootstraps/enhanced/preferences.tsx(47,10): error TS2339: Property 'state' does not exist on type 'SummaryTagsSettings'.
static/src/javascripts/bootstraps/enhanced/preferences.tsx(53,29): error TS2339: Property 'state' does not exist on type 'SummaryTagsSettings'.
static/src/javascripts/bootstraps/enhanced/preferences.tsx(55,10): error TS2339: Property 'setState' does not exist on type 'SummaryTagsSettings'.
static/src/javascripts/bootstraps/enhanced/preferences.tsx(62,31): error TS2339: Property 'state' does not exist on type 'SummaryTagsSettings'.
static/src/javascripts/bootstraps/enhanced/preferences.tsx(70,23): error TS2339: Property 'state' does not exist on type 'SummaryTagsSettings'.
static/src/javascripts/bootstraps/enhanced/preferences.tsx(70,40): error TS2786: 'SummaryTagsList' cannot be used as a JSX component.
  Its instance type 'SummaryTagsList' is not a valid JSX element.
    Type 'SummaryTagsList' is missing the following properties from type 'ElementClass': context, setState, forceUpdate, props, and 2 more.
static/src/javascripts/bootstraps/enhanced/preferences.tsx(82,13): error TS2786: 'SummaryTagsSettings' cannot be used as a JSX component.
  Its instance type 'SummaryTagsSettings' is not a valid JSX element.
    Type 'SummaryTagsSettings' is missing the following properties from type 'ElementClass': context, setState, forceUpdate, props, and 2 more.
static/src/javascripts/bootstraps/enhanced/profile.ts(32,38): error TS2345: Argument of type 'Element' is not assignable to parameter of type 'HTMLElement'.
static/src/javascripts/bootstraps/enhanced/profile.ts(34,27): error TS2345: Argument of type 'Element' is not assignable to parameter of type 'HTMLElement'.
static/src/javascripts/bootstraps/enhanced/profile.ts(70,5): error TS2554: Expected 2 arguments, but got 1.
static/src/javascripts/bootstraps/enhanced/sport.ts(68,41): error TS2345: Argument of type 'unknown' is not assignable to parameter of type 'string | number | boolean'.
  Type 'unknown' is not assignable to type 'true'.
static/src/javascripts/bootstraps/enhanced/sport.ts(71,13): error TS2322: Type 'string' is not assignable to type 'PageTypes'.
static/src/javascripts/bootstraps/enhanced/sport.ts(73,13): error TS2322: Type 'unknown' is not assignable to type 'boolean'.
static/src/javascripts/bootstraps/enhanced/sport.ts(93,27): error TS2339: Property 'nav' does not exist on type 'Object'.
static/src/javascripts/bootstraps/enhanced/sport.ts(103,40): error TS2339: Property 'scoreEvents' does not exist on type 'Object'.
static/src/javascripts/bootstraps/enhanced/sport.ts(107,35): error TS2339: Property 'dropdown' does not exist on type 'Object'.
static/src/javascripts/bootstraps/enhanced/sport.ts(130,22): error TS2339: Property 'matchStat' does not exist on type 'Object'.
static/src/javascripts/bootstraps/enhanced/sport.ts(132,80): error TS2339: Property 'matchStat' does not exist on type 'Object'.
static/src/javascripts/bootstraps/enhanced/sport.ts(150,22): error TS2339: Property 'groupTable' does not exist on type 'Object'.
static/src/javascripts/bootstraps/enhanced/sport.ts(152,98): error TS2339: Property 'groupTable' does not exist on type 'Object'.
static/src/javascripts/bootstraps/enhanced/trail.ts(22,9): error TS2339: Property 'showRelatedContent' does not exist on type '{}'.
static/src/javascripts/bootstraps/enhanced/trail.ts(23,9): error TS2339: Property 'isPaidContent' does not exist on type '{}'.
static/src/javascripts/bootstraps/enhanced/trail.ts(24,9): error TS2339: Property 'section' does not exist on type '{}'.
static/src/javascripts/bootstraps/enhanced/trail.ts(25,9): error TS2339: Property 'shortUrl' does not exist on type '{}'.
static/src/javascripts/bootstraps/enhanced/trail.ts(26,9): error TS2339: Property 'seriesId' does not exist on type '{}'.
static/src/javascripts/bootstraps/enhanced/trail.ts(42,44): error TS2339: Property 'toLowerCase' does not exist on type 'unknown'.
static/src/javascripts/bootstraps/enhanced/trail.ts(84,34): error TS2361: The right-hand side of an 'in' expression must be of type 'any', an object type or a type parameter.
static/src/javascripts/bootstraps/enhanced/trail.ts(86,56): error TS2339: Property 'toLowerCase' does not exist on type 'unknown'.
static/src/javascripts/bootstraps/enhanced/trail.ts(157,53): error TS2345: Argument of type 'Element' is not assignable to parameter of type 'HTMLElement'.
static/src/javascripts/bootstraps/enhanced/trail.ts(180,5): error TS2554: Expected 2 arguments, but got 1.
static/src/javascripts/bootstraps/enhanced/video-player.ts(13,35): error TS2339: Property 'isEmbed' does not exist on type '{ automat?: Automat; }'.
static/src/javascripts/bootstraps/enhanced/video-player.ts(16,13): error TS2339: Property 'canonicalUrl' does not exist on type 'Object'.
static/src/javascripts/bootstraps/enhanced/video-player.ts(17,13): error TS2339: Property 'embedPath' does not exist on type 'Object'.
static/src/javascripts/bootstraps/enhanced/youtube.ts(4,5): error TS2554: Expected 1 arguments, but got 0.
static/src/javascripts/bootstraps/standard/atoms.ts(2,26): error TS2307: Cannot find module 'projects/atoms/services' or its corresponding type declarations.
static/src/javascripts/bootstraps/standard/atoms.ts(4,38): error TS2304: Cannot find name 'AtomMaker'.
static/src/javascripts/bootstraps/standard/atoms.ts(4,62): error TS2304: Cannot find name 'AtomType'.
static/src/javascripts/bootstraps/standard/atoms.ts(18,13): error TS2304: Cannot find name 'requestIdleCallback'.
static/src/javascripts/bootstraps/standard/atoms.ts(29,12): error TS2488: Type 'NodeListOf<Element>' must have a '[Symbol.iterator]()' method that returns an iterator.
static/src/javascripts/bootstraps/standard/atoms.ts(36,52): error TS2339: Property 'name' does not exist on type 'MessageEventSource'.
  Property 'name' does not exist on type 'MessagePort'.
static/src/javascripts/bootstraps/standard/emailEmbeds.ts(9,47): error TS2339: Property 'location' does not exist on type 'MessageEventSource'.
  Property 'location' does not exist on type 'MessagePort'.
static/src/javascripts/bootstraps/standard/main.ts(45,21): error TS2339: Property 'adtest' does not exist on type 'Object'.
static/src/javascripts/bootstraps/standard/main.ts(47,28): error TS2339: Property 'adtest' does not exist on type 'Object'.
static/src/javascripts/bootstraps/standard/main.ts(48,60): error TS2339: Property 'adtest' does not exist on type 'Object'.
static/src/javascripts/bootstraps/standard/main.ts(74,13): error TS2339: Property 'membershipUrl' does not exist on type '{}'.
static/src/javascripts/bootstraps/standard/main.ts(74,28): error TS2339: Property 'membershipAccess' does not exist on type '{}'.
static/src/javascripts/bootstraps/standard/main.ts(74,46): error TS2339: Property 'contentId' does not exist on type '{}'.
static/src/javascripts/bootstraps/standard/main.ts(87,22): error TS2339: Property 'tier' does not exist on type 'Object'.
static/src/javascripts/bootstraps/standard/main.ts(87,35): error TS2339: Property 'isPaidTier' does not exist on type 'Object'.
static/src/javascripts/bootstraps/standard/main.ts(88,22): error TS2339: Property 'tier' does not exist on type 'Object'.
static/src/javascripts/bootstraps/standard/main.ts(155,30): error TS2339: Property 'reported' does not exist on type 'Error'.
static/src/javascripts/bootstraps/standard/main.ts(156,38): error TS2304: Cannot find name 'arguments'.
static/src/javascripts/bootstraps/standard/main.ts(163,29): error TS2339: Property 'detail' does not exist on type 'Event'.
static/src/javascripts/bootstraps/standard/main.ts(174,5): error TS2554: Expected 2 arguments, but got 1.
static/src/javascripts/bootstraps/standard/main.ts(229,25): error TS2339: Property 'isEnhanced' does not exist on type '{ automat?: Automat; }'.
static/src/javascripts/bootstraps/standard/main.ts(232,35): error TS2345: Argument of type 'number' is not assignable to parameter of type 'string'.
static/src/javascripts/bootstraps/standard/main.ts(279,5): error TS2554: Expected 2 arguments, but got 1.
static/src/javascripts/lib/__mocks__/storage.ts(56,30): error TS2339: Property 'expires' does not exist on type 'Object'.
static/src/javascripts/lib/a9-apstag.ts(3,1): error TS1208: 'a9-apstag.ts' cannot be compiled under '--isolatedModules' because it is considered a global script file. Add an import, export, or an empty 'export {}' statement to make it a module.
static/src/javascripts/lib/a9-apstag.ts(3,2): error TS1345: An expression of type 'void' cannot be tested for truthiness.
static/src/javascripts/lib/ajax.ts(11,18): error TS2339: Property 'url' does not exist on type 'Object'.
static/src/javascripts/lib/ajax.ts(12,17): error TS2339: Property 'url' does not exist on type 'Object'.
static/src/javascripts/lib/ajax.ts(12,42): error TS2339: Property 'url' does not exist on type 'Object'.
static/src/javascripts/lib/ajax.ts(13,17): error TS2339: Property 'crossOrigin' does not exist on type 'Object'.
static/src/javascripts/lib/ajax.ts(20,13): error TS2769: No overload matches this call.
  Overload 1 of 4, '(options: RavenOptions, func: Function): Function', gave the following error.
    Argument of type '{ deep: boolean; }' is not assignable to parameter of type 'RavenOptions'.
      Object literal may only specify known properties, and 'deep' does not exist in type 'RavenOptions'.
  Overload 2 of 4, '(options: RavenOptions, func: any): any', gave the following error.
    Argument of type '{ deep: boolean; }' is not assignable to parameter of type 'RavenOptions'.
      Object literal may only specify known properties, and 'deep' does not exist in type 'RavenOptions'.
static/src/javascripts/lib/capture-ophan-info.ts(37,30): error TS2345: Argument of type 'number' is not assignable to parameter of type 'string'.
static/src/javascripts/lib/comready.ts(24,9): error TS2554: Expected 1 arguments, but got 0.
static/src/javascripts/lib/config.spec.ts(3,31): error TS2339: Property 'config' does not exist on type '{ automat?: Automat; }'.
static/src/javascripts/lib/config.ts(6,40): error TS2339: Property 'config' does not exist on type '{ automat?: Automat; }'.
static/src/javascripts/lib/cookies.spec.ts(17,1): error TS2739: Type 'Mock<Date, []>' is missing the following properties from type 'DateConstructor': parse, UTC, now
static/src/javascripts/lib/cookies.spec.ts(80,9): error TS2554: Expected 3-4 arguments, but got 2.
static/src/javascripts/lib/cookies.ts(10,25): error TS2741: Property 'isCrossSubdomain' is missing in type '{}' but required in type '{ isCrossSubdomain: boolean; }'.
static/src/javascripts/lib/cookies.ts(27,29): error TS2741: Property 'isCrossSubdomain' is missing in type '{}' but required in type '{ isCrossSubdomain: boolean; }'.
static/src/javascripts/lib/detect.ts(88,14): error TS2339: Property 'webkitVisibilityState' does not exist on type 'Document'.
static/src/javascripts/lib/detect.ts(89,14): error TS2339: Property 'mozVisibilityState' does not exist on type 'Document'.
static/src/javascripts/lib/detect.ts(90,14): error TS2551: Property 'msVisibilityState' does not exist on type 'Document'. Did you mean 'visibilityState'?
static/src/javascripts/lib/detect.ts(135,53): error TS2345: Argument of type 'string' is not assignable to parameter of type 'BreakpointName'.
static/src/javascripts/lib/detect.ts(145,9): error TS2719: Type 'MediaQueryList' is not assignable to type 'MediaQueryList'. Two different types with this name exist, but they are unrelated.
  Types of property 'onchange' are incompatible.
    Type '(this: MediaQueryList, ev: MediaQueryListEvent) => any' is not assignable to type '(callback: (event: MediaQueryListEvent) => void) => void'.
      Types of parameters 'ev' and 'callback' are incompatible.
        Type '(event: MediaQueryListEvent) => void' is missing the following properties from type 'MediaQueryListEvent': matches, media, bubbles, cancelBubble, and 20 more.
static/src/javascripts/lib/detect.ts(157,32): error TS2345: Argument of type '(mql: MediaQueryList) => void' is not assignable to parameter of type '(event: MediaQueryListEvent) => void'.
  Types of parameters 'mql' and 'event' are incompatible.
    Type 'MediaQueryListEvent' is missing the following properties from type 'MediaQueryList': onchange, addListener, removeListener
static/src/javascripts/lib/detect.ts(196,31): error TS2339: Property 'min' does not exist on type 'Object'.
static/src/javascripts/lib/detect.ts(196,70): error TS2339: Property 'min' does not exist on type 'Object'.
static/src/javascripts/lib/detect.ts(197,31): error TS2339: Property 'max' does not exist on type 'Object'.
static/src/javascripts/lib/detect.ts(198,44): error TS2339: Property 'max' does not exist on type 'Object'.
static/src/javascripts/lib/detect.ts(230,13): error TS2339: Property 'DocumentTouch' does not exist on type 'Window & typeof globalThis'.
static/src/javascripts/lib/detect.ts(230,57): error TS2339: Property 'DocumentTouch' does not exist on type 'Window & typeof globalThis'.
static/src/javascripts/lib/detect.ts(274,18): error TS2339: Property 'addEventListener' does not exist on type 'never'.
static/src/javascripts/lib/detect.ts(277,16): error TS2551: Property 'onfocusout' does not exist on type 'Window & typeof globalThis'. Did you mean 'onmouseout'?
static/src/javascripts/lib/detect.ts(278,16): error TS2551: Property 'onfocusin' does not exist on type 'Window & typeof globalThis'. Did you mean 'onfocus'?
static/src/javascripts/lib/detect.ts(290,51): error TS2339: Property 'isEnhanced' does not exist on type '{ automat?: Automat; }'.
static/src/javascripts/lib/detect.ts(297,29): error TS2339: Property 'adBlockers' does not exist on type '{ automat?: Automat; }'.
static/src/javascripts/lib/detect.ts(299,37): error TS2339: Property 'adBlockers' does not exist on type '{ automat?: Automat; }'.
static/src/javascripts/lib/detect.ts(302,29): error TS2339: Property 'adBlockers' does not exist on type '{ automat?: Automat; }'.
static/src/javascripts/lib/detect.ts(307,7): error TS2322: Type 'Promise<unknown>' is not assignable to type 'Promise<boolean>'.
  Type 'unknown' is not assignable to type 'boolean'.
static/src/javascripts/lib/dynamic-import-init.ts(10,16): error TS2339: Property 'guardianPolyfilledImport' does not exist on type 'Window & typeof globalThis'.
static/src/javascripts/lib/dynamic-import-init.ts(29,16): error TS2339: Property 'guardianPolyfilledImport' does not exist on type 'Window & typeof globalThis'.
static/src/javascripts/lib/dynamic-import-init.ts(33,12): error TS2339: Property 'guardianPolyfilledImport' does not exist on type 'Window & typeof globalThis'.
static/src/javascripts/lib/dynamic-import-init.ts(38,25): error TS2339: Property 'supportsModules' does not exist on type '{ automat?: Automat; }'.
static/src/javascripts/lib/easing.spec.ts(94,9): error TS2322: Type 'Mock<Date, []>' is not assignable to type 'DateConstructor'.
static/src/javascripts/lib/easing.spec.ts(99,9): error TS2322: Type 'Mock<Date, []>' is not assignable to type 'DateConstructor'.
static/src/javascripts/lib/easing.spec.ts(100,37): error TS2695: Left side of comma operator is unused and has no side effects.
static/src/javascripts/lib/easing.spec.ts(100,37): error TS2695: Left side of comma operator is unused and has no side effects.
static/src/javascripts/lib/easing.spec.ts(100,37): error TS2695: Left side of comma operator is unused and has no side effects.
static/src/javascripts/lib/easing.spec.ts(100,37): error TS2695: Left side of comma operator is unused and has no side effects.
static/src/javascripts/lib/easing.spec.ts(100,37): error TS2695: Left side of comma operator is unused and has no side effects.
static/src/javascripts/lib/easing.spec.ts(100,37): error TS2695: Left side of comma operator is unused and has no side effects.
static/src/javascripts/lib/easing.ts(64,25): error TS2362: The left-hand side of an arithmetic operation must be of type 'any', 'number', 'bigint' or an enum type.
static/src/javascripts/lib/easing.ts(64,38): error TS2363: The right-hand side of an arithmetic operation must be of type 'any', 'number', 'bigint' or an enum type.
static/src/javascripts/lib/events.ts(22,7): error TS2339: Property 'passive' does not exist on type 'Object'.
static/src/javascripts/lib/events.ts(22,24): error TS2339: Property 'capture' does not exist on type 'Object'.
static/src/javascripts/lib/events.ts(22,41): error TS2339: Property 'once' does not exist on type 'Object'.
static/src/javascripts/lib/fetch-json.spec.ts(8,23): error TS2349: This expression is not callable.
  Type '{ ensure(ids: string[], callback?: {}, chunkName?: string): void; resolve: (id: string) => string; cache: any; main: NodeModule; }' has no call signatures.
static/src/javascripts/lib/fetch-json.ts(6,11): error TS2304: Cannot find name 'RequestOptions'.
static/src/javascripts/lib/fetch.spec.ts(6,16): error TS2304: Cannot find name 'JestMockFn'.
static/src/javascripts/lib/fetch.spec.ts(20,16): error TS2554: Expected 2 arguments, but got 1.
static/src/javascripts/lib/fetch.spec.ts(35,16): error TS2554: Expected 2 arguments, but got 1.
static/src/javascripts/lib/fetch.spec.ts(57,16): error TS2554: Expected 2 arguments, but got 1.
static/src/javascripts/lib/fetch.spec.ts(80,16): error TS2554: Expected 2 arguments, but got 1.
static/src/javascripts/lib/fetch.spec.ts(97,16): error TS2554: Expected 2 arguments, but got 1.
static/src/javascripts/lib/fetch.spec.ts(119,16): error TS2554: Expected 2 arguments, but got 1.
static/src/javascripts/lib/fetch.ts(47,28): error TS2339: Property 'mode' does not exist on type 'Object'.
static/src/javascripts/lib/fetch.ts(49,28): error TS2339: Property 'credentials' does not exist on type 'Object'.
static/src/javascripts/lib/fetch.ts(50,29): error TS2339: Property 'credentials' does not exist on type 'Object'.
static/src/javascripts/lib/fetch.ts(55,25): error TS2339: Property 'method' does not exist on type 'Object'.
static/src/javascripts/lib/fetch.ts(57,26): error TS2339: Property 'headers' does not exist on type 'Object'.
static/src/javascripts/lib/fetch.ts(58,23): error TS2339: Property 'body' does not exist on type 'Object'.
static/src/javascripts/lib/fetch.ts(65,27): error TS2339: Property 'responseText' does not exist on type 'Object'.
static/src/javascripts/lib/fetch.ts(76,26): error TS2339: Property 'status' does not exist on type 'Object'.
static/src/javascripts/lib/fetch.ts(77,22): error TS2339: Property 'status' does not exist on type 'Object'.
static/src/javascripts/lib/fetch.ts(77,48): error TS2339: Property 'status' does not exist on type 'Object'.
static/src/javascripts/lib/fetch.ts(78,30): error TS2339: Property 'statusText' does not exist on type 'Object'.
static/src/javascripts/lib/fetch.ts(79,23): error TS2339: Property 'responseURL' does not exist on type 'Object'.
static/src/javascripts/lib/formatters.ts(6,26): error TS2345: Argument of type 'string | number' is not assignable to parameter of type 'string'.
  Type 'number' is not assignable to type 'string'.
static/src/javascripts/lib/formInlineLabels.ts(24,31): error TS2339: Property 'textInputClass' does not exist on type 'Object'.
static/src/javascripts/lib/formInlineLabels.ts(25,31): error TS2339: Property 'labelClass' does not exist on type 'Object'.
static/src/javascripts/lib/formInlineLabels.ts(26,17): error TS2339: Property 'hiddenLabelClass' does not exist on type 'Object'.
static/src/javascripts/lib/formInlineLabels.ts(26,35): error TS2339: Property 'labelEnabledClass' does not exist on type 'Object'.
static/src/javascripts/lib/fsm.ts(45,32): error TS2339: Property 'context' does not exist on type 'Object'.
static/src/javascripts/lib/fsm.ts(46,31): error TS2339: Property 'states' does not exist on type 'Object'.
static/src/javascripts/lib/fsm.ts(47,22): error TS2339: Property 'state' does not exist on type 'Object'.
static/src/javascripts/lib/fsm.ts(47,38): error TS2339: Property 'initial' does not exist on type 'Object'.
static/src/javascripts/lib/fsm.ts(48,30): error TS2339: Property 'debug' does not exist on type 'Object'.
static/src/javascripts/lib/fsm.ts(50,21): error TS2339: Property 'onChangeState' does not exist on type 'Object'.
static/src/javascripts/lib/fsm.ts(62,36): error TS2339: Property 'state' does not exist on type 'Object'.
static/src/javascripts/lib/fsm.ts(66,36): error TS2339: Property 'state' does not exist on type 'Object'.
static/src/javascripts/lib/fsm.ts(66,58): error TS2339: Property 'reloadState' does not exist on type 'Object'.
static/src/javascripts/lib/fsm.ts(67,26): error TS2339: Property 'reloadState' does not exist on type 'Object'.
static/src/javascripts/lib/fsm.ts(68,52): error TS2339: Property 'state' does not exist on type 'Object'.
static/src/javascripts/lib/fsm.ts(70,39): error TS2339: Property 'state' does not exist on type 'Object'.
static/src/javascripts/lib/fsm.ts(72,66): error TS2339: Property 'state' does not exist on type 'Object'.
static/src/javascripts/lib/geolocation.ts(58,30): error TS2345: Argument of type 'unknown' is not assignable to parameter of type 'string'.
static/src/javascripts/lib/geolocation.ts(97,5): error TS1170: A computed property name in a type literal must refer to an expression whose type is a literal type or a 'unique symbol' type.
static/src/javascripts/lib/geolocation.ts(97,6): error TS2690: 'CountryGroupId' only refers to a type, but is being used as a value here. Did you mean to use 'K in CountryGroupId'?
static/src/javascripts/lib/geolocation.ts(415,46): error TS8020: JSDoc types can only be used inside documentation comments.
static/src/javascripts/lib/geolocation.ts(482,38): error TS8020: JSDoc types can only be used inside documentation comments.
static/src/javascripts/lib/geolocation.ts(482,48): error TS8020: JSDoc types can only be used inside documentation comments.
static/src/javascripts/lib/launchpad.ts(9,7): error TS2339: Property 'GlobalSnowplowNamespace' does not exist on type 'Window & typeof globalThis'.
static/src/javascripts/lib/launchpad.ts(9,35): error TS2339: Property 'GlobalSnowplowNamespace' does not exist on type 'Window & typeof globalThis'.
static/src/javascripts/lib/launchpad.ts(10,7): error TS2339: Property 'GlobalSnowplowNamespace' does not exist on type 'Window & typeof globalThis'.
static/src/javascripts/lib/load-css-promise.ts(2,25): error TS2339: Property 'css' does not exist on type '{ automat?: Automat; }'.
static/src/javascripts/lib/load-css-promise.ts(4,9): error TS2794: Expected 1 arguments, but got 0. Did you forget to include 'void' in your type argument to 'Promise'?
static/src/javascripts/lib/load-css-promise.ts(7,25): error TS2339: Property 'css' does not exist on type '{ automat?: Automat; }'.
static/src/javascripts/lib/page.spec.ts(44,16): error TS2339: Property 'page' does not exist on type '{ get: (path?: string, defaultValue?: unknown) => unknown; set: (path: string, value: any) => void; hasTone: (name: string) => boolean; hasSeries: (name: string) => boolean; referencesOfType: (name: string) => string[]; referenceOfType: (name: string) => string; webPublicationDateAsUrlPart: () => string; dateFromSlu...'.
static/src/javascripts/lib/page.spec.ts(45,9): error TS2322: Type 'Mock<number[], []>' is not assignable to type '(name: string) => string[]'.
  Type 'number[]' is not assignable to type 'string[]'.
    Type 'number' is not assignable to type 'string'.
static/src/javascripts/lib/page.spec.ts(47,9): error TS2554: Expected 2 arguments, but got 1.
static/src/javascripts/lib/page.spec.ts(60,9): error TS2322: Type 'Mock<number[], []>' is not assignable to type '(name: string) => string[]'.
static/src/javascripts/lib/page.spec.ts(61,16): error TS2339: Property 'page' does not exist on type '{ get: (path?: string, defaultValue?: unknown) => unknown; set: (path: string, value: any) => void; hasTone: (name: string) => boolean; hasSeries: (name: string) => boolean; referencesOfType: (name: string) => string[]; referenceOfType: (name: string) => string; webPublicationDateAsUrlPart: () => string; dateFromSlu...'.
static/src/javascripts/lib/page.spec.ts(63,9): error TS2554: Expected 2 arguments, but got 1.
static/src/javascripts/lib/page.spec.ts(76,9): error TS2322: Type 'Mock<number[], []>' is not assignable to type '(name: string) => string[]'.
static/src/javascripts/lib/page.spec.ts(77,16): error TS2339: Property 'page' does not exist on type '{ get: (path?: string, defaultValue?: unknown) => unknown; set: (path: string, value: any) => void; hasTone: (name: string) => boolean; hasSeries: (name: string) => boolean; referencesOfType: (name: string) => string[]; referenceOfType: (name: string) => string; webPublicationDateAsUrlPart: () => string; dateFromSlu...'.
static/src/javascripts/lib/page.spec.ts(78,16): error TS2339: Property 'page' does not exist on type '{ get: (path?: string, defaultValue?: unknown) => unknown; set: (path: string, value: any) => void; hasTone: (name: string) => boolean; hasSeries: (name: string) => boolean; referencesOfType: (name: string) => string[]; referenceOfType: (name: string) => string; webPublicationDateAsUrlPart: () => string; dateFromSlu...'.
static/src/javascripts/lib/page.spec.ts(79,24): error TS2339: Property 'mockReturnValue' does not exist on type '(name: string) => boolean'.
static/src/javascripts/lib/page.spec.ts(81,9): error TS2554: Expected 2 arguments, but got 1.
static/src/javascripts/lib/page.spec.ts(94,9): error TS2322: Type 'Mock<number[], []>' is not assignable to type '(name: string) => string[]'.
static/src/javascripts/lib/page.spec.ts(95,16): error TS2339: Property 'page' does not exist on type '{ get: (path?: string, defaultValue?: unknown) => unknown; set: (path: string, value: any) => void; hasTone: (name: string) => boolean; hasSeries: (name: string) => boolean; referencesOfType: (name: string) => string[]; referenceOfType: (name: string) => string; webPublicationDateAsUrlPart: () => string; dateFromSlu...'.
static/src/javascripts/lib/page.spec.ts(97,9): error TS2554: Expected 2 arguments, but got 1.
static/src/javascripts/lib/page.spec.ts(106,16): error TS2339: Property 'page' does not exist on type '{ get: (path?: string, defaultValue?: unknown) => unknown; set: (path: string, value: any) => void; hasTone: (name: string) => boolean; hasSeries: (name: string) => boolean; referencesOfType: (name: string) => string[]; referenceOfType: (name: string) => string; webPublicationDateAsUrlPart: () => string; dateFromSlu...'.
static/src/javascripts/lib/page.spec.ts(107,26): error TS2339: Property 'mockReturnValue' does not exist on type '(name: string) => boolean'.
static/src/javascripts/lib/page.spec.ts(116,16): error TS2339: Property 'page' does not exist on type '{ get: (path?: string, defaultValue?: unknown) => unknown; set: (path: string, value: any) => void; hasTone: (name: string) => boolean; hasSeries: (name: string) => boolean; referencesOfType: (name: string) => string[]; referenceOfType: (name: string) => string; webPublicationDateAsUrlPart: () => string; dateFromSlu...'.
static/src/javascripts/lib/page.spec.ts(117,26): error TS2339: Property 'mockReturnValue' does not exist on type '(name: string) => boolean'.
static/src/javascripts/lib/page.spec.ts(128,16): error TS2339: Property 'page' does not exist on type '{ get: (path?: string, defaultValue?: unknown) => unknown; set: (path: string, value: any) => void; hasTone: (name: string) => boolean; hasSeries: (name: string) => boolean; referencesOfType: (name: string) => string[]; referenceOfType: (name: string) => string; webPublicationDateAsUrlPart: () => string; dateFromSlu...'.
static/src/javascripts/lib/page.spec.ts(129,16): error TS2339: Property 'page' does not exist on type '{ get: (path?: string, defaultValue?: unknown) => unknown; set: (path: string, value: any) => void; hasTone: (name: string) => boolean; hasSeries: (name: string) => boolean; referencesOfType: (name: string) => string[]; referenceOfType: (name: string) => string; webPublicationDateAsUrlPart: () => string; dateFromSlu...'.
static/src/javascripts/lib/page.spec.ts(138,16): error TS2339: Property 'page' does not exist on type '{ get: (path?: string, defaultValue?: unknown) => unknown; set: (path: string, value: any) => void; hasTone: (name: string) => boolean; hasSeries: (name: string) => boolean; referencesOfType: (name: string) => string[]; referenceOfType: (name: string) => string; webPublicationDateAsUrlPart: () => string; dateFromSlu...'.
static/src/javascripts/lib/page.spec.ts(139,16): error TS2339: Property 'page' does not exist on type '{ get: (path?: string, defaultValue?: unknown) => unknown; set: (path: string, value: any) => void; hasTone: (name: string) => boolean; hasSeries: (name: string) => boolean; referencesOfType: (name: string) => string[]; referenceOfType: (name: string) => string; webPublicationDateAsUrlPart: () => string; dateFromSlu...'.
static/src/javascripts/lib/page.spec.ts(149,16): error TS2339: Property 'page' does not exist on type '{ get: (path?: string, defaultValue?: unknown) => unknown; set: (path: string, value: any) => void; hasTone: (name: string) => boolean; hasSeries: (name: string) => boolean; referencesOfType: (name: string) => string[]; referenceOfType: (name: string) => string; webPublicationDateAsUrlPart: () => string; dateFromSlu...'.
static/src/javascripts/lib/page.spec.ts(155,16): error TS2339: Property 'page' does not exist on type '{ get: (path?: string, defaultValue?: unknown) => unknown; set: (path: string, value: any) => void; hasTone: (name: string) => boolean; hasSeries: (name: string) => boolean; referencesOfType: (name: string) => string[]; referenceOfType: (name: string) => string; webPublicationDateAsUrlPart: () => string; dateFromSlu...'.
static/src/javascripts/lib/page.ts(34,25): error TS2339: Property 'id' does not exist on type 'unknown'.
static/src/javascripts/lib/page.ts(46,15): error TS2339: Property 'id' does not exist on type 'unknown'.
static/src/javascripts/lib/page.ts(46,28): error TS2339: Property 'pageType' does not exist on type 'unknown'.
static/src/javascripts/lib/page.ts(46,46): error TS2339: Property 'teams' does not exist on type 'unknown'.
static/src/javascripts/lib/page.ts(62,12): error TS2554: Expected 4 arguments, but got 2.
static/src/javascripts/lib/page.ts(66,5): error TS2554: Expected 4 arguments, but got 2.
static/src/javascripts/lib/page.ts(69,24): error TS2554: Expected 4 arguments, but got 2.
static/src/javascripts/lib/page.ts(72,5): error TS2554: Expected 4 arguments, but got 2.
static/src/javascripts/lib/page.ts(84,54): error TS2339: Property 'split' does not exist on type 'unknown'.
static/src/javascripts/lib/raven.ts(5,9): error TS2339: Property 'sentryPublicApiKey' does not exist on type '{}'.
static/src/javascripts/lib/raven.ts(5,29): error TS2339: Property 'sentryHost' does not exist on type '{}'.
static/src/javascripts/lib/raven.ts(40,17): error TS2339: Property 'culprit' does not exist on type 'Object'.
static/src/javascripts/lib/raven.ts(42,58): error TS2339: Property 'culprit' does not exist on type 'Object'.
static/src/javascripts/lib/raven.ts(45,18): error TS2339: Property 'culprit' does not exist on type 'Object'.
static/src/javascripts/lib/raven.ts(48,14): error TS2339: Property 'tags' does not exist on type 'Object'.
static/src/javascripts/lib/raven.ts(54,17): error TS2339: Property 'isDev' does not exist on type '{}'.
static/src/javascripts/lib/raven.ts(56,25): error TS2339: Property 'tags' does not exist on type 'Object'.
static/src/javascripts/lib/raven.ts(56,62): error TS2339: Property 'tags' does not exist on type 'Object'.
static/src/javascripts/lib/raven.ts(57,17): error TS2339: Property 'enableSentryReporting' does not exist on type '{}'.
static/src/javascripts/lib/raven.ts(81,40): error TS2345: Argument of type '{ whitelistUrls: RegExp[]; tags: { edition: unknown; contentType: unknown; revisionNumber: unknown; }; ignoreErrors: (string | RegExp)[]; dataCallback(data: Object): Object; shouldSendCallback(data: Object): boolean; }' is not assignable to parameter of type 'RavenOptions'.
  Types of property 'tags' are incompatible.
    Type '{ edition: unknown; contentType: unknown; revisionNumber: unknown; }' is not assignable to type '{ [id: string]: string; }'.
      Property 'edition' is incompatible with index signature.
        Type 'unknown' is not assignable to type 'string'.
static/src/javascripts/lib/report-error.spec.ts(13,24): error TS2349: This expression is not callable.
  Type '{ ensure(ids: string[], callback?: {}, chunkName?: string): void; resolve: (id: string) => string; cache: any; main: NodeModule; }' has no call signatures.
static/src/javascripts/lib/report-error.ts(26,35): error TS2322: Type 'Object' is not assignable to type '{ [id: string]: string; }'.
  The 'Object' type is assignable to very few other types. Did you mean to use the 'any' type instead?
    Index signature is missing in type 'Object'.
static/src/javascripts/lib/robust.spec.ts(7,30): error TS2349: This expression is not callable.
  Type '{ ensure(ids: string[], callback?: {}, chunkName?: string): void; resolve: (id: string) => string; cache: any; main: NodeModule; }' has no call signatures.
static/src/javascripts/lib/robust.spec.ts(32,13): error TS2554: Expected 3 arguments, but got 2.
static/src/javascripts/lib/robust.spec.ts(36,13): error TS2554: Expected 3 arguments, but got 2.
static/src/javascripts/lib/robust.spec.ts(44,9): error TS2554: Expected 3 arguments, but got 2.
static/src/javascripts/lib/robust.spec.ts(48,9): error TS2554: Expected 3 arguments, but got 2.
static/src/javascripts/lib/robust.spec.ts(61,9): error TS2554: Expected 2 arguments, but got 1.
static/src/javascripts/lib/scroller.ts(40,5): error TS1016: A required parameter cannot follow an optional parameter.
static/src/javascripts/lib/time-utils.ts(12,12): error TS2365: Operator '>' cannot be applied to types 'number' and 'Date'.
static/src/javascripts/lib/url.spec.ts(52,31): error TS2345: Argument of type '{}' is not assignable to parameter of type 'string'.
static/src/javascripts/lib/url.spec.ts(58,38): error TS2339: Property 'replace' does not exist on type '{}'.
static/src/javascripts/lib/url.spec.ts(122,37): error TS2339: Property 'mockClear' does not exist on type '(data: any, title: string, url?: string) => void'.
static/src/javascripts/lib/url.spec.ts(123,34): error TS2339: Property 'mockClear' does not exist on type '(data: any, title: string, url?: string) => void'.
static/src/javascripts/lib/url.spec.ts(146,16): error TS2339: Property 'title' does not exist on type 'Window & typeof globalThis'.
static/src/javascripts/lib/url.ts(27,53): error TS2339: Property 'entries' does not exist on type 'URLSearchParams'.
static/src/javascripts/lib/url.ts(42,67): error TS2339: Property 'querystring' does not exist on type 'Object'.
static/src/javascripts/lib/url.ts(44,16): error TS2339: Property 'querystring' does not exist on type 'Object'.
static/src/javascripts/lib/url.ts(46,20): error TS2339: Property 'state' does not exist on type 'Object'.
static/src/javascripts/lib/url.ts(47,20): error TS2339: Property 'title' does not exist on type 'Object'.
static/src/javascripts/lib/url.ts(47,36): error TS2339: Property 'title' does not exist on type 'Window & typeof globalThis'.
static/src/javascripts/lib/url.ts(48,20): error TS2339: Property 'querystring' does not exist on type 'Object'.
static/src/javascripts/lib/window-performance.ts(3,12): error TS2551: Property 'msPerformance' does not exist on type 'Window & typeof globalThis'. Did you mean 'performance'?
static/src/javascripts/lib/window-performance.ts(4,12): error TS2339: Property 'webkitPerformance' does not exist on type 'Window & typeof globalThis'.
static/src/javascripts/lib/window-performance.ts(5,12): error TS2339: Property 'mozPerformance' does not exist on type 'Window & typeof globalThis'.
static/src/javascripts/projects/admin/bootstraps/abtests.ts(10,21): error TS2304: Cannot find name 'ABTest'.
static/src/javascripts/projects/admin/bootstraps/abtests.ts(66,29): error TS2339: Property 'style' does not exist on type 'Element'.
static/src/javascripts/projects/admin/bootstraps/abtests.ts(74,29): error TS2339: Property 'style' does not exist on type 'Element'.
static/src/javascripts/projects/admin/bootstraps/abtests.ts(83,21): error TS2339: Property 'style' does not exist on type 'Element'.
static/src/javascripts/projects/admin/bootstraps/drama.ts(7,21): error TS2339: Property 'innerText' does not exist on type 'Element'.
static/src/javascripts/projects/admin/bootstraps/drama.ts(12,25): error TS2339: Property 'innerText' does not exist on type 'Element'.
static/src/javascripts/projects/admin/bootstraps/drama.ts(14,21): error TS2794: Expected 1 arguments, but got 0. Did you forget to include 'void' in your type argument to 'Promise'?
static/src/javascripts/projects/admin/bootstraps/drama.ts(26,25): error TS2339: Property 'innerText' does not exist on type 'Element'.
static/src/javascripts/projects/admin/bootstraps/drama.ts(34,29): error TS2339: Property 'innerText' does not exist on type 'Element'.
static/src/javascripts/projects/admin/bootstraps/drama.ts(35,21): error TS2794: Expected 1 arguments, but got 0. Did you forget to include 'void' in your type argument to 'Promise'?
static/src/javascripts/projects/admin/bootstraps/drama.ts(106,5): error TS2322: Type 'Promise<unknown>' is not assignable to type 'Promise<void>'.
static/src/javascripts/projects/admin/bootstraps/drama.ts(202,40): error TS2339: Property 'submit' does not exist on type 'Element'.
static/src/javascripts/projects/admin/bootstraps/drama.ts(214,15): error TS2345: Argument of type 'Element' is not assignable to parameter of type 'HTMLFormElement'.
  Type 'Element' is missing the following properties from type 'HTMLFormElement': acceptCharset, action, autocomplete, elements, and 122 more.
static/src/javascripts/projects/admin/bootstraps/radiator.ts(120,34): error TS2339: Property 'dateTime' does not exist on type 'unknown'.
static/src/javascripts/projects/admin/bootstraps/radiator.ts(157,20): error TS2339: Property 'google' does not exist on type 'Window & typeof globalThis'.
static/src/javascripts/projects/admin/bootstraps/radiator.ts(159,23): error TS2339: Property 'google' does not exist on type 'Window & typeof globalThis'.
static/src/javascripts/projects/admin/modules/abtests/abtest-report-item.ts(11,34): error TS1093: Type annotation cannot appear on a constructor declaration.
static/src/javascripts/projects/admin/modules/abtests/abtest-report-item.ts(23,20): error TS2339: Property 'abCharts' does not exist on type 'Window & typeof globalThis'.
static/src/javascripts/projects/admin/modules/abtests/abtest-report-item.ts(24,33): error TS2339: Property 'abCharts' does not exist on type 'Window & typeof globalThis'.
static/src/javascripts/projects/admin/modules/abtests/abtest-report-item.ts(24,59): error TS2339: Property 'test' does not exist on type 'Object'.
static/src/javascripts/projects/admin/modules/abtests/abtest-report-item.ts(44,48): error TS2339: Property 'active' does not exist on type 'Object'.
static/src/javascripts/projects/admin/modules/abtests/abtest-report-item.ts(49,44): error TS2339: Property 'test' does not exist on type 'Object'.
static/src/javascripts/projects/admin/modules/abtests/abtest-report-item.ts(49,64): error TS2339: Property 'test' does not exist on type 'Object'.
static/src/javascripts/projects/admin/modules/abtests/abtest-report-item.ts(54,20): error TS2339: Property 'abSwitches' does not exist on type 'Window & typeof globalThis'.
static/src/javascripts/projects/admin/modules/abtests/abtest-report-item.ts(54,48): error TS2339: Property 'test' does not exist on type 'Object'.
static/src/javascripts/projects/admin/modules/abtests/abtest-report-item.ts(71,37): error TS2339: Property 'test' does not exist on type 'Object'.
static/src/javascripts/projects/admin/modules/abtests/abtest-report-item.ts(71,52): error TS2363: The right-hand side of an arithmetic operation must be of type 'any', 'number', 'bigint' or an enum type.
static/src/javascripts/projects/admin/modules/abtests/abtest-report-item.ts(73,147): error TS2339: Property 'test' does not exist on type 'Object'.
static/src/javascripts/projects/admin/modules/abtests/abtest-report-item.ts(74,90): error TS2339: Property 'test' does not exist on type 'Object'.
static/src/javascripts/projects/admin/modules/abtests/abtest-report-item.ts(77,60): error TS2339: Property 'test' does not exist on type 'Object'.
static/src/javascripts/projects/admin/modules/abtests/abtest-report-item.ts(81,53): error TS2339: Property 'test' does not exist on type 'Object'.
static/src/javascripts/projects/admin/modules/abtests/abtest-report-item.ts(91,63): error TS2339: Property 'test' does not exist on type 'Object'.
static/src/javascripts/projects/admin/modules/abtests/abtest-report-item.ts(96,29): error TS2339: Property 'test' does not exist on type 'Object'.
static/src/javascripts/projects/admin/modules/abtests/abtest-report-item.ts(102,29): error TS2339: Property 'test' does not exist on type 'Object'.
static/src/javascripts/projects/admin/modules/abtests/abtest-report-item.ts(115,59): error TS2339: Property 'test' does not exist on type 'Object'.
static/src/javascripts/projects/admin/modules/abtests/abtest-report-item.ts(120,35): error TS2339: Property 'test' does not exist on type 'Object'.
static/src/javascripts/projects/admin/modules/abtests/abtest-report-item.ts(129,24): error TS2339: Property 'google' does not exist on type 'Window & typeof globalThis'.
static/src/javascripts/projects/admin/modules/abtests/abtest-report-item.ts(132,24): error TS2339: Property 'google' does not exist on type 'Window & typeof globalThis'.
static/src/javascripts/projects/admin/modules/abtests/abtest-report-item.ts(132,73): error TS2339: Property 'data' does not exist on type 'Object'.
static/src/javascripts/projects/admin/modules/abtests/abtest-report-item.ts(134,40): error TS2339: Property 'colors' does not exist on type 'Object'.
static/src/javascripts/projects/admin/modules/abtests/audience-item.ts(9,34): error TS1093: Type annotation cannot appear on a constructor declaration.
static/src/javascripts/projects/admin/modules/abtests/audience-item.ts(30,50): error TS2339: Property 'test' does not exist on type 'Object'.
static/src/javascripts/projects/admin/modules/abtests/audience-item.ts(34,38): error TS2339: Property 'test' does not exist on type 'Object'.
static/src/javascripts/projects/admin/modules/abtests/audience-item.ts(35,44): error TS2339: Property 'test' does not exist on type 'Object'.
static/src/javascripts/projects/admin/modules/abtests/audience-item.ts(44,51): error TS2339: Property 'test' does not exist on type 'Object'.
static/src/javascripts/projects/admin/modules/abtests/audience.ts(9,34): error TS1093: Type annotation cannot appear on a constructor declaration.
static/src/javascripts/projects/admin/modules/abtests/audience.ts(26,21): error TS2339: Property 'tests' does not exist on type 'Object'.
static/src/javascripts/projects/admin/modules/abtests/participation-item.ts(8,34): error TS1093: Type annotation cannot appear on a constructor declaration.
static/src/javascripts/projects/admin/modules/abtests/participation-item.ts(29,37): error TS2339: Property 'examplePath' does not exist on type 'Object'.
static/src/javascripts/projects/admin/modules/abtests/participation-item.ts(29,64): error TS2339: Property 'variant' does not exist on type 'Object'.
static/src/javascripts/projects/admin/modules/abtests/participation-item.ts(32,49): error TS2339: Property 'variant' does not exist on type 'Object'.
static/src/javascripts/projects/admin/modules/abtests/participation.ts(9,34): error TS1093: Type annotation cannot appear on a constructor declaration.
static/src/javascripts/projects/admin/modules/abtests/participation.ts(24,34): error TS2339: Property 'test' does not exist on type 'Object'.
static/src/javascripts/projects/atoms/services.ts(39,17): error TS2304: Cannot find name 'Services'.
static/src/javascripts/projects/atoms/services/viewport.ts(2,15): error TS2503: Cannot find namespace 'window'.
static/src/javascripts/projects/atoms/services/viewport.ts(18,27): error TS2503: Cannot find namespace 'window'.
static/src/javascripts/projects/atoms/services/viewport.ts(65,17): error TS2304: Cannot find name 'ViewportService'.
static/src/javascripts/projects/commercial/modules/ad-sizes.ts(52,30): error TS2339: Property 'billboard' does not exist on type 'Object'.
static/src/javascripts/projects/commercial/modules/ad-sizes.ts(53,29): error TS2339: Property 'leaderboard' does not exist on type 'Object'.
static/src/javascripts/projects/commercial/modules/ad-sizes.ts(54,30): error TS2339: Property 'mpu' does not exist on type 'Object'.
static/src/javascripts/projects/commercial/modules/ad-sizes.ts(55,30): error TS2339: Property 'halfPage' does not exist on type 'Object'.
static/src/javascripts/projects/commercial/modules/ad-sizes.ts(56,31): error TS2339: Property 'portrait' does not exist on type 'Object'.
static/src/javascripts/projects/commercial/modules/ad-sizes.ts(57,30): error TS2339: Property 'skyscraper' does not exist on type 'Object'.
static/src/javascripts/projects/commercial/modules/ad-verification/prepare-ad-verification.ts(14,9): error TS2322: Type 'Promise<void | Event>' is not assignable to type 'Promise<void>'.
  Type 'void | Event' is not assignable to type 'void'.
    Type 'Event' is not assignable to type 'void'.
static/src/javascripts/projects/commercial/modules/article-aside-adverts.spec.ts(18,16): error TS2339: Property 'page' does not exist on type '{ get: (path?: string, defaultValue?: unknown) => unknown; set: (path: string, value: any) => void; hasTone: (name: string) => boolean; hasSeries: (name: string) => boolean; referencesOfType: (name: string) => string[]; referenceOfType: (name: string) => string; webPublicationDateAsUrlPart: () => string; dateFromSlu...'.
static/src/javascripts/projects/commercial/modules/article-aside-adverts.spec.ts(19,16): error TS2339: Property 'page' does not exist on type '{ get: (path?: string, defaultValue?: unknown) => unknown; set: (path: string, value: any) => void; hasTone: (name: string) => boolean; hasSeries: (name: string) => boolean; referencesOfType: (name: string) => string[]; referenceOfType: (name: string) => string; webPublicationDateAsUrlPart: () => string; dateFromSlu...'.
static/src/javascripts/projects/commercial/modules/article-aside-adverts.spec.ts(63,43): error TS2345: Argument of type 'Promise<number[]>' is not assignable to parameter of type 'Promise<void>'.
  Type 'number[]' is not assignable to type 'void'.
static/src/javascripts/projects/commercial/modules/article-aside-adverts.spec.ts(75,43): error TS2345: Argument of type 'Promise<number[]>' is not assignable to parameter of type 'Promise<void>'.
static/src/javascripts/projects/commercial/modules/article-aside-adverts.spec.ts(109,47): error TS2345: Argument of type 'Promise<number[]>' is not assignable to parameter of type 'Promise<void>'.
static/src/javascripts/projects/commercial/modules/article-aside-adverts.spec.ts(110,20): error TS2339: Property 'page' does not exist on type '{ get: (path?: string, defaultValue?: unknown) => unknown; set: (path: string, value: any) => void; hasTone: (name: string) => boolean; hasSeries: (name: string) => boolean; referencesOfType: (name: string) => string[]; referenceOfType: (name: string) => string; webPublicationDateAsUrlPart: () => string; dateFromSlu...'.
static/src/javascripts/projects/commercial/modules/article-aside-adverts.spec.ts(127,47): error TS2345: Argument of type 'Promise<number[]>' is not assignable to parameter of type 'Promise<void>'.
static/src/javascripts/projects/commercial/modules/article-aside-adverts.spec.ts(128,20): error TS2339: Property 'page' does not exist on type '{ get: (path?: string, defaultValue?: unknown) => unknown; set: (path: string, value: any) => void; hasTone: (name: string) => boolean; hasSeries: (name: string) => boolean; referencesOfType: (name: string) => string[]; referenceOfType: (name: string) => string; webPublicationDateAsUrlPart: () => string; dateFromSlu...'.
static/src/javascripts/projects/commercial/modules/article-aside-adverts.spec.ts(158,43): error TS2345: Argument of type 'Promise<number[]>' is not assignable to parameter of type 'Promise<void>'.
static/src/javascripts/projects/commercial/modules/article-aside-adverts.spec.ts(159,20): error TS2339: Property 'page' does not exist on type '{ get: (path?: string, defaultValue?: unknown) => unknown; set: (path: string, value: any) => void; hasTone: (name: string) => boolean; hasSeries: (name: string) => boolean; referencesOfType: (name: string) => string[]; referenceOfType: (name: string) => string; webPublicationDateAsUrlPart: () => string; dateFromSlu...'.
static/src/javascripts/projects/commercial/modules/article-body-adverts.spec.ts(42,24): error TS2304: Cannot find name 'JestMockFn'.
static/src/javascripts/projects/commercial/modules/article-body-adverts.spec.ts(68,20): error TS2339: Property 'page' does not exist on type '{ get: (path?: string, defaultValue?: unknown) => unknown; set: (path: string, value: any) => void; hasTone: (name: string) => boolean; hasSeries: (name: string) => boolean; referencesOfType: (name: string) => string[]; referenceOfType: (name: string) => string; webPublicationDateAsUrlPart: () => string; dateFromSlu...'.
static/src/javascripts/projects/commercial/modules/article-body-adverts.ts(106,48): error TS2339: Property 'mpu' does not exist on type 'Object'.
static/src/javascripts/projects/commercial/modules/article-body-adverts.ts(122,48): error TS2339: Property 'halfPage' does not exist on type 'Object'.
static/src/javascripts/projects/commercial/modules/article-body-adverts.ts(140,47): error TS2339: Property 'halfPage' does not exist on type 'Object'.
static/src/javascripts/projects/commercial/modules/article-body-adverts.ts(140,65): error TS2339: Property 'skyscraper' does not exist on type 'Object'.
static/src/javascripts/projects/commercial/modules/article-body-adverts.ts(172,48): error TS2339: Property 'mpu' does not exist on type 'Object'.
static/src/javascripts/projects/commercial/modules/article-body-adverts.ts(177,13): error TS2554: Expected 5 arguments, but got 4.
static/src/javascripts/projects/commercial/modules/article-body-adverts.ts(243,20): error TS2554: Expected 5 arguments, but got 3.
static/src/javascripts/projects/commercial/modules/article-body-adverts.ts(260,13): error TS2345: Argument of type '(inlineMerchAdded: boolean) => Promise<void> | Promise<boolean>' is not assignable to parameter of type '(value: boolean) => void | PromiseLike<void>'.
  Type 'Promise<void> | Promise<boolean>' is not assignable to type 'void | PromiseLike<void>'.
    Type 'Promise<boolean>' is not assignable to type 'void | PromiseLike<void>'.
      Type 'Promise<boolean>' is not assignable to type 'PromiseLike<void>'.
        Types of property 'then' are incompatible.
          Type '<TResult1 = boolean, TResult2 = never>(onfulfilled?: (value: boolean) => TResult1 | PromiseLike<TResult1>, onrejected?: (reason: any) => TResult2 | PromiseLike<TResult2>) => Promise<...>' is not assignable to type '<TResult1 = void, TResult2 = never>(onfulfilled?: (value: void) => TResult1 | PromiseLike<TResult1>, onrejected?: (reason: any) => TResult2 | PromiseLike<TResult2>) => PromiseLike<...>'.
            Types of parameters 'onfulfilled' and 'onfulfilled' are incompatible.
              Types of parameters 'value' and 'value' are incompatible.
                Type 'boolean' is not assignable to type 'void'.
static/src/javascripts/projects/commercial/modules/brazeBanner.ts(24,17): error TS2794: Expected 1 arguments, but got 0. Did you forget to include 'void' in your type argument to 'Promise'?
static/src/javascripts/projects/commercial/modules/brazeBanner.ts(144,5): error TS2740: Type 'typeof import("/Users/alex_sanders/Documents/code/frontend/node_modules/@braze/web-sdk-core/index")' is missing the following properties from type 'AppBoy': initialize, subscribeToInAppMessage, changeUser, openSession, and 3 more.
static/src/javascripts/projects/commercial/modules/brazeBanner.ts(200,5): error TS2322: Type 'unknown' is not assignable to type 'boolean'.
static/src/javascripts/projects/commercial/modules/brazeBanner.ts(218,13): error TS2322: Type 'unknown' is not assignable to type 'boolean'.
static/src/javascripts/projects/commercial/modules/brazeBanner.ts(219,13): error TS2322: Type 'unknown' is not assignable to type 'string'.
static/src/javascripts/projects/commercial/modules/brazeBanner.ts(237,50): error TS2345: Argument of type 'unknown' is not assignable to parameter of type 'string'.
static/src/javascripts/projects/commercial/modules/brazeBanner.ts(275,48): error TS2350: Only a void function can be called with the 'new' keyword.
static/src/javascripts/projects/commercial/modules/comment-adverts.spec.ts(56,52): error TS2345: Argument of type 'Promise<number>' is not assignable to parameter of type 'Promise<void>'.
  Type 'number' is not assignable to type 'void'.
static/src/javascripts/projects/commercial/modules/comment-adverts.ts(20,31): error TS2339: Property 'halfPage' does not exist on type 'Object'.
static/src/javascripts/projects/commercial/modules/comment-adverts.ts(20,49): error TS2339: Property 'skyscraper' does not exist on type 'Object'.
static/src/javascripts/projects/commercial/modules/comscore.ts(42,16): error TS2339: Property '_comscore' does not exist on type 'Window & typeof globalThis'.
static/src/javascripts/projects/commercial/modules/comscore.ts(42,35): error TS2339: Property '_comscore' does not exist on type 'Window & typeof globalThis'.
static/src/javascripts/projects/commercial/modules/comscore.ts(45,16): error TS2339: Property '_comscore' does not exist on type 'Window & typeof globalThis'.
static/src/javascripts/projects/commercial/modules/comscore.ts(46,33): error TS2345: Argument of type 'unknown' is not assignable to parameter of type 'string'.
static/src/javascripts/projects/commercial/modules/creatives/fabric-expandable-video-v2.ts(21,41): error TS2339: Property 'showCrossInContainer' does not exist on type 'Object'.
static/src/javascripts/projects/commercial/modules/creatives/fabric-expandable-video-v2.ts(26,32): error TS2339: Property 'ctaDesktopImage' does not exist on type 'Object'.
static/src/javascripts/projects/commercial/modules/creatives/fabric-expandable-video-v2.ts(29,36): error TS2339: Property 'link' does not exist on type 'Object'.
static/src/javascripts/projects/commercial/modules/creatives/fabric-expandable-video-v2.ts(30,37): error TS2339: Property 'ctaDesktopImage' does not exist on type 'Object'.
static/src/javascripts/projects/commercial/modules/creatives/fabric-expandable-video-v2.ts(31,40): error TS2339: Property 'ctaDesktopPosition' does not exist on type 'Object'.
static/src/javascripts/projects/commercial/modules/creatives/fabric-expandable-video-v2.ts(34,31): error TS2339: Property 'ctaMobileImage' does not exist on type 'Object'.
static/src/javascripts/projects/commercial/modules/creatives/fabric-expandable-video-v2.ts(37,36): error TS2339: Property 'link' does not exist on type 'Object'.
static/src/javascripts/projects/commercial/modules/creatives/fabric-expandable-video-v2.ts(38,37): error TS2339: Property 'ctaMobileImage' does not exist on type 'Object'.
static/src/javascripts/projects/commercial/modules/creatives/fabric-expandable-video-v2.ts(39,40): error TS2339: Property 'ctaMobilePosition' does not exist on type 'Object'.
static/src/javascripts/projects/commercial/modules/creatives/fabric-expandable-video-v2.ts(43,24): error TS2339: Property 'showMoreType' does not exist on type 'Object'.
static/src/javascripts/projects/commercial/modules/creatives/fabric-expandable-video-v2.ts(44,24): error TS2339: Property 'showMoreType' does not exist on type 'Object'.
static/src/javascripts/projects/commercial/modules/creatives/fabric-expandable-video-v2.ts(48,24): error TS2339: Property 'showMoreType' does not exist on type 'Object'.
static/src/javascripts/projects/commercial/modules/creatives/fabric-expandable-video-v2.ts(49,24): error TS2339: Property 'showMoreType' does not exist on type 'Object'.
static/src/javascripts/projects/commercial/modules/creatives/fabric-expandable-video-v2.ts(53,24): error TS2339: Property 'YoutubeVideoURL' does not exist on type 'Object'.
static/src/javascripts/projects/commercial/modules/creatives/fabric-expandable-video-v2.ts(54,97): error TS2339: Property 'YoutubeVideoURL' does not exist on type 'Object'.
static/src/javascripts/projects/commercial/modules/creatives/fabric-expandable-video-v2.ts(126,24): error TS2339: Property 'trackingPixel' does not exist on type 'Object'.
static/src/javascripts/projects/commercial/modules/creatives/fabric-expandable-video-v2.ts(127,41): error TS2339: Property 'trackingPixel' does not exist on type 'Object'.
static/src/javascripts/projects/commercial/modules/creatives/fabric-expandable-video-v2.ts(127,64): error TS2339: Property 'cacheBuster' does not exist on type 'Object'.
static/src/javascripts/projects/commercial/modules/creatives/fabric-expandable-video-v2.ts(129,24): error TS2339: Property 'researchPixel' does not exist on type 'Object'.
static/src/javascripts/projects/commercial/modules/creatives/fabric-expandable-video-v2.ts(130,41): error TS2339: Property 'researchPixel' does not exist on type 'Object'.
static/src/javascripts/projects/commercial/modules/creatives/fabric-expandable-video-v2.ts(130,64): error TS2339: Property 'cacheBuster' does not exist on type 'Object'.
static/src/javascripts/projects/commercial/modules/creatives/fabric-expandable-video-v2.ts(133,24): error TS2339: Property 'viewabilityTracker' does not exist on type 'Object'.
static/src/javascripts/projects/commercial/modules/creatives/fabric-expandable-video-v2.ts(136,28): error TS2339: Property 'id' does not exist on type 'Object'.
static/src/javascripts/projects/commercial/modules/creatives/fabric-expandable-video-v2.ts(137,28): error TS2339: Property 'viewabilityTracker' does not exist on type 'Object'.
static/src/javascripts/projects/commercial/modules/creatives/fabric-v1.ts(48,29): error TS2339: Property 'videoPositionH' does not exist on type 'Object'.
static/src/javascripts/projects/commercial/modules/creatives/fabric-v1.ts(49,29): error TS2339: Property 'videoPositionH' does not exist on type 'Object'.
static/src/javascripts/projects/commercial/modules/creatives/fabric-v1.ts(50,38): error TS2339: Property 'videoPositionH' does not exist on type 'Object'.
static/src/javascripts/projects/commercial/modules/creatives/fabric-v1.ts(50,68): error TS2339: Property 'videoHorizSpace' does not exist on type 'Object'.
static/src/javascripts/projects/commercial/modules/creatives/fabric-v1.ts(56,36): error TS2339: Property 'showAdLabel' does not exist on type 'Object'.
static/src/javascripts/projects/commercial/modules/creatives/fabric-v1.ts(57,32): error TS2339: Property 'videoURL' does not exist on type 'Object'.
static/src/javascripts/projects/commercial/modules/creatives/fabric-v1.ts(62,29): error TS2339: Property 'layerTwoBGPosition' does not exist on type 'Object'.
static/src/javascripts/projects/commercial/modules/creatives/fabric-v1.ts(63,31): error TS2339: Property 'layerTwoAnimation' does not exist on type 'Object'.
static/src/javascripts/projects/commercial/modules/creatives/fabric-v1.ts(64,33): error TS2339: Property 'layerTwoAnimation' does not exist on type 'Object'.
static/src/javascripts/projects/commercial/modules/creatives/fabric-v1.ts(66,37): error TS2339: Property 'layerTwoAnimation' does not exist on type 'Object'.
static/src/javascripts/projects/commercial/modules/creatives/fabric-v1.ts(67,35): error TS2339: Property 'layerTwoBGPosition' does not exist on type 'Object'.
static/src/javascripts/projects/commercial/modules/creatives/fabric-v1.ts(70,29): error TS2339: Property 'backgroundImagePType' does not exist on type 'Object'.
static/src/javascripts/projects/commercial/modules/creatives/fabric-v1.ts(71,29): error TS2339: Property 'backgroundImagePType' does not exist on type 'Object'.
static/src/javascripts/projects/commercial/modules/creatives/fabric-v1.ts(90,25): error TS2339: Property 'trackingPixel' does not exist on type 'Object'.
static/src/javascripts/projects/commercial/modules/creatives/fabric-v1.ts(92,29): error TS2339: Property 'trackingPixel' does not exist on type 'Object'.
static/src/javascripts/projects/commercial/modules/creatives/fabric-v1.ts(92,57): error TS2339: Property 'cacheBuster' does not exist on type 'Object'.
static/src/javascripts/projects/commercial/modules/creatives/fabric-v1.ts(96,25): error TS2339: Property 'researchPixel' does not exist on type 'Object'.
static/src/javascripts/projects/commercial/modules/creatives/fabric-v1.ts(98,29): error TS2339: Property 'researchPixel' does not exist on type 'Object'.
static/src/javascripts/projects/commercial/modules/creatives/fabric-v1.ts(98,57): error TS2339: Property 'cacheBuster' does not exist on type 'Object'.
static/src/javascripts/projects/commercial/modules/creatives/fabric-v1.ts(113,43): error TS2339: Property 'backgroundImagePType' does not exist on type 'Object'.
static/src/javascripts/projects/commercial/modules/creatives/fabric-v1.ts(118,29): error TS2339: Property 'layerTwoAnimation' does not exist on type 'Object'.
static/src/javascripts/projects/commercial/modules/creatives/fabric-v1.ts(154,29): error TS2339: Property 'viewabilityTracker' does not exist on type 'Object'.
static/src/javascripts/projects/commercial/modules/creatives/fabric-v1.ts(157,33): error TS2339: Property 'id' does not exist on type 'Object'.
static/src/javascripts/projects/commercial/modules/creatives/fabric-v1.ts(158,33): error TS2339: Property 'viewabilityTracker' does not exist on type 'Object'.
static/src/javascripts/projects/commercial/modules/creatives/fabric-v1.ts(194,25): error TS2339: Property 'layerTwoAnimation' does not exist on type 'Object'.
static/src/javascripts/projects/commercial/modules/creatives/fabric-v1.ts(204,41): error TS2339: Property 'layerTwoAnimationPosition' does not exist on type 'Object'.
static/src/javascripts/projects/commercial/modules/creatives/fabric-v1.ts(205,51): error TS2339: Property 'layerTwoAnimationPosition' does not exist on type 'Object'.
static/src/javascripts/projects/commercial/modules/creatives/fabric-v1.ts(213,41): error TS2339: Property 'layerTwoAnimationPosition' does not exist on type 'Object'.
static/src/javascripts/projects/commercial/modules/creatives/fabric-v1.ts(214,51): error TS2339: Property 'layerTwoAnimationPosition' does not exist on type 'Object'.
static/src/javascripts/projects/commercial/modules/creatives/fabric-video.ts(37,21): error TS2339: Property 'id' does not exist on type 'Object'.
static/src/javascripts/projects/commercial/modules/creatives/fabric-video.ts(42,25): error TS2339: Property 'posterMobile' does not exist on type 'Object'.
static/src/javascripts/projects/commercial/modules/creatives/fabric-video.ts(42,113): error TS2339: Property 'Videobackupimage' does not exist on type 'Object'.
static/src/javascripts/projects/commercial/modules/creatives/fabric-video.ts(45,29): error TS2339: Property 'video' does not exist on type 'Object'.
static/src/javascripts/projects/commercial/modules/creatives/fabric-video.ts(45,105): error TS2339: Property 'Videoalignment' does not exist on type 'Object'.
static/src/javascripts/projects/commercial/modules/creatives/fabric-video.ts(45,149): error TS2339: Property 'VideoURL' does not exist on type 'Object'.
static/src/javascripts/projects/commercial/modules/creatives/fabric-video.ts(48,25): error TS2339: Property 'posterTablet' does not exist on type 'Object'.
static/src/javascripts/projects/commercial/modules/creatives/fabric-video.ts(48,113): error TS2339: Property 'BackgroundImagemobile' does not exist on type 'Object'.
static/src/javascripts/projects/commercial/modules/creatives/fabric-video.ts(116,33): error TS2339: Property 'Trackingpixel' does not exist on type 'Object'.
static/src/javascripts/projects/commercial/modules/creatives/fabric-video.ts(118,37): error TS2339: Property 'Trackingpixel' does not exist on type 'Object'.
static/src/javascripts/projects/commercial/modules/creatives/fabric-video.ts(118,65): error TS2339: Property 'cacheBuster' does not exist on type 'Object'.
static/src/javascripts/projects/commercial/modules/creatives/fabric-video.ts(121,33): error TS2339: Property 'Researchpixel' does not exist on type 'Object'.
static/src/javascripts/projects/commercial/modules/creatives/fabric-video.ts(123,37): error TS2339: Property 'Researchpixel' does not exist on type 'Object'.
static/src/javascripts/projects/commercial/modules/creatives/fabric-video.ts(123,65): error TS2339: Property 'cacheBuster' does not exist on type 'Object'.
static/src/javascripts/projects/commercial/modules/creatives/fabric-video.ts(134,33): error TS2339: Property 'viewabilityTracker' does not exist on type 'Object'.
static/src/javascripts/projects/commercial/modules/creatives/fabric-video.ts(137,37): error TS2339: Property 'id' does not exist on type 'Object'.
static/src/javascripts/projects/commercial/modules/creatives/fabric-video.ts(138,37): error TS2339: Property 'viewabilityTracker' does not exist on type 'Object'.
static/src/javascripts/projects/commercial/modules/creatives/frame.ts(23,21): error TS2339: Property 'externalLinkIcon' does not exist on type 'Object'.
static/src/javascripts/projects/commercial/modules/creatives/frame.ts(26,21): error TS2339: Property 'target' does not exist on type 'Object'.
static/src/javascripts/projects/commercial/modules/creatives/frame.ts(27,25): error TS2339: Property 'newWindow' does not exist on type 'Object'.
static/src/javascripts/projects/commercial/modules/creatives/frame.ts(28,21): error TS2339: Property 'id' does not exist on type 'Object'.
static/src/javascripts/projects/commercial/modules/creatives/frame.ts(59,29): error TS2339: Property 'trackingPixel' does not exist on type 'Object'.
static/src/javascripts/projects/commercial/modules/creatives/frame.ts(61,33): error TS2339: Property 'trackingPixel' does not exist on type 'Object'.
static/src/javascripts/projects/commercial/modules/creatives/frame.ts(61,61): error TS2339: Property 'cacheBuster' does not exist on type 'Object'.
static/src/javascripts/projects/commercial/modules/creatives/frame.ts(64,29): error TS2339: Property 'researchPixel' does not exist on type 'Object'.
static/src/javascripts/projects/commercial/modules/creatives/frame.ts(66,33): error TS2339: Property 'researchPixel' does not exist on type 'Object'.
static/src/javascripts/projects/commercial/modules/creatives/frame.ts(66,61): error TS2339: Property 'cacheBuster' does not exist on type 'Object'.
static/src/javascripts/projects/commercial/modules/creatives/frame.ts(69,29): error TS2339: Property 'viewabilityTracker' does not exist on type 'Object'.
static/src/javascripts/projects/commercial/modules/creatives/frame.ts(72,33): error TS2339: Property 'id' does not exist on type 'Object'.
static/src/javascripts/projects/commercial/modules/creatives/frame.ts(73,33): error TS2339: Property 'viewabilityTracker' does not exist on type 'Object'.
static/src/javascripts/projects/commercial/modules/creatives/page-skin.ts(9,11): error TS2322: Type 'unknown' is not assignable to type 'boolean'.
static/src/javascripts/projects/commercial/modules/creatives/page-skin.ts(10,58): error TS2339: Property 'toLowerCase' does not exist on type 'unknown'.
static/src/javascripts/projects/commercial/modules/creatives/page-skin.ts(48,33): error TS2339: Property 'offsetTop' does not exist on type 'Element'.
static/src/javascripts/projects/commercial/modules/creatives/page-skin.ts(49,33): error TS2339: Property 'offsetTop' does not exist on type 'Element'.
static/src/javascripts/projects/commercial/modules/creatives/page-skin.ts(49,55): error TS2339: Property 'offsetHeight' does not exist on type 'Element'.
static/src/javascripts/projects/commercial/modules/creatives/page-skin.ts(71,38): error TS2339: Property 'style' does not exist on type 'Element'.
static/src/javascripts/projects/commercial/modules/creatives/page-skin.ts(74,27): error TS2345: Argument of type 'Element' is not assignable to parameter of type 'HTMLElement'.
static/src/javascripts/projects/commercial/modules/creatives/page-skin.ts(75,27): error TS2345: Argument of type 'Element' is not assignable to parameter of type 'HTMLElement'.
static/src/javascripts/projects/commercial/modules/creatives/scrollable-mpu-v2.ts(34,17): error TS2339: Property 'id' does not exist on type 'Object'.
static/src/javascripts/projects/commercial/modules/creatives/scrollable-mpu-v2.ts(35,20): error TS2339: Property 'clickMacro' does not exist on type 'Object'.
static/src/javascripts/projects/commercial/modules/creatives/scrollable-mpu-v2.ts(35,40): error TS2339: Property 'destination' does not exist on type 'Object'.
static/src/javascripts/projects/commercial/modules/creatives/scrollable-mpu-v2.ts(38,18): error TS2339: Property 'backgroundImage' does not exist on type 'Object'.
static/src/javascripts/projects/commercial/modules/creatives/scrollable-mpu-v2.ts(39,99): error TS2339: Property 'layer1Image' does not exist on type 'Object'.
static/src/javascripts/projects/commercial/modules/creatives/scrollable-mpu-v2.ts(55,9): error TS2696: The 'Object' type is assignable to very few other types. Did you mean to use the 'any' type instead?
  Type 'Object' is missing the following properties from type 'ScrollableMpuParams': id, backgroundImage, backgroundImagePType, layer1Image, and 7 more.
static/src/javascripts/projects/commercial/modules/dfp/Advert.spec.ts(43,13): error TS2322: Type '() => {}' is not assignable to type '() => PubAdsService'.
  Type '{}' is missing the following properties from type 'PubAdsService': clear, clearCategoryExclusions, clearTagForChildDirectedTreatment, clearTargeting, and 32 more.
static/src/javascripts/projects/commercial/modules/dfp/Advert.spec.ts(46,13): error TS2322: Type '() => { sizes: any[]; build: Mock<any[], []>; }' is not assignable to type '() => SizeMappingBuilder'.
  Property 'addSize' is missing in type '{ sizes: any[]; build: jest.Mock<any[], []>; }' but required in type 'SizeMappingBuilder'.
static/src/javascripts/projects/commercial/modules/dfp/Advert.spec.ts(49,13): error TS2322: Type 'Mock<Googletag, []>' is not assignable to type '(adUnitPath: string, size: GeneralSize, opt_div?: string) => Slot'.
  Type 'Googletag' is missing the following properties from type 'Slot': addService, clearCategoryExclusions, clearTargeting, defineSizeMapping, and 15 more.
static/src/javascripts/projects/commercial/modules/dfp/Advert.spec.ts(62,33): error TS2339: Property 'setSafeFrameConfig' does not exist on type 'Googletag'.
static/src/javascripts/projects/commercial/modules/dfp/Advert.spec.ts(74,33): error TS2339: Property 'setSafeFrameConfig' does not exist on type 'Googletag'.
static/src/javascripts/projects/commercial/modules/dfp/Advert.spec.ts(86,33): error TS2339: Property 'setSafeFrameConfig' does not exist on type 'Googletag'.
static/src/javascripts/projects/commercial/modules/dfp/Advert.ts(90,36): error TS2339: Property 'slot' does not exist on type 'Object'.
static/src/javascripts/projects/commercial/modules/dfp/Advert.ts(96,45): error TS2339: Property 'slotReady' does not exist on type 'Object'.
static/src/javascripts/projects/commercial/modules/dfp/apply-creative-template.ts(44,40): error TS2339: Property 'params' does not exist on type 'Object'.
static/src/javascripts/projects/commercial/modules/dfp/apply-creative-template.ts(45,18): error TS2339: Property 'params' does not exist on type 'Object'.
static/src/javascripts/projects/commercial/modules/dfp/apply-creative-template.ts(53,52): error TS2339: Property 'name' does not exist on type 'Object'.
static/src/javascripts/projects/commercial/modules/dfp/apply-creative-template.ts(54,49): error TS2339: Property 'params' does not exist on type 'Object'.
static/src/javascripts/projects/commercial/modules/dfp/apply-creative-template.ts(54,64): error TS2339: Property 'opts' does not exist on type 'Object'.
static/src/javascripts/projects/commercial/modules/dfp/apply-creative-template.ts(100,26): error TS2339: Property 'readyState' does not exist on type 'HTMLIFrameElement'.
static/src/javascripts/projects/commercial/modules/dfp/apply-creative-template.ts(101,26): error TS2339: Property 'readyState' does not exist on type 'HTMLIFrameElement'.
static/src/javascripts/projects/commercial/modules/dfp/create-slots.spec.ts(45,42): error TS2339: Property 'type' does not exist on type 'Object'.
static/src/javascripts/projects/commercial/modules/dfp/create-slots.spec.ts(46,53): error TS2339: Property 'type' does not exist on type 'Object'.
static/src/javascripts/projects/commercial/modules/dfp/create-slots.spec.ts(47,35): error TS2339: Property 'name' does not exist on type 'Object'.
static/src/javascripts/projects/commercial/modules/dfp/create-slots.spec.ts(48,38): error TS2339: Property 'classes' does not exist on type 'Object'.
static/src/javascripts/projects/commercial/modules/dfp/create-slots.spec.ts(53,33): error TS2339: Property 'htmls' does not exist on type 'Object'.
static/src/javascripts/projects/commercial/modules/dfp/create-slots.spec.ts(68,40): error TS2339: Property 'leaderboard' does not exist on type 'Object'.
static/src/javascripts/projects/commercial/modules/dfp/create-slots.spec.ts(75,34): error TS2339: Property 'leaderboard' does not exist on type 'Object'.
static/src/javascripts/projects/commercial/modules/dfp/create-slots.ts(7,21): error TS2339: Property 'outOfPage' does not exist on type 'Object'.
static/src/javascripts/projects/commercial/modules/dfp/create-slots.ts(8,21): error TS2339: Property 'empty' does not exist on type 'Object'.
static/src/javascripts/projects/commercial/modules/dfp/create-slots.ts(9,21): error TS2339: Property 'outstreamMobile' does not exist on type 'Object'.
static/src/javascripts/projects/commercial/modules/dfp/create-slots.ts(10,21): error TS2339: Property 'mpu' does not exist on type 'Object'.
static/src/javascripts/projects/commercial/modules/dfp/create-slots.ts(11,21): error TS2339: Property 'googleCard' does not exist on type 'Object'.
static/src/javascripts/projects/commercial/modules/dfp/create-slots.ts(12,21): error TS2339: Property 'fluid' does not exist on type 'Object'.
static/src/javascripts/projects/commercial/modules/dfp/create-slots.ts(15,21): error TS2339: Property 'outOfPage' does not exist on type 'Object'.
static/src/javascripts/projects/commercial/modules/dfp/create-slots.ts(16,21): error TS2339: Property 'empty' does not exist on type 'Object'.
static/src/javascripts/projects/commercial/modules/dfp/create-slots.ts(17,21): error TS2339: Property 'outstreamMobile' does not exist on type 'Object'.
static/src/javascripts/projects/commercial/modules/dfp/create-slots.ts(18,21): error TS2339: Property 'mpu' does not exist on type 'Object'.
static/src/javascripts/projects/commercial/modules/dfp/create-slots.ts(19,21): error TS2339: Property 'googleCard' does not exist on type 'Object'.
static/src/javascripts/projects/commercial/modules/dfp/create-slots.ts(20,21): error TS2339: Property 'outstreamDesktop' does not exist on type 'Object'.
static/src/javascripts/projects/commercial/modules/dfp/create-slots.ts(21,21): error TS2339: Property 'outstreamGoogleDesktop' does not exist on type 'Object'.
static/src/javascripts/projects/commercial/modules/dfp/create-slots.ts(22,21): error TS2339: Property 'fluid' does not exist on type 'Object'.
static/src/javascripts/projects/commercial/modules/dfp/create-slots.ts(25,21): error TS2339: Property 'outOfPage' does not exist on type 'Object'.
static/src/javascripts/projects/commercial/modules/dfp/create-slots.ts(26,21): error TS2339: Property 'empty' does not exist on type 'Object'.
static/src/javascripts/projects/commercial/modules/dfp/create-slots.ts(27,21): error TS2339: Property 'mpu' does not exist on type 'Object'.
static/src/javascripts/projects/commercial/modules/dfp/create-slots.ts(28,21): error TS2339: Property 'googleCard' does not exist on type 'Object'.
static/src/javascripts/projects/commercial/modules/dfp/create-slots.ts(29,21): error TS2339: Property 'video' does not exist on type 'Object'.
static/src/javascripts/projects/commercial/modules/dfp/create-slots.ts(30,21): error TS2339: Property 'outstreamDesktop' does not exist on type 'Object'.
static/src/javascripts/projects/commercial/modules/dfp/create-slots.ts(31,21): error TS2339: Property 'outstreamGoogleDesktop' does not exist on type 'Object'.
static/src/javascripts/projects/commercial/modules/dfp/create-slots.ts(32,21): error TS2339: Property 'fluid' does not exist on type 'Object'.
static/src/javascripts/projects/commercial/modules/dfp/create-slots.ts(53,25): error TS2339: Property 'outOfPage' does not exist on type 'Object'.
static/src/javascripts/projects/commercial/modules/dfp/create-slots.ts(54,25): error TS2339: Property 'empty' does not exist on type 'Object'.
static/src/javascripts/projects/commercial/modules/dfp/create-slots.ts(55,25): error TS2339: Property 'inlineMerchandising' does not exist on type 'Object'.
static/src/javascripts/projects/commercial/modules/dfp/create-slots.ts(56,25): error TS2339: Property 'fluid' does not exist on type 'Object'.
static/src/javascripts/projects/commercial/modules/dfp/create-slots.ts(66,25): error TS2339: Property 'outOfPage' does not exist on type 'Object'.
static/src/javascripts/projects/commercial/modules/dfp/create-slots.ts(67,25): error TS2339: Property 'empty' does not exist on type 'Object'.
static/src/javascripts/projects/commercial/modules/dfp/create-slots.ts(68,25): error TS2339: Property 'merchandisingHigh' does not exist on type 'Object'.
static/src/javascripts/projects/commercial/modules/dfp/create-slots.ts(69,25): error TS2339: Property 'fluid' does not exist on type 'Object'.
static/src/javascripts/projects/commercial/modules/dfp/create-slots.ts(78,30): error TS2339: Property 'outOfPage' does not exist on type 'Object'.
static/src/javascripts/projects/commercial/modules/dfp/create-slots.ts(78,49): error TS2339: Property 'empty' does not exist on type 'Object'.
static/src/javascripts/projects/commercial/modules/dfp/create-slots.ts(78,64): error TS2339: Property 'fluid' does not exist on type 'Object'.
static/src/javascripts/projects/commercial/modules/dfp/create-slots.ts(87,25): error TS2339: Property 'outOfPage' does not exist on type 'Object'.
static/src/javascripts/projects/commercial/modules/dfp/create-slots.ts(88,25): error TS2339: Property 'empty' does not exist on type 'Object'.
static/src/javascripts/projects/commercial/modules/dfp/create-slots.ts(89,25): error TS2339: Property 'merchandisingHighAdFeature' does not exist on type 'Object'.
static/src/javascripts/projects/commercial/modules/dfp/create-slots.ts(90,25): error TS2339: Property 'fluid' does not exist on type 'Object'.
static/src/javascripts/projects/commercial/modules/dfp/create-slots.ts(100,25): error TS2339: Property 'outOfPage' does not exist on type 'Object'.
static/src/javascripts/projects/commercial/modules/dfp/create-slots.ts(101,25): error TS2339: Property 'empty' does not exist on type 'Object'.
static/src/javascripts/projects/commercial/modules/dfp/create-slots.ts(102,25): error TS2339: Property 'fabric' does not exist on type 'Object'.
static/src/javascripts/projects/commercial/modules/dfp/create-slots.ts(103,25): error TS2339: Property 'outstreamMobile' does not exist on type 'Object'.
static/src/javascripts/projects/commercial/modules/dfp/create-slots.ts(104,25): error TS2339: Property 'mpu' does not exist on type 'Object'.
static/src/javascripts/projects/commercial/modules/dfp/create-slots.ts(105,25): error TS2339: Property 'fluid' does not exist on type 'Object'.
static/src/javascripts/projects/commercial/modules/dfp/create-slots.ts(114,30): error TS2339: Property 'fluid' does not exist on type 'Object'.
static/src/javascripts/projects/commercial/modules/dfp/create-slots.ts(122,30): error TS2339: Property 'fluid' does not exist on type 'Object'.
static/src/javascripts/projects/commercial/modules/dfp/create-slots.ts(130,30): error TS2339: Property 'mobilesticky' does not exist on type 'Object'.
static/src/javascripts/projects/commercial/modules/dfp/create-slots.ts(186,30): error TS2339: Property 'name' does not exist on type 'Object'.
static/src/javascripts/projects/commercial/modules/dfp/create-slots.ts(186,49): error TS2339: Property 'name' does not exist on type 'Object'.
static/src/javascripts/projects/commercial/modules/dfp/create-slots.ts(187,29): error TS2339: Property 'classes' does not exist on type 'Object'.
static/src/javascripts/projects/commercial/modules/dfp/create-slots.ts(188,19): error TS2339: Property 'classes' does not exist on type 'Object'.
static/src/javascripts/projects/commercial/modules/dfp/create-slots.ts(191,35): error TS2339: Property 'sizeMappings' does not exist on type 'Object'.
static/src/javascripts/projects/commercial/modules/dfp/create-slots.ts(193,17): error TS2339: Property 'sizes' does not exist on type 'Object'.
static/src/javascripts/projects/commercial/modules/dfp/create-slots.ts(194,29): error TS2339: Property 'sizes' does not exist on type 'Object'.
static/src/javascripts/projects/commercial/modules/dfp/create-slots.ts(196,58): error TS2339: Property 'sizes' does not exist on type 'Object'.
static/src/javascripts/projects/commercial/modules/dfp/create-slots.ts(198,39): error TS2339: Property 'sizes' does not exist on type 'Object'.
static/src/javascripts/projects/commercial/modules/dfp/create-slots.ts(209,20): error TS2339: Property 'label' does not exist on type 'Object'.
static/src/javascripts/projects/commercial/modules/dfp/create-slots.ts(210,20): error TS2339: Property 'label' does not exist on type '{}'.
static/src/javascripts/projects/commercial/modules/dfp/create-slots.ts(213,20): error TS2339: Property 'refresh' does not exist on type 'Object'.
static/src/javascripts/projects/commercial/modules/dfp/create-slots.ts(214,20): error TS2339: Property 'refresh' does not exist on type '{}'.
static/src/javascripts/projects/commercial/modules/dfp/define-slot.ts(91,34): error TS2345: Argument of type 'unknown' is not assignable to parameter of type 'string'.
static/src/javascripts/projects/commercial/modules/dfp/define-slot.ts(92,41): error TS2339: Property 'sizeMapping' does not exist on type 'Object'.
static/src/javascripts/projects/commercial/modules/dfp/define-slot.ts(95,25): error TS2345: Argument of type 'unknown' is not assignable to parameter of type 'string'.
static/src/javascripts/projects/commercial/modules/dfp/define-slot.ts(95,44): error TS2339: Property 'sizes' does not exist on type 'Object'.
static/src/javascripts/projects/commercial/modules/dfp/define-slot.ts(96,41): error TS2339: Property 'sizeMapping' does not exist on type 'Object'.
static/src/javascripts/projects/commercial/modules/dfp/define-slot.ts(114,16): error TS2339: Property '__iasPET' does not exist on type 'Window & typeof globalThis'.
static/src/javascripts/projects/commercial/modules/dfp/define-slot.ts(114,34): error TS2339: Property '__iasPET' does not exist on type 'Window & typeof globalThis'.
static/src/javascripts/projects/commercial/modules/dfp/define-slot.ts(115,31): error TS2339: Property '__iasPET' does not exist on type 'Window & typeof globalThis'.
static/src/javascripts/projects/commercial/modules/dfp/define-slot.ts(191,9): error TS2322: Type 'Promise<unknown>' is not assignable to type 'Promise<void>'.
  Type 'unknown' is not assignable to type 'void'.
static/src/javascripts/projects/commercial/modules/dfp/dfp-api.spec.ts(271,17): error TS2322: Type '(f: () => void) => void' is not assignable to type '(f: () => void) => number'.
  Type 'void' is not assignable to type 'number'.
static/src/javascripts/projects/commercial/modules/dfp/dfp-api.spec.ts(277,13): error TS2322: Type '() => { listeners: any[]; addEventListener: Mock<void, [eventName: any, callback: any]>; setTargeting: Mock<any, any>; enableSingleRequest: Mock<any, any>; collapseEmptyDivs: Mock<any, any>; refresh: Mock<...>; setRequestNonPersonalizedAds: Mock<...>; setPrivacySettings: Mock<...>; }' is not assignable to type '() => PubAdsService'.
  Type '{ listeners: any[]; addEventListener: Mock<void, [eventName: any, callback: any]>; setTargeting: Mock<any, any>; enableSingleRequest: Mock<any, any>; collapseEmptyDivs: Mock<any, any>; refresh: Mock<...>; setRequestNonPersonalizedAds: Mock<...>; setPrivacySettings: Mock<...>; }' is missing the following properties from type 'PubAdsService': clear, clearCategoryExclusions, clearTagForChildDirectedTreatment, clearTargeting, and 25 more.
static/src/javascripts/projects/commercial/modules/dfp/dfp-api.spec.ts(280,13): error TS2322: Type '() => { sizes: any[]; addSize: Mock<void, [width: any, sizes: any]>; build: Mock<any, []>; }' is not assignable to type '() => SizeMappingBuilder'.
  Call signature return types '{ sizes: any[]; addSize: Mock<void, [width: any, sizes: any]>; build: Mock<any, []>; }' and 'SizeMappingBuilder' are incompatible.
    The types returned by 'addSize(...)' are incompatible between these types.
      Type 'void' is not assignable to type 'SizeMappingBuilder'.
static/src/javascripts/projects/commercial/modules/dfp/dfp-api.spec.ts(283,13): error TS2322: Type 'Mock<Googletag, []>' is not assignable to type '(adUnitPath: string, size: GeneralSize, opt_div?: string) => Slot'.
static/src/javascripts/projects/commercial/modules/dfp/dfp-api.spec.ts(284,13): error TS2322: Type 'Mock<Googletag, []>' is not assignable to type '(adUnitPath: string, opt_div?: string) => Slot'.
  Type 'Googletag' is not assignable to type 'Slot'.
static/src/javascripts/projects/commercial/modules/dfp/dfp-api.spec.ts(292,16): error TS2339: Property '__switch_zero' does not exist on type 'Window & typeof globalThis'.
static/src/javascripts/projects/commercial/modules/dfp/dfp-api.spec.ts(444,41): error TS2339: Property 'addService' does not exist on type 'Googletag'.
static/src/javascripts/projects/commercial/modules/dfp/dfp-api.spec.ts(447,25): error TS2339: Property 'forEach' does not exist on type 'string | number[][] | (number[] | number[][])[][]'.
  Property 'forEach' does not exist on type 'string'.
static/src/javascripts/projects/commercial/modules/dfp/dfp-api.spec.ts(452,41): error TS2339: Property 'defineSizeMapping' does not exist on type 'Googletag'.
static/src/javascripts/projects/commercial/modules/dfp/dfp-api.spec.ts(455,41): error TS2339: Property 'setTargeting' does not exist on type 'Googletag'.
static/src/javascripts/projects/commercial/modules/dfp/dfp-api.spec.ts(509,39): error TS2339: Property 'listeners' does not exist on type 'PubAdsService'.
static/src/javascripts/projects/commercial/modules/dfp/dfp-api.spec.ts(510,39): error TS2339: Property 'listeners' does not exist on type 'PubAdsService'.
static/src/javascripts/projects/commercial/modules/dfp/dfp-env.ts(27,5): error TS2739: Type '{}' is missing the following properties from type '{ prebid: boolean; a9: boolean; }': prebid, a9
static/src/javascripts/projects/commercial/modules/dfp/dfp-env.ts(54,64): error TS2339: Property 'dll' does not exist on type 'Object'.
static/src/javascripts/projects/commercial/modules/dfp/lazy-load.spec.ts(40,9): error TS2322: Type 'Mock<{ observe: Mock<any, any>; }, []>' is not assignable to type '{ new (callback: IntersectionObserverCallback, options?: IntersectionObserverInit): IntersectionObserver; prototype: IntersectionObserver; }'.
  Type '{ observe: Mock<any, any>; }' is missing the following properties from type 'IntersectionObserver': root, rootMargin, thresholds, disconnect, and 2 more.
static/src/javascripts/projects/commercial/modules/dfp/lazy-load.spec.ts(60,44): error TS2339: Property 'mock' does not exist on type '{ new (callback: IntersectionObserverCallback, options?: IntersectionObserverInit): IntersectionObserver; prototype: IntersectionObserver; }'.
static/src/javascripts/projects/commercial/modules/dfp/load-advert.ts(50,17): error TS2322: Type '{ sizes: number[][]; key: "right" | "inline1" | "top-above-nav" | "inline" | "mostpop" | "comments" | "mobile-sticky" | "banner"; }[]' is not assignable to type 'HeaderBiddingSlot[]'.
  Type '{ sizes: number[][]; key: "right" | "inline1" | "top-above-nav" | "inline" | "mostpop" | "comments" | "mobile-sticky" | "banner"; }' is not assignable to type 'HeaderBiddingSlot'.
    Types of property 'sizes' are incompatible.
      Type 'number[][]' is not assignable to type 'HeaderBiddingSize[]'.
        Type 'number[]' is not assignable to type 'HeaderBiddingSize'.
          Target requires 2 element(s) but source may have fewer.
static/src/javascripts/projects/commercial/modules/dfp/load-advert.ts(54,17): error TS2322: Type '{ sizes: number[][]; key: "right" | "inline1" | "top-above-nav" | "inline" | "mostpop" | "comments" | "mobile-sticky" | "banner"; }[]' is not assignable to type 'HeaderBiddingSlot[]'.
static/src/javascripts/projects/commercial/modules/dfp/on-slot-load.ts(25,5): error TS2554: Expected 3 arguments, but got 2.
static/src/javascripts/projects/commercial/modules/dfp/on-slot-render.ts(51,13): error TS2339: Property 'outstreamDesktop' does not exist on type 'Object'.
static/src/javascripts/projects/commercial/modules/dfp/on-slot-render.ts(52,13): error TS2339: Property 'outstreamMobile' does not exist on type 'Object'.
static/src/javascripts/projects/commercial/modules/dfp/on-slot-render.ts(53,13): error TS2339: Property 'outstreamGoogleDesktop' does not exist on type 'Object'.
static/src/javascripts/projects/commercial/modules/dfp/on-slot-render.ts(99,18): error TS2339: Property 'includes' does not exist on type 'unknown'.
static/src/javascripts/projects/commercial/modules/dfp/on-slot-viewable.ts(55,21): error TS2339: Property 'adrefresh' does not exist on type 'Object'.
static/src/javascripts/projects/commercial/modules/dfp/prepare-a9.spec.ts(49,21): error TS2339: Property 'get' does not exist on type '{}'.
static/src/javascripts/projects/commercial/modules/dfp/prepare-a9.spec.ts(50,21): error TS2339: Property 'configurable' does not exist on type '{}'.
static/src/javascripts/projects/commercial/modules/dfp/prepare-a9.ts(28,35): error TS2306: File '/Users/alex_sanders/Documents/code/frontend/static/src/javascripts/lib/a9-apstag.ts' is not a module.
static/src/javascripts/projects/commercial/modules/dfp/prepare-googletag.ts(51,48): error TS2769: No overload matches this call.
  The last overload gave the following error.
    Argument of type 'Function' is not assignable to parameter of type '(event: Event) => void'.
      Type 'Function' provides no match for the signature '(event: Event): void'.
static/src/javascripts/projects/commercial/modules/dfp/prepare-googletag.ts(52,43): error TS2769: No overload matches this call.
  The last overload gave the following error.
    Argument of type 'Function' is not assignable to parameter of type '(event: Event) => void'.
static/src/javascripts/projects/commercial/modules/dfp/prepare-googletag.ts(54,51): error TS2769: No overload matches this call.
  The last overload gave the following error.
    Argument of type 'ImpressionViewableEventCallback' is not assignable to parameter of type '(event: Event) => void'.
      Types of parameters 'arg0' and 'event' are incompatible.
        Type 'Event' is not assignable to type 'ImpressionViewableEvent'.
          The types of 'slot.addService' are incompatible between these types.
            Type '(service: Service) => Slot' is not assignable to type 'AddService'.
              Types of parameters 'service' and 's' are incompatible.
                Type 'string' is not assignable to type 'Service'.
static/src/javascripts/projects/commercial/modules/dfp/prepare-googletag.ts(56,54): error TS2769: No overload matches this call.
  The last overload gave the following error.
    Argument of type '(event: SlotVisibilityChangedEvent) => void' is not assignable to parameter of type '(event: Event) => void'.
      Types of parameters 'event' and 'event' are incompatible.
        Property 'inViewPercentage' is missing in type 'Event' but required in type 'SlotVisibilityChangedEvent'.
static/src/javascripts/projects/commercial/modules/dfp/prepare-googletag.ts(68,34): error TS2345: Argument of type 'unknown' is not assignable to parameter of type 'string | string[]'.
  Type '{}' is missing the following properties from type 'string[]': length, pop, push, concat, and 28 more.
static/src/javascripts/projects/commercial/modules/dfp/prepare-googletag.ts(87,41): error TS2339: Property 'id' does not exist on type 'Object'.
static/src/javascripts/projects/commercial/modules/dfp/prepare-googletag.ts(99,13): error TS2554: Expected 1 arguments, but got 5.
static/src/javascripts/projects/commercial/modules/dfp/prepare-googletag.ts(139,21): error TS2345: Argument of type 'unknown' is not assignable to parameter of type 'string'.
static/src/javascripts/projects/commercial/modules/dfp/prepare-permutive.ts(151,27): error TS2339: Property 'permutive' does not exist on type 'Window & typeof globalThis'.
static/src/javascripts/projects/commercial/modules/dfp/prepare-permutive.ts(162,23): error TS2339: Property 'permutive' does not exist on type 'Window & typeof globalThis'.
static/src/javascripts/projects/commercial/modules/dfp/prepare-permutive.ts(163,3): error TS2322: Type 'Googletag | {}' is not assignable to type 'Googletag'.
  Type '{}' is missing the following properties from type 'Googletag': apiReady, cmd, companionAds, content, and 12 more.
static/src/javascripts/projects/commercial/modules/dfp/prepare-prebid.spec.ts(75,21): error TS2339: Property 'get' does not exist on type '{}'.
static/src/javascripts/projects/commercial/modules/dfp/prepare-prebid.spec.ts(76,21): error TS2339: Property 'configurable' does not exist on type '{}'.
static/src/javascripts/projects/commercial/modules/dfp/prepare-prebid.ts(28,31): error TS2345: Argument of type 'Window & typeof globalThis' is not assignable to parameter of type '{ pbjs: { setConfig: (arg0: PbjsConfig) => void; bidderSettings: BidderSettings; enableAnalytics: (arg0: [EnableAnalyticsConfig]) => void; onEvent: (arg0: "bidWon", arg1: PbjsEventHandler) => void; }; }'.
  Property 'pbjs' is missing in type 'Window & typeof globalThis' but required in type '{ pbjs: { setConfig: (arg0: PbjsConfig) => void; bidderSettings: BidderSettings; enableAnalytics: (arg0: [EnableAnalyticsConfig]) => void; onEvent: (arg0: "bidWon", arg1: PbjsEventHandler) => void; }; }'.
static/src/javascripts/projects/commercial/modules/dfp/redplanet.spec.ts(66,8): error TS2339: Property 'launchpad' does not exist on type 'Window & typeof globalThis'.
static/src/javascripts/projects/commercial/modules/dfp/redplanet.spec.ts(112,23): error TS2339: Property 'launchpad' does not exist on type 'Window & typeof globalThis'.
static/src/javascripts/projects/commercial/modules/dfp/redplanet.spec.ts(124,23): error TS2339: Property 'launchpad' does not exist on type 'Window & typeof globalThis'.
static/src/javascripts/projects/commercial/modules/dfp/redplanet.spec.ts(133,23): error TS2339: Property 'launchpad' does not exist on type 'Window & typeof globalThis'.
static/src/javascripts/projects/commercial/modules/dfp/redplanet.spec.ts(152,23): error TS2339: Property 'launchpad' does not exist on type 'Window & typeof globalThis'.
static/src/javascripts/projects/commercial/modules/dfp/redplanet.spec.ts(161,23): error TS2339: Property 'launchpad' does not exist on type 'Window & typeof globalThis'.
static/src/javascripts/projects/commercial/modules/dfp/redplanet.ts(13,12): error TS2339: Property 'launchpad' does not exist on type 'Window & typeof globalThis'.
static/src/javascripts/projects/commercial/modules/dfp/redplanet.ts(19,12): error TS2339: Property 'launchpad' does not exist on type 'Window & typeof globalThis'.
static/src/javascripts/projects/commercial/modules/dfp/redplanet.ts(26,42): error TS2339: Property 'browserId' does not exist on type 'unknown'.
static/src/javascripts/projects/commercial/modules/dfp/redplanet.ts(45,27): error TS2306: File '/Users/alex_sanders/Documents/code/frontend/static/src/javascripts/lib/launchpad.ts' is not a module.
static/src/javascripts/projects/commercial/modules/dfp/render-advert-label.spec.ts(14,17): error TS2339: Property 'withLabel' does not exist on type '{}'.
static/src/javascripts/projects/commercial/modules/dfp/render-advert-label.spec.ts(18,17): error TS2339: Property 'labelDisabled' does not exist on type '{}'.
static/src/javascripts/projects/commercial/modules/dfp/render-advert-label.spec.ts(22,17): error TS2339: Property 'alreadyLabelled' does not exist on type '{}'.
static/src/javascripts/projects/commercial/modules/dfp/render-advert-label.spec.ts(30,17): error TS2339: Property 'frame' does not exist on type '{}'.
static/src/javascripts/projects/commercial/modules/dfp/render-advert-label.spec.ts(36,35): error TS2339: Property 'withLabel' does not exist on type '{}'.
static/src/javascripts/projects/commercial/modules/dfp/render-advert-label.spec.ts(37,35): error TS2339: Property 'withLabel' does not exist on type '{}'.
static/src/javascripts/projects/commercial/modules/dfp/render-advert-label.spec.ts(42,35): error TS2339: Property 'withLabel' does not exist on type '{}'.
static/src/javascripts/projects/commercial/modules/dfp/render-advert-label.spec.ts(43,35): error TS2339: Property 'withLabel' does not exist on type '{}'.
static/src/javascripts/projects/commercial/modules/dfp/render-advert-label.spec.ts(48,35): error TS2339: Property 'labelDisabled' does not exist on type '{}'.
static/src/javascripts/projects/commercial/modules/dfp/render-advert-label.spec.ts(49,35): error TS2339: Property 'labelDisabled' does not exist on type '{}'.
static/src/javascripts/projects/commercial/modules/dfp/render-advert-label.spec.ts(54,35): error TS2339: Property 'alreadyLabelled' does not exist on type '{}'.
static/src/javascripts/projects/commercial/modules/dfp/render-advert-label.spec.ts(55,35): error TS2339: Property 'alreadyLabelled' does not exist on type '{}'.
static/src/javascripts/projects/commercial/modules/dfp/render-advert-label.spec.ts(62,35): error TS2339: Property 'frame' does not exist on type '{}'.
static/src/javascripts/projects/commercial/modules/dfp/render-advert-label.spec.ts(63,35): error TS2339: Property 'frame' does not exist on type '{}'.
static/src/javascripts/projects/commercial/modules/dfp/render-advert-label.ts(18,32): error TS2339: Property 'closest' does not exist on type 'GlobalEventHandlers'.
static/src/javascripts/projects/commercial/modules/dfp/render-advert-label.ts(33,5): error TS2322: Type 'Promise<Promise<void>>' is not assignable to type 'Promise<null>'.
  Type 'Promise<void>' is not assignable to type 'null'.
static/src/javascripts/projects/commercial/modules/dfp/render-advert-label.ts(42,5): error TS2322: Type 'Promise<void>' is not assignable to type 'Promise<null>'.
  Type 'void' is not assignable to type 'null'.
static/src/javascripts/projects/commercial/modules/dfp/render-advert-label.ts(53,5): error TS2322: Type 'Promise<void>' is not assignable to type 'Promise<null>'.
static/src/javascripts/projects/commercial/modules/dfp/render-advert.ts(82,23): error TS2339: Property 'fluid' does not exist on type 'Object'.
static/src/javascripts/projects/commercial/modules/dfp/render-advert.ts(90,23): error TS2339: Property 'mpu' does not exist on type 'Object'.
static/src/javascripts/projects/commercial/modules/dfp/render-advert.ts(91,5): error TS2322: Type 'Promise<Promise<any>>' is not assignable to type 'Promise<void>'.
  Type 'Promise<any>' is not assignable to type 'void'.
static/src/javascripts/projects/commercial/modules/dfp/render-advert.ts(106,23): error TS2339: Property 'halfPage' does not exist on type 'Object'.
static/src/javascripts/projects/commercial/modules/dfp/render-advert.ts(107,5): error TS2322: Type 'Promise<Promise<any>>' is not assignable to type 'Promise<void>'.
static/src/javascripts/projects/commercial/modules/dfp/render-advert.ts(117,23): error TS2339: Property 'skyscraper' does not exist on type 'Object'.
static/src/javascripts/projects/commercial/modules/dfp/render-advert.ts(118,5): error TS2322: Type 'Promise<Promise<any>>' is not assignable to type 'Promise<void>'.
static/src/javascripts/projects/commercial/modules/dfp/render-advert.ts(130,23): error TS2339: Property 'video' does not exist on type 'Object'.
static/src/javascripts/projects/commercial/modules/dfp/render-advert.ts(135,23): error TS2339: Property 'outstreamDesktop' does not exist on type 'Object'.
static/src/javascripts/projects/commercial/modules/dfp/render-advert.ts(140,23): error TS2339: Property 'outstreamGoogleDesktop' does not exist on type 'Object'.
static/src/javascripts/projects/commercial/modules/dfp/render-advert.ts(145,23): error TS2339: Property 'outstreamMobile' does not exist on type 'Object'.
static/src/javascripts/projects/commercial/modules/dfp/render-advert.ts(150,23): error TS2339: Property 'googleCard' does not exist on type 'Object'.
static/src/javascripts/projects/commercial/modules/dfp/render-advert.ts(172,23): error TS2339: Property 'outOfPage' does not exist on type 'Object'.
static/src/javascripts/projects/commercial/modules/dfp/render-advert.ts(173,23): error TS2339: Property 'empty' does not exist on type 'Object'.
static/src/javascripts/projects/commercial/modules/dfp/render-advert.ts(178,23): error TS2339: Property 'portrait' does not exist on type 'Object'.
static/src/javascripts/projects/commercial/modules/dfp/render-advert.ts(182,17): error TS1345: An expression of type 'void' cannot be tested for truthiness.
static/src/javascripts/projects/commercial/modules/dfp/render-advert.ts(182,17): error TS1345: An expression of type 'void' cannot be tested for truthiness.
static/src/javascripts/projects/commercial/modules/dfp/render-advert.ts(182,36): error TS2339: Property 'elem' does not exist on type 'void'.
static/src/javascripts/projects/commercial/modules/dfp/render-advert.ts(183,25): error TS2339: Property 'elem' does not exist on type 'void'.
static/src/javascripts/projects/commercial/modules/dfp/render-advert.ts(184,25): error TS2339: Property 'elem' does not exist on type 'void'.
static/src/javascripts/projects/commercial/modules/dfp/render-advert.ts(192,23): error TS2339: Property 'merchandising' does not exist on type 'Object'.
static/src/javascripts/projects/commercial/modules/header-bidding/a9/a9.spec.ts(44,12): error TS2339: Property 'apstag' does not exist on type 'Window & typeof globalThis'.
static/src/javascripts/projects/commercial/modules/header-bidding/a9/a9.spec.ts(60,23): error TS2339: Property 'apstag' does not exist on type 'Window & typeof globalThis'.
static/src/javascripts/projects/commercial/modules/header-bidding/a9/a9.spec.ts(61,23): error TS2339: Property 'apstag' does not exist on type 'Window & typeof globalThis'.
static/src/javascripts/projects/commercial/modules/header-bidding/a9/a9.spec.ts(68,23): error TS2339: Property 'apstag' does not exist on type 'Window & typeof globalThis'.
static/src/javascripts/projects/commercial/modules/header-bidding/a9/a9.spec.ts(69,23): error TS2339: Property 'apstag' does not exist on type 'Window & typeof globalThis'.
static/src/javascripts/projects/commercial/modules/header-bidding/a9/a9.ts(19,9): error TS2322: Type 'unknown' is not assignable to type 'string'.
static/src/javascripts/projects/commercial/modules/header-bidding/a9/a9.ts(36,16): error TS2339: Property 'apstag' does not exist on type 'Window & typeof globalThis'.
static/src/javascripts/projects/commercial/modules/header-bidding/a9/a9.ts(66,5): error TS2322: Type 'Promise<unknown>' is not assignable to type 'Promise<void>'.
static/src/javascripts/projects/commercial/modules/header-bidding/a9/a9.ts(70,28): error TS2339: Property 'apstag' does not exist on type 'Window & typeof globalThis'.
static/src/javascripts/projects/commercial/modules/header-bidding/a9/a9.ts(72,36): error TS2339: Property 'apstag' does not exist on type 'Window & typeof globalThis'.
static/src/javascripts/projects/commercial/modules/header-bidding/a9/a9.ts(73,29): error TS2794: Expected 1 arguments, but got 0. Did you forget to include 'void' in your type argument to 'Promise'?
static/src/javascripts/projects/commercial/modules/header-bidding/prebid/appnexus.spec.ts(121,16): error TS2339: Property 'OzoneLotameData' does not exist on type 'Window & typeof globalThis'.
static/src/javascripts/projects/commercial/modules/header-bidding/prebid/appnexus.spec.ts(127,16): error TS2339: Property 'OzoneLotameData' does not exist on type 'Window & typeof globalThis'.
static/src/javascripts/projects/commercial/modules/header-bidding/prebid/appnexus.spec.ts(167,16): error TS2339: Property 'OzoneLotameData' does not exist on type 'Window & typeof globalThis'.
static/src/javascripts/projects/commercial/modules/header-bidding/prebid/appnexus.spec.ts(173,16): error TS2339: Property 'OzoneLotameData' does not exist on type 'Window & typeof globalThis'.
static/src/javascripts/projects/commercial/modules/header-bidding/prebid/appnexus.spec.ts(238,16): error TS2339: Property 'OzoneLotameData' does not exist on type 'Window & typeof globalThis'.
static/src/javascripts/projects/commercial/modules/header-bidding/prebid/appnexus.spec.ts(243,16): error TS2339: Property 'OzoneLotameData' does not exist on type 'Window & typeof globalThis'.
static/src/javascripts/projects/commercial/modules/header-bidding/prebid/appnexus.ts(24,44): error TS2339: Property 'replace' does not exist on type 'unknown'.
static/src/javascripts/projects/commercial/modules/header-bidding/prebid/appnexus.ts(121,53): error TS2345: Argument of type 'Record<string, unknown>' is not assignable to parameter of type 'PageTargeting'.
  Type 'Record<string, unknown>' is missing the following properties from type 'PageTargeting': sens, url, edition, ct, and 12 more.
static/src/javascripts/projects/commercial/modules/header-bidding/prebid/appnexus.ts(128,48): error TS2345: Argument of type 'Record<string, unknown>' is not assignable to parameter of type 'PageTargeting'.
static/src/javascripts/projects/commercial/modules/header-bidding/prebid/appnexus.ts(137,44): error TS2345: Argument of type 'Record<string, unknown>' is not assignable to parameter of type 'PageTargeting'.
static/src/javascripts/projects/commercial/modules/header-bidding/prebid/appnexus.ts(139,16): error TS2339: Property 'OzoneLotameData' does not exist on type 'Window & typeof globalThis'.
static/src/javascripts/projects/commercial/modules/header-bidding/prebid/appnexus.ts(139,51): error TS2339: Property 'OzoneLotameData' does not exist on type 'Window & typeof globalThis'.
static/src/javascripts/projects/commercial/modules/header-bidding/prebid/bid-config.ts(138,14): error TS2339: Property 'find' does not exist on type 'unknown'.
static/src/javascripts/projects/commercial/modules/header-bidding/prebid/bid-config.ts(284,9): error TS2345: Argument of type 'Record<string, unknown>' is not assignable to parameter of type 'PageTargeting'.
static/src/javascripts/projects/commercial/modules/header-bidding/prebid/bid-config.ts(319,60): error TS2345: Argument of type 'Record<string, unknown>' is not assignable to parameter of type 'PageTargeting'.
static/src/javascripts/projects/commercial/modules/header-bidding/prebid/bid-config.ts(326,60): error TS2345: Argument of type 'Record<string, unknown>' is not assignable to parameter of type 'PageTargeting'.
static/src/javascripts/projects/commercial/modules/header-bidding/prebid/bid-config.ts(333,56): error TS2345: Argument of type 'Record<string, unknown>' is not assignable to parameter of type 'PageTargeting'.
static/src/javascripts/projects/commercial/modules/header-bidding/prebid/bid-config.ts(341,41): error TS2322: Type '{ publisherId: string; siteId: string; placementId: string; customData: { settings: {}; targeting: {}; }[]; ozoneData: {}; }' is not assignable to type 'PrebidOzoneParams'.
  Types of property 'customData' are incompatible.
    Type '{ settings: {}; targeting: {}; }[]' is not assignable to type '[Record<string, unknown>]'.
      Target requires 1 element(s) but source may have fewer.
static/src/javascripts/projects/commercial/modules/header-bidding/prebid/bid-config.ts(361,9): error TS2322: Type 'unknown' is not assignable to type 'string'.
static/src/javascripts/projects/commercial/modules/header-bidding/prebid/bid-config.ts(363,51): error TS2345: Argument of type 'Record<string, unknown>' is not assignable to parameter of type 'PageTargeting'.
static/src/javascripts/projects/commercial/modules/header-bidding/prebid/bid-config.ts(364,9): error TS2322: Type 'unknown' is not assignable to type 'string'.
static/src/javascripts/projects/commercial/modules/header-bidding/prebid/bid-config.ts(479,9): error TS2322: Type 'unknown' is not assignable to type 'boolean'.
static/src/javascripts/projects/commercial/modules/header-bidding/prebid/prebid.spec.ts(35,16): error TS2339: Property 'pbjs' does not exist on type 'Window & typeof globalThis'.
static/src/javascripts/projects/commercial/modules/header-bidding/prebid/prebid.spec.ts(40,27): error TS2345: Argument of type 'Window & typeof globalThis' is not assignable to parameter of type '{ pbjs: { setConfig: (arg0: PbjsConfig) => void; bidderSettings: BidderSettings; enableAnalytics: (arg0: [EnableAnalyticsConfig]) => void; onEvent: (arg0: "bidWon", arg1: PbjsEventHandler) => void; }; }'.
static/src/javascripts/projects/commercial/modules/header-bidding/prebid/prebid.spec.ts(41,23): error TS2339: Property 'pbjs' does not exist on type 'Window & typeof globalThis'.
static/src/javascripts/projects/commercial/modules/header-bidding/prebid/prebid.spec.ts(123,27): error TS2345: Argument of type 'Window & typeof globalThis' is not assignable to parameter of type '{ pbjs: { setConfig: (arg0: PbjsConfig) => void; bidderSettings: BidderSettings; enableAnalytics: (arg0: [EnableAnalyticsConfig]) => void; onEvent: (arg0: "bidWon", arg1: PbjsEventHandler) => void; }; }'.
static/src/javascripts/projects/commercial/modules/header-bidding/prebid/prebid.spec.ts(124,23): error TS2339: Property 'pbjs' does not exist on type 'Window & typeof globalThis'.
static/src/javascripts/projects/commercial/modules/header-bidding/prebid/prebid.spec.ts(128,27): error TS2345: Argument of type 'Window & typeof globalThis' is not assignable to parameter of type '{ pbjs: { setConfig: (arg0: PbjsConfig) => void; bidderSettings: BidderSettings; enableAnalytics: (arg0: [EnableAnalyticsConfig]) => void; onEvent: (arg0: "bidWon", arg1: PbjsEventHandler) => void; }; }'.
static/src/javascripts/projects/commercial/modules/header-bidding/prebid/prebid.spec.ts(129,23): error TS2339: Property 'pbjs' does not exist on type 'Window & typeof globalThis'.
static/src/javascripts/projects/commercial/modules/header-bidding/prebid/prebid.spec.ts(136,27): error TS2345: Argument of type 'Window & typeof globalThis' is not assignable to parameter of type '{ pbjs: { setConfig: (arg0: PbjsConfig) => void; bidderSettings: BidderSettings; enableAnalytics: (arg0: [EnableAnalyticsConfig]) => void; onEvent: (arg0: "bidWon", arg1: PbjsEventHandler) => void; }; }'.
static/src/javascripts/projects/commercial/modules/header-bidding/prebid/prebid.spec.ts(137,23): error TS2339: Property 'pbjs' does not exist on type 'Window & typeof globalThis'.
static/src/javascripts/projects/commercial/modules/header-bidding/prebid/prebid.spec.ts(142,27): error TS2345: Argument of type 'Window & typeof globalThis' is not assignable to parameter of type '{ pbjs: { setConfig: (arg0: PbjsConfig) => void; bidderSettings: BidderSettings; enableAnalytics: (arg0: [EnableAnalyticsConfig]) => void; onEvent: (arg0: "bidWon", arg1: PbjsEventHandler) => void; }; }'.
static/src/javascripts/projects/commercial/modules/header-bidding/prebid/prebid.spec.ts(143,23): error TS2339: Property 'pbjs' does not exist on type 'Window & typeof globalThis'.
static/src/javascripts/projects/commercial/modules/header-bidding/prebid/prebid.spec.ts(154,16): error TS2339: Property 'pbjs' does not exist on type 'Window & typeof globalThis'.
static/src/javascripts/projects/commercial/modules/header-bidding/prebid/prebid.spec.ts(161,27): error TS2345: Argument of type 'Window & typeof globalThis' is not assignable to parameter of type '{ pbjs: { setConfig: (arg0: PbjsConfig) => void; bidderSettings: BidderSettings; enableAnalytics: (arg0: [EnableAnalyticsConfig]) => void; onEvent: (arg0: "bidWon", arg1: PbjsEventHandler) => void; }; }'.
static/src/javascripts/projects/commercial/modules/header-bidding/prebid/prebid.spec.ts(164,23): error TS2339: Property 'pbjs' does not exist on type 'Window & typeof globalThis'.
static/src/javascripts/projects/commercial/modules/header-bidding/prebid/prebid.spec.ts(167,32): error TS2554: Expected 0 arguments, but got 1.
static/src/javascripts/projects/commercial/modules/header-bidding/prebid/prebid.spec.ts(184,16): error TS2339: Property 'pbjs' does not exist on type 'Window & typeof globalThis'.
static/src/javascripts/projects/commercial/modules/header-bidding/prebid/prebid.spec.ts(189,27): error TS2345: Argument of type 'Window & typeof globalThis' is not assignable to parameter of type '{ pbjs: { setConfig: (arg0: PbjsConfig) => void; bidderSettings: BidderSettings; enableAnalytics: (arg0: [EnableAnalyticsConfig]) => void; onEvent: (arg0: "bidWon", arg1: PbjsEventHandler) => void; }; }'.
static/src/javascripts/projects/commercial/modules/header-bidding/prebid/prebid.spec.ts(192,23): error TS2339: Property 'pbjs' does not exist on type 'Window & typeof globalThis'.
static/src/javascripts/projects/commercial/modules/header-bidding/prebid/prebid.spec.ts(195,32): error TS2554: Expected 0 arguments, but got 1.
static/src/javascripts/projects/commercial/modules/header-bidding/prebid/prebid.spec.ts(208,16): error TS2339: Property 'pbjs' does not exist on type 'Window & typeof globalThis'.
static/src/javascripts/projects/commercial/modules/header-bidding/prebid/prebid.spec.ts(213,27): error TS2345: Argument of type 'Window & typeof globalThis' is not assignable to parameter of type '{ pbjs: { setConfig: (arg0: PbjsConfig) => void; bidderSettings: BidderSettings; enableAnalytics: (arg0: [EnableAnalyticsConfig]) => void; onEvent: (arg0: "bidWon", arg1: PbjsEventHandler) => void; }; }'.
static/src/javascripts/projects/commercial/modules/header-bidding/prebid/prebid.spec.ts(216,23): error TS2339: Property 'pbjs' does not exist on type 'Window & typeof globalThis'.
static/src/javascripts/projects/commercial/modules/header-bidding/prebid/prebid.spec.ts(219,32): error TS2554: Expected 0 arguments, but got 1.
static/src/javascripts/projects/commercial/modules/header-bidding/prebid/prebid.spec.ts(232,16): error TS2339: Property 'pbjs' does not exist on type 'Window & typeof globalThis'.
static/src/javascripts/projects/commercial/modules/header-bidding/prebid/prebid.spec.ts(237,27): error TS2345: Argument of type 'Window & typeof globalThis' is not assignable to parameter of type '{ pbjs: { setConfig: (arg0: PbjsConfig) => void; bidderSettings: BidderSettings; enableAnalytics: (arg0: [EnableAnalyticsConfig]) => void; onEvent: (arg0: "bidWon", arg1: PbjsEventHandler) => void; }; }'.
static/src/javascripts/projects/commercial/modules/header-bidding/prebid/prebid.spec.ts(240,23): error TS2339: Property 'pbjs' does not exist on type 'Window & typeof globalThis'.
static/src/javascripts/projects/commercial/modules/header-bidding/prebid/prebid.spec.ts(243,32): error TS2554: Expected 0 arguments, but got 1.
static/src/javascripts/projects/commercial/modules/header-bidding/prebid/prebid.ts(143,9): error TS2322: Type '{ syncsPerBidder: number; filterSettings: { all: { bidders: string; filter: string; }; }; syncEnabled?: undefined; } | { syncEnabled: boolean; syncsPerBidder?: undefined; filterSettings?: undefined; }' is not assignable to type 'UserSync'.
  Type '{ syncEnabled: boolean; syncsPerBidder?: undefined; filterSettings?: undefined; }' is not assignable to type 'UserSync'.
    Type '{ syncEnabled: boolean; syncsPerBidder?: undefined; filterSettings?: undefined; }' is not assignable to type '{ syncsPerBidder: number; filterSettings: { all: { bidders: string; filter: string; }; }; }'.
      Property 'syncsPerBidder' is optional in type '{ syncEnabled: boolean; syncsPerBidder?: undefined; filterSettings?: undefined; }' but required in type '{ syncsPerBidder: number; filterSettings: { all: { bidders: string; filter: string; }; }; }'.
static/src/javascripts/projects/commercial/modules/header-bidding/prebid/prebid.ts(156,21): error TS2322: Type 'unknown' is not assignable to type 'string'.
static/src/javascripts/projects/commercial/modules/header-bidding/prebid/prebid.ts(157,21): error TS2322: Type 'unknown' is not assignable to type 'string'.
static/src/javascripts/projects/commercial/modules/header-bidding/prebid/prebid.ts(165,5): error TS2741: Property 'xhb' is missing in type '{}' but required in type 'BidderSettings'.
static/src/javascripts/projects/commercial/modules/header-bidding/prebid/prebid.ts(230,5): error TS2322: Type 'Promise<unknown>' is not assignable to type 'Promise<void>'.
static/src/javascripts/projects/commercial/modules/header-bidding/prebid/prebid.ts(234,28): error TS2339: Property 'pbjs' does not exist on type 'Window & typeof globalThis'.
static/src/javascripts/projects/commercial/modules/header-bidding/prebid/prebid.ts(235,32): error TS2339: Property 'pbjs' does not exist on type 'Window & typeof globalThis'.
static/src/javascripts/projects/commercial/modules/header-bidding/prebid/prebid.ts(238,40): error TS2339: Property 'pbjs' does not exist on type 'Window & typeof globalThis'.
static/src/javascripts/projects/commercial/modules/header-bidding/prebid/prebid.ts(241,33): error TS2794: Expected 1 arguments, but got 0. Did you forget to include 'void' in your type argument to 'Promise'?
static/src/javascripts/projects/commercial/modules/header-bidding/slot-config.spec.ts(51,24): error TS2741: Property 'addSize' is missing in type '{ build: () => any[]; }' but required in type 'SizeMappingBuilder'.
static/src/javascripts/projects/commercial/modules/header-bidding/slot-config.spec.ts(54,23): error TS2740: Type '{ fake: string; defineSizeMapping: () => { fake: string; defineSizeMapping: ...; addService: () => ...; setTargeting: () => ...; }; addService: () => { fake: string; defineSizeMapping: () => ...; addService: ...; setTargeting: () => ...; }; setTargeting: () => { ...; }; }' is missing the following properties from type 'Slot': clearCategoryExclusions, clearTargeting, get, getAdUnitPath, and 12 more.
static/src/javascripts/projects/commercial/modules/header-bidding/slot-config.spec.ts(55,19): error TS2740: Type '{}' is missing the following properties from type 'PubAdsService': clear, clearCategoryExclusions, clearTagForChildDirectedTreatment, clearTargeting, and 32 more.
static/src/javascripts/projects/commercial/modules/header-bidding/slot-config.ts(165,18): error TS2345: Argument of type 'unknown' is not assignable to parameter of type 'string'.
static/src/javascripts/projects/commercial/modules/header-bidding/utils.spec.ts(137,20): error TS2339: Property 'switches' does not exist on type '{ get: (path?: string, defaultValue?: unknown) => unknown; set: (path: string, value: any) => void; hasTone: (name: string) => boolean; hasSeries: (name: string) => boolean; referencesOfType: (name: string) => string[]; referenceOfType: (name: string) => string; webPublicationDateAsUrlPart: () => string; dateFromSlu...'.
static/src/javascripts/projects/commercial/modules/header-bidding/utils.ts(125,5): error TS2322: Type 'unknown' is not assignable to type 'boolean'.
static/src/javascripts/projects/commercial/modules/header-bidding/utils.ts(133,5): error TS2322: Type 'unknown' is not assignable to type 'boolean'.
static/src/javascripts/projects/commercial/modules/hide-element.spec.ts(1,32): error TS2306: File '/Users/alex_sanders/Documents/code/frontend/node_modules/@types/jest/index.d.ts' is not a module.
static/src/javascripts/projects/commercial/modules/hide-element.ts(4,5): error TS2322: Type 'Promise<void>' is not assignable to type 'Promise<T>'.
  Type 'void' is not assignable to type 'T'.
    'T' could be instantiated with an arbitrary type which could be unrelated to 'void'.
static/src/javascripts/projects/commercial/modules/hosted/about.spec.ts(38,60): error TS2339: Property 'click' does not exist on type 'Element'.
static/src/javascripts/projects/commercial/modules/hosted/about.ts(44,59): error TS2355: A function whose declared type is neither 'void' nor 'any' must return a value.
static/src/javascripts/projects/commercial/modules/hosted/gallery.spec.ts(117,54): error TS2339: Property 'click' does not exist on type 'Element'.
static/src/javascripts/projects/commercial/modules/hosted/gallery.spec.ts(121,52): error TS2339: Property 'click' does not exist on type 'Element'.
static/src/javascripts/projects/commercial/modules/hosted/gallery.spec.ts(129,9): error TS2322: Type '() => void' is not assignable to type '{ new (): HTMLElement; prototype: HTMLElement; }'.
  Type '() => void' provides no match for the signature 'new (): HTMLElement'.
static/src/javascripts/projects/commercial/modules/hosted/gallery.ts(116,30): error TS2339: Property 'states' does not exist on type 'HostedGallery'.
static/src/javascripts/projects/commercial/modules/hosted/gallery.ts(239,9): error TS2322: Type 'unknown' is not assignable to type 'number'.
static/src/javascripts/projects/commercial/modules/hosted/gallery.ts(239,50): error TS2339: Property 'length' does not exist on type 'unknown'.
static/src/javascripts/projects/commercial/modules/hosted/gallery.ts(416,26): error TS2339: Property 'nav' does not exist on type 'Object'.
static/src/javascripts/projects/commercial/modules/hosted/gallery.ts(419,42): error TS2339: Property 'nav' does not exist on type 'Object'.
static/src/javascripts/projects/commercial/modules/hosted/gallery.ts(452,13): error TS2322: Type 'string' is not assignable to type 'number'.
static/src/javascripts/projects/commercial/modules/hosted/gallery.ts(508,25): error TS2339: Property 'states' does not exist on type 'HostedGallery'.
static/src/javascripts/projects/commercial/modules/hosted/next-video-autoplay.spec.ts(69,55): error TS2339: Property 'click' does not exist on type 'Element'.
static/src/javascripts/projects/commercial/modules/hosted/onward-journey-carousel.spec.ts(47,47): error TS2339: Property 'click' does not exist on type 'Element'.
static/src/javascripts/projects/commercial/modules/hosted/onward-journey-carousel.ts(28,28): error TS2339: Property 'css' does not exist on type 'Object'.
static/src/javascripts/projects/commercial/modules/hosted/onward-journey-carousel.ts(32,24): error TS2339: Property 'each' does not exist on type 'Object'.
static/src/javascripts/projects/commercial/modules/hosted/onward-journey-carousel.ts(35,28): error TS2339: Property 'css' does not exist on type 'Object'.
static/src/javascripts/projects/commercial/modules/hosted/onward-journey-carousel.ts(38,28): error TS2339: Property 'css' does not exist on type 'Object'.
static/src/javascripts/projects/commercial/modules/hosted/onward-journey-carousel.ts(49,46): error TS2345: Argument of type 'Object' is not assignable to parameter of type 'string | Node'.
  The 'Object' type is assignable to very few other types. Did you mean to use the 'any' type instead?
    Type 'Object' is not assignable to type 'string'.
static/src/javascripts/projects/commercial/modules/hosted/onward-journey-carousel.ts(52,28): error TS2339: Property 'length' does not exist on type 'Object'.
static/src/javascripts/projects/commercial/modules/hosted/onward-journey-carousel.ts(53,28): error TS2339: Property 'each' does not exist on type 'Object'.
static/src/javascripts/projects/commercial/modules/hosted/onward-journey-carousel.ts(56,28): error TS2339: Property 'each' does not exist on type 'Object'.
static/src/javascripts/projects/commercial/modules/hosted/onward-journey-carousel.ts(62,24): error TS2339: Property 'each' does not exist on type 'Object'.
static/src/javascripts/projects/commercial/modules/hosted/onward.ts(11,5): error TS2322: Type 'Element[]' is not assignable to type 'HTMLElement[]'.
static/src/javascripts/projects/commercial/modules/hosted/onward.ts(14,5): error TS2741: Property 'page' is missing in type '{ get: (path?: string, defaultValue?: unknown) => unknown; set: (path: string, value: any) => void; hasTone: (name: string) => boolean; hasSeries: (name: string) => boolean; referencesOfType: (name: string) => string[]; referenceOfType: (name: string) => string; webPublicationDateAsUrlPart: () => string; dateFromSlu...' but required in type '{ page: { ajaxUrl: string; pageId: string; contentType: string; }; }'.
static/src/javascripts/projects/commercial/modules/hosted/video.ts(16,12): error TS2339: Property 'loadingSpinner' does not exist on type 'Object'.
static/src/javascripts/projects/commercial/modules/hosted/video.ts(21,29): error TS2339: Property 'el' does not exist on type 'Object'.
static/src/javascripts/projects/commercial/modules/hosted/video.ts(25,16): error TS2339: Property 'setAttribute' does not exist on type 'unknown'.
static/src/javascripts/projects/commercial/modules/hosted/video.ts(30,20): error TS2339: Property 'setAttribute' does not exist on type 'unknown'.
static/src/javascripts/projects/commercial/modules/hosted/video.ts(35,20): error TS2339: Property 'setAttribute' does not exist on type 'unknown'.
static/src/javascripts/projects/commercial/modules/hosted/video.ts(40,20): error TS2339: Property 'setAttribute' does not exist on type 'unknown'.
static/src/javascripts/projects/commercial/modules/hosted/video.ts(44,16): error TS2339: Property 'setAttribute' does not exist on type 'unknown'.
static/src/javascripts/projects/commercial/modules/hosted/video.ts(48,20): error TS2339: Property 'setAttribute' does not exist on type 'unknown'.
static/src/javascripts/projects/commercial/modules/hosted/video.ts(53,20): error TS2339: Property 'setAttribute' does not exist on type 'unknown'.
static/src/javascripts/projects/commercial/modules/hosted/video.ts(58,20): error TS2339: Property 'setAttribute' does not exist on type 'unknown'.
static/src/javascripts/projects/commercial/modules/hosted/video.ts(64,16): error TS2339: Property 'setAttribute' does not exist on type 'unknown'.
static/src/javascripts/projects/commercial/modules/hosted/video.ts(70,24): error TS2339: Property 'error' does not exist on type 'Object'.
static/src/javascripts/projects/commercial/modules/hosted/video.ts(125,12): error TS2339: Property 'guMediaType' does not exist on type 'Object'.
static/src/javascripts/projects/commercial/modules/hosted/video.ts(126,21): error TS2339: Property 'plugin' does not exist on type '(el: string | HTMLElement, options: Object, callback?: () => void) => Object'.
static/src/javascripts/projects/commercial/modules/hosted/video.ts(128,53): error TS2339: Property 'guMediaType' does not exist on type 'Object'.
static/src/javascripts/projects/commercial/modules/hosted/video.ts(131,12): error TS2339: Property 'ready' does not exist on type 'Object'.
static/src/javascripts/projects/commercial/modules/hosted/video.ts(137,20): error TS2339: Property 'one' does not exist on type 'Object'.
static/src/javascripts/projects/commercial/modules/hosted/video.ts(163,24): error TS2345: Argument of type 'Element' is not assignable to parameter of type 'HTMLElement'.
static/src/javascripts/projects/commercial/modules/hosted/youtube.ts(110,43): error TS2339: Property 'YT' does not exist on type 'Window & typeof globalThis'.
static/src/javascripts/projects/commercial/modules/hosted/youtube.ts(128,43): error TS2339: Property 'YT' does not exist on type 'Window & typeof globalThis'.
static/src/javascripts/projects/commercial/modules/hosted/youtube.ts(145,25): error TS2345: Argument of type 'unknown' is not assignable to parameter of type 'Page'.
  Type '{}' is missing the following properties from type 'Page': isDev, contentType, host, productionOffice
static/src/javascripts/projects/commercial/modules/ipsos-mori.ts(33,12): error TS2339: Property 'dm' does not exist on type 'Window & typeof globalThis'.
static/src/javascripts/projects/commercial/modules/ipsos-mori.ts(33,24): error TS2339: Property 'dm' does not exist on type 'Window & typeof globalThis'.
static/src/javascripts/projects/commercial/modules/ipsos-mori.ts(34,12): error TS2339: Property 'dm' does not exist on type 'Window & typeof globalThis'.
static/src/javascripts/projects/commercial/modules/ipsos-mori.ts(35,9): error TS2304: Cannot find name 'dm'.
static/src/javascripts/projects/commercial/modules/ipsos-mori.ts(36,20): error TS2339: Property 'DotMetricsObj' does not exist on type 'Window & typeof globalThis'.
static/src/javascripts/projects/commercial/modules/ipsos-mori.ts(37,13): error TS2304: Cannot find name 'DotMetricsObj'.
static/src/javascripts/projects/commercial/modules/ipsos-mori.ts(56,48): error TS2345: Argument of type 'unknown' is not assignable to parameter of type 'string'.
static/src/javascripts/projects/commercial/modules/liveblog-adverts.ts(107,17): error TS2554: Expected 3 arguments, but got 2.
static/src/javascripts/projects/commercial/modules/messenger.spec.ts(14,20): error TS2769: No overload matches this call.
  Overload 1 of 4, '(object: Global, method: "undefined" | "clearInterval" | "clearTimeout" | "queueMicrotask" | "setInterval" | "setTimeout" | "eval" | "parseInt" | "parseFloat" | "isNaN" | "isFinite" | ... 24 more ... | "v8debug"): SpyInstance<...>', gave the following error.
    Argument of type '"addEventListener"' is not assignable to parameter of type '"undefined" | "clearInterval" | "clearTimeout" | "queueMicrotask" | "setInterval" | "setTimeout" | "eval" | "parseInt" | "parseFloat" | "isNaN" | "isFinite" | "decodeURI" | ... 23 more ... | "v8debug"'.
  Overload 2 of 4, '(object: Global, method: "undefined" | "ArrayBuffer" | "Int8Array" | "Uint8Array" | "Int16Array" | "Uint16Array" | "Int32Array" | "Uint32Array" | "Float32Array" | "Float64Array" | ... 21 more ... | "v8debug"): SpyInstance<...>', gave the following error.
    Argument of type '"addEventListener"' is not assignable to parameter of type '"undefined" | "ArrayBuffer" | "Int8Array" | "Uint8Array" | "Int16Array" | "Uint16Array" | "Int32Array" | "Uint32Array" | "Float32Array" | "Float64Array" | "Object" | "Function" | ... 19 more ... | "v8debug"'.
static/src/javascripts/projects/commercial/modules/messenger.spec.ts(17,20): error TS2769: No overload matches this call.
  Overload 1 of 4, '(object: Global, method: "undefined" | "clearInterval" | "clearTimeout" | "queueMicrotask" | "setInterval" | "setTimeout" | "eval" | "parseInt" | "parseFloat" | "isNaN" | "isFinite" | ... 24 more ... | "v8debug"): SpyInstance<...>', gave the following error.
    Argument of type '"removeEventListener"' is not assignable to parameter of type '"undefined" | "clearInterval" | "clearTimeout" | "queueMicrotask" | "setInterval" | "setTimeout" | "eval" | "parseInt" | "parseFloat" | "isNaN" | "isFinite" | "decodeURI" | ... 23 more ... | "v8debug"'.
  Overload 2 of 4, '(object: Global, method: "undefined" | "ArrayBuffer" | "Int8Array" | "Uint8Array" | "Int16Array" | "Uint16Array" | "Int32Array" | "Uint32Array" | "Float32Array" | "Float64Array" | ... 21 more ... | "v8debug"): SpyInstance<...>', gave the following error.
    Argument of type '"removeEventListener"' is not assignable to parameter of type '"undefined" | "ArrayBuffer" | "Int8Array" | "Uint8Array" | "Int16Array" | "Uint16Array" | "Int32Array" | "Uint32Array" | "Float32Array" | "Float64Array" | "Object" | "Function" | ... 19 more ... | "v8debug"'.
static/src/javascripts/projects/commercial/modules/messenger.ts(124,9): error TS2554: Expected 3 arguments, but got 2.
static/src/javascripts/projects/commercial/modules/messenger.ts(185,40): error TS2769: No overload matches this call.
  Overload 1 of 2, '(type: "message", listener: (this: Window, ev: MessageEvent<any>) => any, options?: boolean | AddEventListenerOptions): void', gave the following error.
    Argument of type '(event: Event) => void' is not assignable to parameter of type '(this: Window, ev: MessageEvent<any>) => any'.
      Types of parameters 'event' and 'ev' are incompatible.
        Type 'MessageEvent<any>' is not assignable to type 'Event'.
          Types of property 'source' are incompatible.
            Type 'MessageEventSource' is not assignable to type 'string'.
              Type 'MessagePort' is not assignable to type 'string'.
  Overload 2 of 2, '(type: string, listener: EventListenerOrEventListenerObject, options?: boolean | AddEventListenerOptions): void', gave the following error.
    Argument of type '(event: Event) => void' is not assignable to parameter of type 'EventListenerOrEventListenerObject'.
      Type '(event: Event) => void' is not assignable to type 'EventListener'.
        Types of parameters 'event' and 'evt' are incompatible.
          Type 'Event' is missing the following properties from type 'Event': data, origin, source
static/src/javascripts/projects/commercial/modules/messenger.ts(189,43): error TS2769: No overload matches this call.
  Overload 1 of 2, '(type: "message", listener: (this: Window, ev: MessageEvent<any>) => any, options?: boolean | EventListenerOptions): void', gave the following error.
    Argument of type '(event: Event) => void' is not assignable to parameter of type '(this: Window, ev: MessageEvent<any>) => any'.
      Types of parameters 'event' and 'ev' are incompatible.
        Type 'MessageEvent<any>' is not assignable to type 'Event'.
  Overload 2 of 2, '(type: string, listener: EventListenerOrEventListenerObject, options?: boolean | EventListenerOptions): void', gave the following error.
    Argument of type '(event: Event) => void' is not assignable to parameter of type 'EventListenerOrEventListenerObject'.
      Type '(event: Event) => void' is not assignable to type 'EventListener'.
static/src/javascripts/projects/commercial/modules/messenger.ts(202,32): error TS2339: Property 'window' does not exist on type 'Object'.
static/src/javascripts/projects/commercial/modules/messenger.ts(206,28): error TS2339: Property 'persist' does not exist on type 'Object'.
static/src/javascripts/projects/commercial/modules/messenger.ts(244,21): error TS2339: Property 'window' does not exist on type 'Object'.
static/src/javascripts/projects/commercial/modules/messenger/background.spec.ts(54,29): error TS2339: Property 'className' does not exist on type 'Object'.
static/src/javascripts/projects/commercial/modules/messenger/background.spec.ts(62,27): error TS2339: Property 'scrollType' does not exist on type 'Object'.
static/src/javascripts/projects/commercial/modules/messenger/background.spec.ts(63,27): error TS2339: Property 'backgroundColor' does not exist on type 'Object'.
static/src/javascripts/projects/commercial/modules/messenger/background.spec.ts(64,27): error TS2339: Property 'backgroundImage' does not exist on type 'Object'.
static/src/javascripts/projects/commercial/modules/messenger/background.spec.ts(65,27): error TS2339: Property 'backgroundRepeat' does not exist on type 'Object'.
static/src/javascripts/projects/commercial/modules/messenger/background.spec.ts(66,27): error TS2339: Property 'backgroundPosition' does not exist on type 'Object'.
static/src/javascripts/projects/commercial/modules/messenger/background.spec.ts(67,27): error TS2339: Property 'backgroundSize' does not exist on type 'Object'.
static/src/javascripts/projects/commercial/modules/messenger/background.spec.ts(68,27): error TS2339: Property 'transform' does not exist on type 'Object'.
static/src/javascripts/projects/commercial/modules/messenger/background.ts(34,5): error TS2739: Type '{}' is missing the following properties from type 'SpecStyles': backgroundColor, backgroundImage, backgroundRepeat, backgroundPosition
static/src/javascripts/projects/commercial/modules/messenger/background.ts(41,20): error TS2339: Property 'backgroundColor' does not exist on type '{}'.
static/src/javascripts/projects/commercial/modules/messenger/background.ts(70,18): error TS2315: Type 'HTMLCollection' is not generic.
static/src/javascripts/projects/commercial/modules/messenger/background.ts(74,24): error TS2315: Type 'HTMLCollection' is not generic.
static/src/javascripts/projects/commercial/modules/messenger/background.ts(127,49): error TS2339: Property 'contain' does not exist on type 'CSSStyleDeclaration'.
static/src/javascripts/projects/commercial/modules/messenger/background.ts(259,44): error TS2345: Argument of type 'Element' is not assignable to parameter of type 'HTMLElement'.
static/src/javascripts/projects/commercial/modules/messenger/background.ts(264,34): error TS2345: Argument of type 'Element' is not assignable to parameter of type 'HTMLElement'.
static/src/javascripts/projects/commercial/modules/messenger/background.ts(298,5): error TS2554: Expected 3 arguments, but got 2.
static/src/javascripts/projects/commercial/modules/messenger/click.spec.ts(2,32): error TS2306: File '/Users/alex_sanders/Documents/code/frontend/node_modules/@types/jest/index.d.ts' is not a module.
static/src/javascripts/projects/commercial/modules/messenger/click.ts(9,5): error TS2554: Expected 3 arguments, but got 2.
static/src/javascripts/projects/commercial/modules/messenger/click.ts(11,20): error TS2339: Property 'closest' does not exist on type '{}'.
static/src/javascripts/projects/commercial/modules/messenger/disable-refresh.ts(34,5): error TS2554: Expected 3 arguments, but got 2.
static/src/javascripts/projects/commercial/modules/messenger/get-page-targeting.ts(5,5): error TS2554: Expected 3 arguments, but got 2.
static/src/javascripts/projects/commercial/modules/messenger/get-page-url.ts(4,5): error TS2554: Expected 3 arguments, but got 2.
static/src/javascripts/projects/commercial/modules/messenger/get-stylesheet.spec.ts(53,23): error TS2339: Property 'length' does not exist on type 'Object'.
static/src/javascripts/projects/commercial/modules/messenger/get-stylesheet.spec.ts(60,23): error TS2339: Property 'length' does not exist on type 'Object'.
static/src/javascripts/projects/commercial/modules/messenger/get-stylesheet.spec.ts(68,23): error TS2339: Property 'length' does not exist on type 'Object'.
static/src/javascripts/projects/commercial/modules/messenger/get-stylesheet.ts(42,5): error TS2554: Expected 3 arguments, but got 2.
static/src/javascripts/projects/commercial/modules/messenger/hide.ts(5,5): error TS2554: Expected 3 arguments, but got 2.
static/src/javascripts/projects/commercial/modules/messenger/resize.spec.ts(1,32): error TS2306: File '/Users/alex_sanders/Documents/code/frontend/node_modules/@types/jest/index.d.ts' is not a module.
static/src/javascripts/projects/commercial/modules/messenger/resize.ts(41,16): error TS2339: Property 'width' does not exist on type '{}'.
static/src/javascripts/projects/commercial/modules/messenger/resize.ts(45,16): error TS2339: Property 'height' does not exist on type '{}'.
static/src/javascripts/projects/commercial/modules/messenger/resize.ts(67,5): error TS2554: Expected 3 arguments, but got 2.
static/src/javascripts/projects/commercial/modules/messenger/scroll.spec.ts(44,28): error TS2769: No overload matches this call.
  Overload 1 of 4, '(object: Global, method: "undefined" | "clearInterval" | "clearTimeout" | "queueMicrotask" | "setInterval" | "setTimeout" | "eval" | "parseInt" | "parseFloat" | "isNaN" | "isFinite" | ... 24 more ... | "v8debug"): SpyInstance<...>', gave the following error.
    Argument of type '"addEventListener"' is not assignable to parameter of type '"undefined" | "clearInterval" | "clearTimeout" | "queueMicrotask" | "setInterval" | "setTimeout" | "eval" | "parseInt" | "parseFloat" | "isNaN" | "isFinite" | "decodeURI" | ... 23 more ... | "v8debug"'.
  Overload 2 of 4, '(object: Global, method: "undefined" | "ArrayBuffer" | "Int8Array" | "Uint8Array" | "Int16Array" | "Uint16Array" | "Int32Array" | "Uint32Array" | "Float32Array" | "Float64Array" | ... 21 more ... | "v8debug"): SpyInstance<...>', gave the following error.
    Argument of type '"addEventListener"' is not assignable to parameter of type '"undefined" | "ArrayBuffer" | "Int8Array" | "Uint8Array" | "Int16Array" | "Uint16Array" | "Int32Array" | "Uint32Array" | "Float32Array" | "Float64Array" | "Object" | "Function" | ... 19 more ... | "v8debug"'.
static/src/javascripts/projects/commercial/modules/messenger/scroll.spec.ts(45,13): error TS2345: Argument of type '(_: any, callback: any) => void' is not assignable to parameter of type '() => any'.
static/src/javascripts/projects/commercial/modules/messenger/scroll.spec.ts(49,28): error TS2769: No overload matches this call.
  Overload 1 of 4, '(object: Global, method: "undefined" | "clearInterval" | "clearTimeout" | "queueMicrotask" | "setInterval" | "setTimeout" | "eval" | "parseInt" | "parseFloat" | "isNaN" | "isFinite" | ... 24 more ... | "v8debug"): SpyInstance<...>', gave the following error.
    Argument of type '"removeEventListener"' is not assignable to parameter of type '"undefined" | "clearInterval" | "clearTimeout" | "queueMicrotask" | "setInterval" | "setTimeout" | "eval" | "parseInt" | "parseFloat" | "isNaN" | "isFinite" | "decodeURI" | ... 23 more ... | "v8debug"'.
  Overload 2 of 4, '(object: Global, method: "undefined" | "ArrayBuffer" | "Int8Array" | "Uint8Array" | "Int16Array" | "Uint16Array" | "Int32Array" | "Uint32Array" | "Float32Array" | "Float64Array" | ... 21 more ... | "v8debug"): SpyInstance<...>', gave the following error.
    Argument of type '"removeEventListener"' is not assignable to parameter of type '"undefined" | "ArrayBuffer" | "Int8Array" | "Uint8Array" | "Int16Array" | "Uint16Array" | "Int32Array" | "Uint32Array" | "Float32Array" | "Float64Array" | "Object" | "Function" | ... 19 more ... | "v8debug"'.
static/src/javascripts/projects/commercial/modules/messenger/scroll.ts(23,16): error TS2503: Cannot find namespace 'window'.
static/src/javascripts/projects/commercial/modules/messenger/scroll.ts(94,4): error TS2355: A function whose declared type is neither 'void' nor 'any' must return a value.
static/src/javascripts/projects/commercial/modules/messenger/scroll.ts(157,24): error TS2345: Argument of type '(respond: any, start: any, iframe: Element | null | undefined) => void' is not assignable to parameter of type '() => any[] | Promise<any>'.
static/src/javascripts/projects/commercial/modules/messenger/type.ts(9,5): error TS2554: Expected 3 arguments, but got 2.
static/src/javascripts/projects/commercial/modules/messenger/viewport.spec.ts(40,15): error TS2345: Argument of type '{ addEventListener(_: any, callback: any): void; removeEventListener(): void; }' is not assignable to parameter of type 'Window'.
  Type '{ addEventListener(_: any, callback: any): void; removeEventListener(): void; }' is missing the following properties from type 'Window': applicationCache, clientInformation, closed, customElements, and 226 more.
static/src/javascripts/projects/commercial/modules/messenger/viewport.spec.ts(46,9): error TS2554: Expected 1 arguments, but got 0.
static/src/javascripts/projects/commercial/modules/messenger/viewport.ts(13,5): error TS2322: Type 'Window' is not assignable to type 'Window & typeof globalThis'.
  Type 'Window' is missing the following properties from type 'typeof globalThis': globalThis, eval, parseInt, parseFloat, and 760 more.
static/src/javascripts/projects/commercial/modules/messenger/viewport.ts(77,26): error TS2345: Argument of type '(respond: any, start: any, iframe: Element | null | undefined) => void' is not assignable to parameter of type '() => any[] | Promise<any>'.
static/src/javascripts/projects/commercial/modules/mobile-sticky.ts(44,53): error TS2345: Argument of type 'Element' is not assignable to parameter of type 'HTMLElement'.
static/src/javascripts/projects/commercial/modules/paid-containers.ts(5,41): error TS2304: Cannot find name 'EventHandler'.
static/src/javascripts/projects/commercial/modules/paid-containers.ts(11,29): error TS2304: Cannot find name 'EventHandler'.
static/src/javascripts/projects/commercial/modules/paidfor-band.ts(11,20): error TS2345: Argument of type 'Element' is not assignable to parameter of type 'HTMLElement'.
static/src/javascripts/projects/commercial/modules/sticky-mpu.spec.ts(15,52): error TS2345: Argument of type 'Promise<number>' is not assignable to parameter of type 'Promise<void>'.
static/src/javascripts/projects/commercial/modules/sticky-mpu.spec.ts(48,20): error TS2540: Cannot assign to 'dataset' because it is a read-only property.
static/src/javascripts/projects/commercial/modules/sticky-mpu.spec.ts(92,20): error TS2540: Cannot assign to 'dataset' because it is a read-only property.
static/src/javascripts/projects/commercial/modules/sticky-mpu.ts(16,30): error TS2345: Argument of type '(specs: any, _: any, iframe: HTMLElement) => void' is not assignable to parameter of type '() => Promise<any>'.
static/src/javascripts/projects/commercial/modules/sticky-mpu.ts(51,17): error TS2554: Expected 3 arguments, but got 2.
static/src/javascripts/projects/commercial/modules/sticky-mpu.ts(106,17): error TS2554: Expected 3 arguments, but got 2.
static/src/javascripts/projects/commercial/modules/sticky-top-banner.spec.ts(29,26): error TS2349: This expression is not callable.
  Type '{ ensure(ids: string[], callback?: {}, chunkName?: string): void; resolve: (id: string) => string; cache: any; main: NodeModule; }' has no call signatures.
static/src/javascripts/projects/commercial/modules/sticky-top-banner.spec.ts(31,1): error TS2322: Type 'Mock<{ height: number; }, []>' is not assignable to type '() => DOMRect'.
  Type '{ height: number; }' is missing the following properties from type 'DOMRect': width, x, y, bottom, and 4 more.
static/src/javascripts/projects/commercial/modules/sticky-top-banner.spec.ts(55,16): error TS2540: Cannot assign to 'pageYOffset' because it is a read-only property.
static/src/javascripts/projects/commercial/modules/sticky-top-banner.spec.ts(77,16): error TS2540: Cannot assign to 'pageYOffset' because it is a read-only property.
static/src/javascripts/projects/commercial/modules/sticky-top-banner.spec.ts(83,24): error TS2540: Cannot assign to 'pageYOffset' because it is a read-only property.
static/src/javascripts/projects/commercial/modules/sticky-top-banner.spec.ts(118,16): error TS2540: Cannot assign to 'pageYOffset' because it is a read-only property.
static/src/javascripts/projects/commercial/modules/sticky-top-banner.spec.ts(123,24): error TS2540: Cannot assign to 'pageYOffset' because it is a read-only property.
static/src/javascripts/projects/commercial/modules/sticky-top-banner.spec.ts(169,16): error TS2540: Cannot assign to 'pageYOffset' because it is a read-only property.
static/src/javascripts/projects/commercial/modules/sticky-top-banner.ts(105,30): error TS2345: Argument of type '(specs: any, _: any, iframe: Element | null | undefined) => void' is not assignable to parameter of type '() => Promise<any>'.
static/src/javascripts/projects/commercial/modules/sticky-top-banner.ts(114,5): error TS2554: Expected 3 arguments, but got 2.
static/src/javascripts/projects/commercial/modules/third-party-tags.ts(76,39): error TS2345: Argument of type 'string' is not assignable to parameter of type '"a9" | "acast" | "braze" | "comscore" | "facebook-mobile" | "fb" | "firebase" | "google-analytics" | "google-mobile-ads" | "google-sign-in" | "google-tag-manager" | "googletag" | ... 13 more ... | "youtube-player"'.
static/src/javascripts/projects/commercial/modules/third-party-tags.ts(87,23): error TS2322: Type 'unknown' is not assignable to type 'boolean'.
static/src/javascripts/projects/commercial/modules/third-party-tags.ts(88,21): error TS2322: Type 'unknown' is not assignable to type 'boolean'.
static/src/javascripts/projects/commercial/modules/third-party-tags.ts(89,15): error TS2322: Type 'unknown' is not assignable to type 'boolean'.
static/src/javascripts/projects/commercial/modules/third-party-tags.ts(90,18): error TS2322: Type 'unknown' is not assignable to type 'boolean'.
static/src/javascripts/projects/commercial/modules/third-party-tags.ts(92,13): error TS2322: Type 'unknown' is not assignable to type 'boolean'.
static/src/javascripts/projects/commercial/modules/third-party-tags.ts(94,19): error TS2322: Type 'unknown' is not assignable to type 'boolean'.
static/src/javascripts/projects/commercial/modules/third-party-tags/imr-worldwide.spec.ts(52,8): error TS2339: Property 'NOLCMB' does not exist on type 'Window & typeof globalThis'.
static/src/javascripts/projects/commercial/modules/third-party-tags/imr-worldwide.ts(63,60): error TS2339: Property 'toLowerCase' does not exist on type 'unknown'.
static/src/javascripts/projects/commercial/modules/third-party-tags/imr-worldwide.ts(78,33): error TS2339: Property 'getInstance' does not exist on type 'Object'.
static/src/javascripts/projects/common/modules/analytics/beacon.spec.ts(7,12): error TS2339: Property 'page' does not exist on type '{ get: (path?: string, defaultValue?: unknown) => unknown; set: (path: string, value: any) => void; hasTone: (name: string) => boolean; hasSeries: (name: string) => boolean; referencesOfType: (name: string) => string[]; referenceOfType: (name: string) => string; webPublicationDateAsUrlPart: () => string; dateFromSlu...'.
static/src/javascripts/projects/common/modules/analytics/beacon.ts(4,30): error TS2749: 'Image' refers to a value, but is being used as a type here. Did you mean 'typeof Image'?
static/src/javascripts/projects/common/modules/analytics/beacon.ts(16,14): error TS2339: Property 'replace' does not exist on type 'unknown'.
static/src/javascripts/projects/common/modules/analytics/google.ts(43,32): error TS2339: Property 'dataset' does not exist on type 'Object'.
static/src/javascripts/projects/common/modules/analytics/google.ts(70,15): error TS2339: Property 'timingCategory' does not exist on type 'Object'.
static/src/javascripts/projects/common/modules/analytics/google.ts(71,15): error TS2339: Property 'timingVar' does not exist on type 'Object'.
static/src/javascripts/projects/common/modules/analytics/google.ts(72,15): error TS2339: Property 'timeSincePageLoad' does not exist on type 'Object'.
static/src/javascripts/projects/common/modules/analytics/google.ts(73,15): error TS2339: Property 'timingLabel' does not exist on type 'Object'.
static/src/javascripts/projects/common/modules/analytics/google.ts(82,63): error TS2339: Property 'timingVar' does not exist on type 'Object'.
static/src/javascripts/projects/common/modules/analytics/google.ts(89,32): error TS2339: Property 'timeSincePageLoad' does not exist on type 'Object'.
static/src/javascripts/projects/common/modules/analytics/google.ts(94,19): error TS2339: Property 'timingCategory' does not exist on type 'Object'.
static/src/javascripts/projects/common/modules/analytics/google.ts(95,19): error TS2339: Property 'timingVar' does not exist on type 'Object'.
static/src/javascripts/projects/common/modules/analytics/google.ts(96,19): error TS2339: Property 'timingLabel' does not exist on type 'Object'.
static/src/javascripts/projects/common/modules/analytics/google.ts(97,19): error TS2339: Property 'timeSincePageLoad' does not exist on type 'Object'.
static/src/javascripts/projects/common/modules/analytics/google.ts(117,26): error TS2339: Property 'map' does not exist on type 'unknown'.
static/src/javascripts/projects/common/modules/analytics/google.ts(132,26): error TS2339: Property 'push' does not exist on type 'unknown'.
static/src/javascripts/projects/common/modules/analytics/interaction-tracking.ts(23,12): error TS2339: Property 'hasAttribute' does not exist on type 'Object'.
static/src/javascripts/projects/common/modules/analytics/interaction-tracking.ts(82,9): error TS2554: Expected 2 arguments, but got 1.
static/src/javascripts/projects/common/modules/analytics/interaction-tracking.ts(94,17): error TS2339: Property 'location' does not exist on type 'Object'.
static/src/javascripts/projects/common/modules/analytics/interaction-tracking.ts(95,23): error TS2339: Property 'location' does not exist on type 'Object'.
static/src/javascripts/projects/common/modules/analytics/mvt-cookie.ts(19,9): error TS2554: Expected 3-4 arguments, but got 2.
static/src/javascripts/projects/common/modules/analytics/scrollDepth.ts(34,35): error TS1093: Type annotation cannot appear on a constructor declaration.
static/src/javascripts/projects/common/modules/analytics/scrollDepth.ts(67,62): error TS2339: Property 'changeThreshold' does not exist on type 'Object'.
static/src/javascripts/projects/common/modules/analytics/scrollDepth.ts(82,35): error TS2339: Property 'isContent' does not exist on type 'Object'.
static/src/javascripts/projects/common/modules/article/rich-links.spec.ts(8,16): error TS2315: Type 'NodeList' is not generic.
static/src/javascripts/projects/common/modules/article/rich-links.spec.ts(17,23): error TS2315: Type 'NodeList' is not generic.
static/src/javascripts/projects/common/modules/article/rich-links.spec.ts(31,37): error TS2315: Type 'HTMLCollection' is not generic.
static/src/javascripts/projects/common/modules/article/rich-links.spec.ts(41,16): error TS2339: Property 'page' does not exist on type '{ get: (path?: string, defaultValue?: unknown) => unknown; set: (path: string, value: any) => void; hasTone: (name: string) => boolean; hasSeries: (name: string) => boolean; referencesOfType: (name: string) => string[]; referenceOfType: (name: string) => string; webPublicationDateAsUrlPart: () => string; dateFromSlu...'.
static/src/javascripts/projects/common/modules/article/rich-links.spec.ts(56,23): error TS2339: Property 'page' does not exist on type '{ get: (path?: string, defaultValue?: unknown) => unknown; set: (path: string, value: any) => void; hasTone: (name: string) => boolean; hasSeries: (name: string) => boolean; referencesOfType: (name: string) => string[]; referenceOfType: (name: string) => string; webPublicationDateAsUrlPart: () => string; dateFromSlu...'.
static/src/javascripts/projects/common/modules/article/rich-links.spec.ts(62,31): error TS2339: Property 'page' does not exist on type '{ get: (path?: string, defaultValue?: unknown) => unknown; set: (path: string, value: any) => void; hasTone: (name: string) => boolean; hasSeries: (name: string) => boolean; referencesOfType: (name: string) => string[]; referenceOfType: (name: string) => string; webPublicationDateAsUrlPart: () => string; dateFromSlu...'.
static/src/javascripts/projects/common/modules/article/rich-links.spec.ts(72,24): error TS2339: Property 'page' does not exist on type '{ get: (path?: string, defaultValue?: unknown) => unknown; set: (path: string, value: any) => void; hasTone: (name: string) => boolean; hasSeries: (name: string) => boolean; referencesOfType: (name: string) => string[]; referenceOfType: (name: string) => string; webPublicationDateAsUrlPart: () => string; dateFromSlu...'.
static/src/javascripts/projects/common/modules/article/rich-links.spec.ts(82,24): error TS2339: Property 'page' does not exist on type '{ get: (path?: string, defaultValue?: unknown) => unknown; set: (path: string, value: any) => void; hasTone: (name: string) => boolean; hasSeries: (name: string) => boolean; referencesOfType: (name: string) => string[]; referenceOfType: (name: string) => string; webPublicationDateAsUrlPart: () => string; dateFromSlu...'.
static/src/javascripts/projects/common/modules/article/rich-links.spec.ts(92,24): error TS2339: Property 'page' does not exist on type '{ get: (path?: string, defaultValue?: unknown) => unknown; set: (path: string, value: any) => void; hasTone: (name: string) => boolean; hasSeries: (name: string) => boolean; referencesOfType: (name: string) => string[]; referenceOfType: (name: string) => string; webPublicationDateAsUrlPart: () => string; dateFromSlu...'.
static/src/javascripts/projects/common/modules/article/rich-links.spec.ts(108,48): error TS2339: Property 'page' does not exist on type '{ get: (path?: string, defaultValue?: unknown) => unknown; set: (path: string, value: any) => void; hasTone: (name: string) => boolean; hasSeries: (name: string) => boolean; referencesOfType: (name: string) => string[]; referenceOfType: (name: string) => string; webPublicationDateAsUrlPart: () => string; dateFromSlu...'.
static/src/javascripts/projects/common/modules/article/rich-links.ts(28,13): error TS2488: Type 'HTMLCollection' must have a '[Symbol.iterator]()' method that returns an iterator.
static/src/javascripts/projects/common/modules/article/rich-links.ts(49,29): error TS2339: Property 'html' does not exist on type 'Object'.
static/src/javascripts/projects/common/modules/article/rich-links.ts(66,11): error TS2322: Type 'unknown' is not assignable to type 'string'.
static/src/javascripts/projects/common/modules/article/rich-links.ts(135,27): error TS2345: Argument of type 'unknown' is not assignable to parameter of type 'string'.
static/src/javascripts/projects/common/modules/article/rich-links.ts(145,11): error TS2322: Type 'unknown' is not assignable to type 'boolean'.
static/src/javascripts/projects/common/modules/article/rich-links.ts(156,38): error TS2339: Property 'includes' does not exist on type 'unknown'.
static/src/javascripts/projects/common/modules/article/rich-links.ts(162,14): error TS2554: Expected 3 arguments, but got 2.
static/src/javascripts/projects/common/modules/article/rich-links.ts(164,21): error TS2322: Type 'unknown' is not assignable to type 'string'.
static/src/javascripts/projects/common/modules/article/space-filler.spec.ts(23,18): error TS2304: Cannot find name 'JestMockFn'.
static/src/javascripts/projects/common/modules/article/space-filler.spec.ts(29,32): error TS2339: Property 'mockReset' does not exist on type '(ex: Error, options?: RavenOptions) => RavenStatic'.
static/src/javascripts/projects/common/modules/article/space-filler.spec.ts(39,39): error TS2554: Expected 3 arguments, but got 2.
static/src/javascripts/projects/common/modules/article/space-filler.spec.ts(46,39): error TS2554: Expected 3 arguments, but got 2.
static/src/javascripts/projects/common/modules/article/space-filler.spec.ts(62,28): error TS2554: Expected 3 arguments, but got 2.
static/src/javascripts/projects/common/modules/article/space-filler.spec.ts(80,39): error TS2554: Expected 3 arguments, but got 2.
static/src/javascripts/projects/common/modules/article/space-filler.spec.ts(101,39): error TS2554: Expected 3 arguments, but got 2.
static/src/javascripts/projects/common/modules/article/space-filler.spec.ts(120,21): error TS2554: Expected 3 arguments, but got 2.
static/src/javascripts/projects/common/modules/article/space-filler.spec.ts(122,14): error TS2554: Expected 3 arguments, but got 2.
static/src/javascripts/projects/common/modules/article/space-filler.spec.ts(135,39): error TS2554: Expected 3 arguments, but got 2.
static/src/javascripts/projects/common/modules/article/space-filler.spec.ts(157,28): error TS2554: Expected 3 arguments, but got 2.
static/src/javascripts/projects/common/modules/article/space-filler.spec.ts(158,25): error TS2554: Expected 3 arguments, but got 2.
static/src/javascripts/projects/common/modules/article/space-filler.spec.ts(170,39): error TS2554: Expected 3 arguments, but got 2.
static/src/javascripts/projects/common/modules/article/space-filler.ts(40,13): error TS2554: Expected 3 arguments, but got 2.
static/src/javascripts/projects/common/modules/async-call-merger.ts(46,25): error TS2339: Property 'reset' does not exist on type 'TargetCallback'.
static/src/javascripts/projects/common/modules/atoms/youtube-player.ts(14,16): error TS2339: Property 'YT' does not exist on type 'Window & typeof globalThis'.
static/src/javascripts/projects/common/modules/atoms/youtube-player.ts(14,29): error TS2339: Property 'YT' does not exist on type 'Window & typeof globalThis'.
static/src/javascripts/projects/common/modules/atoms/youtube-player.ts(15,9): error TS2794: Expected 1 arguments, but got 0. Did you forget to include 'void' in your type argument to 'Promise'?
static/src/javascripts/projects/common/modules/atoms/youtube-player.ts(17,16): error TS2339: Property 'onYouTubeIframeAPIReady' does not exist on type 'Window & typeof globalThis'.
static/src/javascripts/projects/common/modules/atoms/youtube-player.ts(54,34): error TS2339: Property 'doNotSell' does not exist on type 'ConsentState'.
static/src/javascripts/projects/common/modules/atoms/youtube-player.ts(60,37): error TS2339: Property 'consents' does not exist on type '{}'.
static/src/javascripts/projects/common/modules/atoms/youtube-player.ts(71,31): error TS2339: Property 'YT' does not exist on type 'Window & typeof globalThis'.
static/src/javascripts/projects/common/modules/atoms/youtube-player.ts(88,47): error TS2339: Property 'YT' does not exist on type 'Window & typeof globalThis'.
static/src/javascripts/projects/common/modules/atoms/youtube-player.ts(94,51): error TS2339: Property 'YT' does not exist on type 'Window & typeof globalThis'.
static/src/javascripts/projects/common/modules/atoms/youtube-player.ts(147,30): error TS2339: Property 'gdprApplies' does not exist on type '{}'.
static/src/javascripts/projects/common/modules/atoms/youtube-player.ts(148,29): error TS2339: Property 'tcString' does not exist on type '{}'.
static/src/javascripts/projects/common/modules/atoms/youtube-player.ts(149,30): error TS2339: Property 'addtlConsent' does not exist on type '{}'.
static/src/javascripts/projects/common/modules/atoms/youtube-player.ts(166,5): error TS1016: A required parameter cannot follow an optional parameter.
static/src/javascripts/projects/common/modules/atoms/youtube-player.ts(187,23): error TS2339: Property 'YT' does not exist on type 'Window & typeof globalThis'.
static/src/javascripts/projects/common/modules/atoms/youtube.spec.ts(48,9): error TS2554: Expected 1 arguments, but got 0.
static/src/javascripts/projects/common/modules/atoms/youtube.spec.ts(70,9): error TS2554: Expected 1 arguments, but got 0.
static/src/javascripts/projects/common/modules/atoms/youtube.spec.ts(221,43): error TS2339: Property 'config' does not exist on type '{ automat?: Automat; }'.
static/src/javascripts/projects/common/modules/atoms/youtube.spec.ts(255,31): error TS2339: Property 'document' does not exist on type 'Global'.
static/src/javascripts/projects/common/modules/atoms/youtube.spec.ts(262,31): error TS2339: Property 'document' does not exist on type 'Global'.
static/src/javascripts/projects/common/modules/atoms/youtube.ts(51,23): error TS2304: Cannot find name 'IntervalID'.
static/src/javascripts/projects/common/modules/atoms/youtube.ts(138,46): error TS2304: Cannot find name 'IntervalID'.
static/src/javascripts/projects/common/modules/atoms/youtube.ts(279,45): error TS2345: Argument of type 'unknown' is not assignable to parameter of type 'string'.
static/src/javascripts/projects/common/modules/atoms/youtube.ts(289,44): error TS2339: Property 'toLowerCase' does not exist on type 'unknown'.
static/src/javascripts/projects/common/modules/atoms/youtube.ts(293,49): error TS2339: Property 'toLowerCase' does not exist on type 'unknown'.
static/src/javascripts/projects/common/modules/atoms/youtube.ts(303,9): error TS2322: Type 'unknown' is not assignable to type 'boolean'.
static/src/javascripts/projects/common/modules/atoms/youtube.ts(305,9): error TS2322: Type 'unknown' is not assignable to type 'boolean'.
static/src/javascripts/projects/common/modules/atoms/youtube.ts(366,42): error TS2339: Property 'offsetHeight' does not exist on type 'Element'.
static/src/javascripts/projects/common/modules/atoms/youtube.ts(370,48): error TS2339: Property 'offsetHeight' does not exist on type 'Element'.
static/src/javascripts/projects/common/modules/atoms/youtube.ts(377,28): error TS2339: Property 'style' does not exist on type 'Element'.
static/src/javascripts/projects/common/modules/atoms/youtube.ts(480,37): error TS2339: Property 'YT' does not exist on type 'Window & typeof globalThis'.
static/src/javascripts/projects/common/modules/atoms/youtube.ts(522,13): error TS2345: Argument of type 'Element' is not assignable to parameter of type 'HTMLElement'.
static/src/javascripts/projects/common/modules/atoms/youtube.ts(529,25): error TS2345: Argument of type 'Element' is not assignable to parameter of type 'HTMLElement'.
static/src/javascripts/projects/common/modules/atoms/youtube.ts(537,20): error TS2339: Property 'dataset' does not exist on type 'Element'.
static/src/javascripts/projects/common/modules/audio/AudioPlayer.tsx(76,3): error TS2339: Property 'playing' does not exist on type 'Pick<Pick<PropsWithChildren<ClassAttributes<HTMLButtonElement> & ButtonHTMLAttributes<HTMLButtonElement> & Pick<...> & { ...; }>, "disabled" | ... 265 more ... | "formEncType"> & { ...; }, "disabled" | ... 264 more ... | "formEncType"> & { ...; }'.
static/src/javascripts/projects/common/modules/audio/AudioPlayer.tsx(110,3): error TS2339: Property 'isActive' does not exist on type 'Pick<Pick<PropsWithChildren<ClassAttributes<HTMLButtonElement> & ButtonHTMLAttributes<HTMLButtonElement> & Pick<...> & { ...; }>, "disabled" | ... 265 more ... | "formEncType"> & { ...; }, "disabled" | ... 264 more ... | "formEncType"> & { ...; }'.
static/src/javascripts/projects/common/modules/audio/AudioPlayer.tsx(125,3): error TS2339: Property 'area' does not exist on type 'Pick<DetailedHTMLProps<HTMLAttributes<HTMLDivElement>, HTMLDivElement>, "hidden" | "dir" | "slot" | ... 250 more ... | "onTransitionEndCapture"> & { ...; }'.
static/src/javascripts/projects/common/modules/audio/AudioPlayer.tsx(203,3): error TS2339: Property 'position' does not exist on type 'Pick<Pick<PropsWithChildren<ClassAttributes<HTMLButtonElement> & ButtonHTMLAttributes<HTMLButtonElement> & Pick<...> & { ...; }>, "disabled" | ... 265 more ... | "formEncType"> & { ...; }, "disabled" | ... 264 more ... | "formEncType"> & { ...; }'.
static/src/javascripts/projects/common/modules/audio/AudioPlayer.tsx(204,3): error TS2339: Property 'hovering' does not exist on type 'Pick<Pick<PropsWithChildren<ClassAttributes<HTMLButtonElement> & ButtonHTMLAttributes<HTMLButtonElement> & Pick<...> & { ...; }>, "disabled" | ... 265 more ... | "formEncType"> & { ...; }, "disabled" | ... 264 more ... | "formEncType"> & { ...; }'.
static/src/javascripts/projects/common/modules/audio/AudioPlayer.tsx(205,3): error TS2339: Property 'grabbing' does not exist on type 'Pick<Pick<PropsWithChildren<ClassAttributes<HTMLButtonElement> & ButtonHTMLAttributes<HTMLButtonElement> & Pick<...> & { ...; }>, "disabled" | ... 265 more ... | "formEncType"> & { ...; }, "disabled" | ... 264 more ... | "formEncType"> & { ...; }'.
static/src/javascripts/projects/common/modules/audio/AudioPlayer.tsx(467,32): error TS2322: Type '{ children: Element; area: string; }' is not assignable to type 'IntrinsicAttributes & ClassAttributes<HTMLDivElement> & HTMLAttributes<HTMLDivElement> & Pick<...> & { ...; } & { ...; }'.
  Property 'area' does not exist on type 'IntrinsicAttributes & ClassAttributes<HTMLDivElement> & HTMLAttributes<HTMLDivElement> & Pick<...> & { ...; } & { ...; }'.
static/src/javascripts/projects/common/modules/audio/AudioPlayer.tsx(470,32): error TS2322: Type '{ children: Element; area: string; }' is not assignable to type 'IntrinsicAttributes & ClassAttributes<HTMLDivElement> & HTMLAttributes<HTMLDivElement> & Pick<...> & { ...; } & { ...; }'.
  Property 'area' does not exist on type 'IntrinsicAttributes & ClassAttributes<HTMLDivElement> & HTMLAttributes<HTMLDivElement> & Pick<...> & { ...; } & { ...; }'.
static/src/javascripts/projects/common/modules/audio/AudioPlayer.tsx(477,108): error TS2322: Type '{ onMouseEnter: () => void; onMouseLeave: () => void; hovering: boolean; grabbing: boolean; position: number; }' is not assignable to type 'IntrinsicAttributes & Pick<PropsWithChildren<ClassAttributes<HTMLButtonElement> & ButtonHTMLAttributes<HTMLButtonElement> & Pick<...> & { ...; }>, "disabled" | ... 265 more ... | "formEncType"> & { ...; } & Pick<...> & { ...; } & { ...; }'.
  Property 'hovering' does not exist on type 'IntrinsicAttributes & Pick<PropsWithChildren<ClassAttributes<HTMLButtonElement> & ButtonHTMLAttributes<HTMLButtonElement> & Pick<...> & { ...; }>, "disabled" | ... 265 more ... | "formEncType"> & { ...; } & Pick<...> & { ...; } & { ...; }'.
static/src/javascripts/projects/common/modules/audio/AudioPlayer.tsx(480,33): error TS2322: Type '{ playing: boolean; onClick: () => void; disabled: boolean; dangerouslySetInnerHTML: { __html: any; }; }' is not assignable to type 'IntrinsicAttributes & Pick<PropsWithChildren<ClassAttributes<HTMLButtonElement> & ButtonHTMLAttributes<HTMLButtonElement> & Pick<...> & { ...; }>, "disabled" | ... 265 more ... | "formEncType"> & { ...; } & Pick<...> & { ...; } & { ...; }'.
  Property 'playing' does not exist on type 'IntrinsicAttributes & Pick<PropsWithChildren<ClassAttributes<HTMLButtonElement> & ButtonHTMLAttributes<HTMLButtonElement> & Pick<...> & { ...; }>, "disabled" | ... 265 more ... | "formEncType"> & { ...; } & Pick<...> & { ...; } & { ...; }'. Did you mean 'onPlaying'?
static/src/javascripts/projects/common/modules/audio/AudioPlayer.tsx(486,33): error TS2322: Type '{ children: Element; playing: boolean; onClick: () => void; disabled: boolean; }' is not assignable to type 'IntrinsicAttributes & Pick<PropsWithChildren<ClassAttributes<HTMLButtonElement> & ButtonHTMLAttributes<HTMLButtonElement> & Pick<...> & { ...; }>, "disabled" | ... 265 more ... | "formEncType"> & { ...; } & Pick<...> & { ...; } & { ...; }'.
  Property 'playing' does not exist on type 'IntrinsicAttributes & Pick<PropsWithChildren<ClassAttributes<HTMLButtonElement> & ButtonHTMLAttributes<HTMLButtonElement> & Pick<...> & { ...; }>, "disabled" | ... 265 more ... | "formEncType"> & { ...; } & Pick<...> & { ...; } & { ...; }'. Did you mean 'onPlaying'?
static/src/javascripts/projects/common/modules/audio/AudioPlayer.tsx(493,39): error TS2322: Type '{ isVolume: true; isActive: boolean; onClick: () => void; dangerouslySetInnerHTML: { __html: any; }; }' is not assignable to type 'IntrinsicAttributes & Pick<PropsWithChildren<ClassAttributes<HTMLButtonElement> & ButtonHTMLAttributes<HTMLButtonElement> & Pick<...> & { ...; }>, "disabled" | ... 265 more ... | "formEncType"> & { ...; } & Pick<...> & { ...; } & { ...; }'.
  Property 'isVolume' does not exist on type 'IntrinsicAttributes & Pick<PropsWithChildren<ClassAttributes<HTMLButtonElement> & ButtonHTMLAttributes<HTMLButtonElement> & Pick<...> & { ...; }>, "disabled" | ... 265 more ... | "formEncType"> & { ...; } & Pick<...> & { ...; } & { ...; }'.
static/src/javascripts/projects/common/modules/audio/AudioPlayer.tsx(496,39): error TS2322: Type '{ isVolume: true; isActive: boolean; onClick: () => void; dangerouslySetInnerHTML: { __html: any; }; }' is not assignable to type 'IntrinsicAttributes & Pick<PropsWithChildren<ClassAttributes<HTMLButtonElement> & ButtonHTMLAttributes<HTMLButtonElement> & Pick<...> & { ...; }>, "disabled" | ... 265 more ... | "formEncType"> & { ...; } & Pick<...> & { ...; } & { ...; }'.
  Property 'isVolume' does not exist on type 'IntrinsicAttributes & Pick<PropsWithChildren<ClassAttributes<HTMLButtonElement> & ButtonHTMLAttributes<HTMLButtonElement> & Pick<...> & { ...; }>, "disabled" | ... 265 more ... | "formEncType"> & { ...; } & Pick<...> & { ...; } & { ...; }'.
static/src/javascripts/projects/common/modules/audio/index.tsx(72,80): error TS2322: Type '{ source: string; mediaId: string; downloadUrl: string; duration: string; pillar: string; }' is not assignable to type 'IntrinsicAttributes & IntrinsicClassAttributes<AudioContainer> & Readonly<Props> & Readonly<...>'.
  Property 'downloadUrl' does not exist on type 'IntrinsicAttributes & IntrinsicClassAttributes<AudioContainer> & Readonly<Props> & Readonly<...>'.
static/src/javascripts/projects/common/modules/audio/ProgressBar.tsx(10,3): error TS2339: Property 'backgroundColor' does not exist on type 'Pick<DetailedHTMLProps<HTMLAttributes<HTMLDivElement>, HTMLDivElement>, "hidden" | "dir" | "slot" | ... 250 more ... | "onTransitionEndCapture"> & { ...; }'.
static/src/javascripts/projects/common/modules/audio/ProgressBar.tsx(11,3): error TS2339: Property 'height' does not exist on type 'Pick<DetailedHTMLProps<HTMLAttributes<HTMLDivElement>, HTMLDivElement>, "hidden" | "dir" | "slot" | ... 250 more ... | "onTransitionEndCapture"> & { ...; }'.
static/src/javascripts/projects/common/modules/audio/ProgressBar.tsx(12,3): error TS2339: Property 'highlightColor' does not exist on type 'Pick<DetailedHTMLProps<HTMLAttributes<HTMLDivElement>, HTMLDivElement>, "hidden" | "dir" | "slot" | ... 250 more ... | "onTransitionEndCapture"> & { ...; }'.
static/src/javascripts/projects/common/modules/audio/ProgressBar.tsx(13,3): error TS2339: Property 'barContext' does not exist on type 'Pick<DetailedHTMLProps<HTMLAttributes<HTMLDivElement>, HTMLDivElement>, "hidden" | "dir" | "slot" | ... 250 more ... | "onTransitionEndCapture"> & { ...; }'.
static/src/javascripts/projects/common/modules/audio/ProgressBar.tsx(32,3): error TS2339: Property 'backgroundColor' does not exist on type 'Pick<DetailedHTMLProps<HTMLAttributes<HTMLDivElement>, HTMLDivElement>, "hidden" | "dir" | "slot" | ... 250 more ... | "onTransitionEndCapture"> & { ...; }'.
static/src/javascripts/projects/common/modules/audio/ProgressBar.tsx(33,3): error TS2339: Property 'width' does not exist on type 'Pick<DetailedHTMLProps<HTMLAttributes<HTMLDivElement>, HTMLDivElement>, "hidden" | "dir" | "slot" | ... 250 more ... | "onTransitionEndCapture"> & { ...; }'.
static/src/javascripts/projects/common/modules/audio/ProgressBar.tsx(130,197): error TS2322: Type '(e: MouseEvent) => void' is not assignable to type '(event: MouseEvent<HTMLDivElement, MouseEvent>) => void'.
  Types of parameters 'e' and 'event' are incompatible.
    Type 'MouseEvent<HTMLDivElement, MouseEvent>' is missing the following properties from type 'MouseEvent': offsetX, offsetY, x, y, and 13 more.
static/src/javascripts/projects/common/modules/audio/ProgressBar.tsx(130,323): error TS2322: Type 'string' is not assignable to type 'number'.
static/src/javascripts/projects/common/modules/audio/ProgressBar.tsx(130,341): error TS2322: Type 'string' is not assignable to type 'number'.
static/src/javascripts/projects/common/modules/audio/ProgressBar.tsx(131,53): error TS2322: Type '{ className: string; backgroundColor: string; width: string; }' is not assignable to type 'IntrinsicAttributes & ClassAttributes<HTMLDivElement> & HTMLAttributes<HTMLDivElement> & Pick<...> & { ...; } & { ...; }'.
  Property 'backgroundColor' does not exist on type 'IntrinsicAttributes & ClassAttributes<HTMLDivElement> & HTMLAttributes<HTMLDivElement> & Pick<...> & { ...; } & { ...; }'.
static/src/javascripts/projects/common/modules/audio/Slider.tsx(8,3): error TS2339: Property 'left' does not exist on type 'Pick<DetailedHTMLProps<HTMLAttributes<HTMLDivElement>, HTMLDivElement>, "hidden" | "dir" | "slot" | ... 250 more ... | "onTransitionEndCapture"> & { ...; }'.
static/src/javascripts/projects/common/modules/audio/Slider.tsx(30,20): error TS2322: Type '{ left: number; role: string; "aria-valuenow": number; "aria-valuemin": number; "aria-valuemax": number; }' is not assignable to type 'IntrinsicAttributes & ClassAttributes<HTMLDivElement> & HTMLAttributes<HTMLDivElement> & Pick<...> & { ...; } & { ...; }'.
  Property 'left' does not exist on type 'IntrinsicAttributes & ClassAttributes<HTMLDivElement> & HTMLAttributes<HTMLDivElement> & Pick<...> & { ...; } & { ...; }'.
static/src/javascripts/projects/common/modules/business/stocks.ts(12,9): error TS2345: Argument of type 'unknown' is not assignable to parameter of type 'string'.
static/src/javascripts/projects/common/modules/charts/doughnut.ts(28,19): error TS2339: Property 'width' does not exist on type 'Object'.
static/src/javascripts/projects/common/modules/charts/doughnut.ts(29,19): error TS2339: Property 'height' does not exist on type 'Object'.
static/src/javascripts/projects/common/modules/charts/doughnut.ts(31,40): error TS2339: Property 'percentCutout' does not exist on type 'Object'.
static/src/javascripts/projects/common/modules/charts/doughnut.ts(33,29): error TS2339: Property 'reduce' does not exist on type 'Object'.
static/src/javascripts/projects/common/modules/charts/doughnut.ts(67,10): error TS2339: Property 'forEach' does not exist on type 'Object'.
static/src/javascripts/projects/common/modules/charts/doughnut.ts(139,17): error TS2339: Property 'showValues' does not exist on type 'Object'.
static/src/javascripts/projects/common/modules/charts/doughnut.ts(175,23): error TS2339: Property 'unit' does not exist on type 'Object'.
static/src/javascripts/projects/common/modules/charts/table-doughnut.ts(18,23): error TS2350: Only a void function can be called with the 'new' keyword.
static/src/javascripts/projects/common/modules/commercial/ad-free-banner.ts(12,5): error TS2322: Type 'unknown' is not assignable to type 'boolean'.
static/src/javascripts/projects/common/modules/commercial/articles-read-tooltip.ts(66,13): error TS2322: Type 'Element' is not assignable to type 'HTMLElement'.
static/src/javascripts/projects/common/modules/commercial/articles-read-tooltip.ts(67,13): error TS2322: Type 'Element' is not assignable to type 'HTMLElement'.
static/src/javascripts/projects/common/modules/commercial/articles-read-tooltip.ts(68,13): error TS2322: Type 'Element' is not assignable to type 'HTMLElement'.
static/src/javascripts/projects/common/modules/commercial/articles-read-tooltip.ts(69,13): error TS2322: Type 'Element' is not assignable to type 'HTMLElement'.
static/src/javascripts/projects/common/modules/commercial/articles-read-tooltip.ts(70,13): error TS2322: Type 'Element' is not assignable to type 'HTMLElement'.
static/src/javascripts/projects/common/modules/commercial/articles-read-tooltip.ts(71,13): error TS2322: Type 'Element' is not assignable to type 'HTMLElement'.
static/src/javascripts/projects/common/modules/commercial/articles-read-tooltip.ts(72,13): error TS2322: Type 'Element' is not assignable to type 'HTMLElement'.
static/src/javascripts/projects/common/modules/commercial/articles-read-tooltip.ts(73,13): error TS2322: Type 'Element' is not assignable to type 'HTMLElement'.
static/src/javascripts/projects/common/modules/commercial/articles-read-tooltip.ts(74,13): error TS2322: Type 'Element' is not assignable to type 'HTMLElement'.
static/src/javascripts/projects/common/modules/commercial/articles-read-tooltip.ts(168,39): error TS2345: Argument of type 'Element' is not assignable to parameter of type 'HTMLElement'.
static/src/javascripts/projects/common/modules/commercial/build-page-targeting.spec.ts(101,16): error TS2339: Property 'page' does not exist on type '{ get: (path?: string, defaultValue?: unknown) => unknown; set: (path: string, value: any) => void; hasTone: (name: string) => boolean; hasSeries: (name: string) => boolean; referencesOfType: (name: string) => string[]; referenceOfType: (name: string) => string; webPublicationDateAsUrlPart: () => string; dateFromSlu...'.
static/src/javascripts/projects/common/modules/commercial/build-page-targeting.spec.ts(131,16): error TS2339: Property 'ophan' does not exist on type '{ get: (path?: string, defaultValue?: unknown) => unknown; set: (path: string, value: any) => void; hasTone: (name: string) => boolean; hasSeries: (name: string) => boolean; referencesOfType: (name: string) => string[]; referenceOfType: (name: string) => string; webPublicationDateAsUrlPart: () => string; dateFromSlu...'.
static/src/javascripts/projects/common/modules/commercial/build-page-targeting.spec.ts(138,25): error TS2339: Property 'mockImplementation' does not exist on type '(fn: Callback) => void'.
static/src/javascripts/projects/common/modules/commercial/build-page-targeting.spec.ts(153,51): error TS2345: Argument of type 'number' is not assignable to parameter of type 'string'.
static/src/javascripts/projects/common/modules/commercial/build-page-targeting.spec.ts(193,25): error TS2339: Property 'mockImplementation' does not exist on type '(fn: Callback) => void'.
static/src/javascripts/projects/common/modules/commercial/build-page-targeting.spec.ts(197,25): error TS2339: Property 'mockImplementation' does not exist on type '(fn: Callback) => void'.
static/src/javascripts/projects/common/modules/commercial/build-page-targeting.spec.ts(201,25): error TS2339: Property 'mockImplementation' does not exist on type '(fn: Callback) => void'.
static/src/javascripts/projects/common/modules/commercial/build-page-targeting.spec.ts(205,25): error TS2339: Property 'mockImplementation' does not exist on type '(fn: Callback) => void'.
static/src/javascripts/projects/common/modules/commercial/build-page-targeting.spec.ts(209,25): error TS2339: Property 'mockImplementation' does not exist on type '(fn: Callback) => void'.
static/src/javascripts/projects/common/modules/commercial/build-page-targeting.spec.ts(213,25): error TS2339: Property 'mockImplementation' does not exist on type '(fn: Callback) => void'.
static/src/javascripts/projects/common/modules/commercial/build-page-targeting.spec.ts(218,25): error TS2339: Property 'mockImplementation' does not exist on type '(fn: Callback) => void'.
static/src/javascripts/projects/common/modules/commercial/build-page-targeting.spec.ts(222,25): error TS2339: Property 'mockImplementation' does not exist on type '(fn: Callback) => void'.
static/src/javascripts/projects/common/modules/commercial/build-page-targeting.spec.ts(226,25): error TS2339: Property 'mockImplementation' does not exist on type '(fn: Callback) => void'.
static/src/javascripts/projects/common/modules/commercial/build-page-targeting.spec.ts(230,25): error TS2339: Property 'mockImplementation' does not exist on type '(fn: Callback) => void'.
static/src/javascripts/projects/common/modules/commercial/build-page-targeting.spec.ts(234,25): error TS2339: Property 'mockImplementation' does not exist on type '(fn: Callback) => void'.
static/src/javascripts/projects/common/modules/commercial/build-page-targeting.spec.ts(238,25): error TS2339: Property 'mockImplementation' does not exist on type '(fn: Callback) => void'.
static/src/javascripts/projects/common/modules/commercial/build-page-targeting.spec.ts(246,25): error TS2339: Property 'mockImplementation' does not exist on type '(fn: Callback) => void'.
static/src/javascripts/projects/common/modules/commercial/build-page-targeting.spec.ts(252,25): error TS2339: Property 'mockImplementation' does not exist on type '(fn: Callback) => void'.
static/src/javascripts/projects/common/modules/commercial/build-page-targeting.spec.ts(258,25): error TS2339: Property 'mockImplementation' does not exist on type '(fn: Callback) => void'.
static/src/javascripts/projects/common/modules/commercial/build-page-targeting.spec.ts(265,25): error TS2339: Property 'mockImplementation' does not exist on type '(fn: Callback) => void'.
static/src/javascripts/projects/common/modules/commercial/build-page-targeting.spec.ts(304,16): error TS2339: Property 'page' does not exist on type '{ get: (path?: string, defaultValue?: unknown) => unknown; set: (path: string, value: any) => void; hasTone: (name: string) => boolean; hasSeries: (name: string) => boolean; referencesOfType: (name: string) => string[]; referenceOfType: (name: string) => string; webPublicationDateAsUrlPart: () => string; dateFromSlu...'.
static/src/javascripts/projects/common/modules/commercial/build-page-targeting.spec.ts(305,16): error TS2339: Property 'ophan' does not exist on type '{ get: (path?: string, defaultValue?: unknown) => unknown; set: (path: string, value: any) => void; hasTone: (name: string) => boolean; hasSeries: (name: string) => boolean; referencesOfType: (name: string) => string[]; referenceOfType: (name: string) => string; webPublicationDateAsUrlPart: () => string; dateFromSlu...'.
static/src/javascripts/projects/common/modules/commercial/build-page-targeting.spec.ts(378,55): error TS2345: Argument of type 'number' is not assignable to parameter of type 'string'.
static/src/javascripts/projects/common/modules/commercial/build-page-targeting.spec.ts(383,55): error TS2345: Argument of type 'number' is not assignable to parameter of type 'string'.
static/src/javascripts/projects/common/modules/commercial/build-page-targeting.spec.ts(388,55): error TS2345: Argument of type 'number' is not assignable to parameter of type 'string'.
static/src/javascripts/projects/common/modules/commercial/build-page-targeting.spec.ts(439,20): error TS2339: Property 'page' does not exist on type '{ get: (path?: string, defaultValue?: unknown) => unknown; set: (path: string, value: any) => void; hasTone: (name: string) => boolean; hasSeries: (name: string) => boolean; referencesOfType: (name: string) => string[]; referenceOfType: (name: string) => string; webPublicationDateAsUrlPart: () => string; dateFromSlu...'.
static/src/javascripts/projects/common/modules/commercial/build-page-targeting.spec.ts(454,20): error TS2339: Property 'page' does not exist on type '{ get: (path?: string, defaultValue?: unknown) => unknown; set: (path: string, value: any) => void; hasTone: (name: string) => boolean; hasSeries: (name: string) => boolean; referencesOfType: (name: string) => string[]; referenceOfType: (name: string) => string; webPublicationDateAsUrlPart: () => string; dateFromSlu...'.
static/src/javascripts/projects/common/modules/commercial/build-page-targeting.ts(85,29): error TS2304: Cannot find name 'Participations'.
static/src/javascripts/projects/common/modules/commercial/build-page-targeting.ts(159,11): error TS2322: Type 'MatchType | {}' is not assignable to type 'MatchType'.
  Type '{}' is missing the following properties from type 'MatchType': id, match
static/src/javascripts/projects/common/modules/commercial/build-page-targeting.ts(245,20): error TS2339: Property 'isSensitive' does not exist on type 'unknown'.
static/src/javascripts/projects/common/modules/commercial/build-page-targeting.ts(254,31): error TS2339: Property 'source' does not exist on type 'unknown'.
static/src/javascripts/projects/common/modules/commercial/build-page-targeting.ts(257,18): error TS2339: Property 'videoDuration' does not exist on type 'unknown'.
static/src/javascripts/projects/common/modules/commercial/build-page-targeting.ts(258,31): error TS2339: Property 'videoDuration' does not exist on type 'unknown'.
static/src/javascripts/projects/common/modules/commercial/build-page-targeting.ts(261,17): error TS2339: Property 'section' does not exist on type 'unknown'.
static/src/javascripts/projects/common/modules/commercial/build-page-targeting.ts(274,36): error TS2339: Property 'pageId' does not exist on type 'unknown'.
static/src/javascripts/projects/common/modules/commercial/build-page-targeting.ts(278,17): error TS2339: Property 'sharedAdTargeting' does not exist on type 'unknown'.
static/src/javascripts/projects/common/modules/commercial/build-page-targeting.ts(293,10): error TS2339: Property 'appNexusPageTargeting' does not exist on type 'unknown'.
static/src/javascripts/projects/common/modules/commercial/build-page-targeting.ts(293,57): error TS2345: Argument of type '{}' is not assignable to parameter of type 'PageTargeting'.
  Type '{}' is missing the following properties from type 'PageTargeting': sens, url, edition, ct, and 12 more.
static/src/javascripts/projects/common/modules/commercial/build-page-targeting.ts(296,10): error TS2339: Property 'pageAdTargeting' does not exist on type 'unknown'.
static/src/javascripts/projects/common/modules/commercial/commercial-features.spec.ts(13,23): error TS2304: Cannot find name 'JestMockFn'.
static/src/javascripts/projects/common/modules/commercial/commercial-features.spec.ts(14,34): error TS2304: Cannot find name 'JestMockFn'.
static/src/javascripts/projects/common/modules/commercial/commercial-features.spec.ts(18,35): error TS2304: Cannot find name 'JestMockFn'.
static/src/javascripts/projects/common/modules/commercial/commercial-features.spec.ts(22,21): error TS2304: Cannot find name 'JestMockFn'.
static/src/javascripts/projects/common/modules/commercial/commercial-features.spec.ts(80,34): error TS2351: This expression is not constructable.
  Type 'Function' has no construct signatures.
static/src/javascripts/projects/common/modules/commercial/commercial-features.spec.ts(88,34): error TS2351: This expression is not constructable.
  Type 'Function' has no construct signatures.
static/src/javascripts/projects/common/modules/commercial/commercial-features.spec.ts(95,34): error TS2351: This expression is not constructable.
  Type 'Function' has no construct signatures.
static/src/javascripts/projects/common/modules/commercial/commercial-features.spec.ts(102,34): error TS2351: This expression is not constructable.
  Type 'Function' has no construct signatures.
static/src/javascripts/projects/common/modules/commercial/commercial-features.spec.ts(108,34): error TS2351: This expression is not constructable.
  Type 'Function' has no construct signatures.
static/src/javascripts/projects/common/modules/commercial/commercial-features.spec.ts(116,34): error TS2351: This expression is not constructable.
  Type 'Function' has no construct signatures.
static/src/javascripts/projects/common/modules/commercial/commercial-features.spec.ts(122,34): error TS2351: This expression is not constructable.
  Type 'Function' has no construct signatures.
static/src/javascripts/projects/common/modules/commercial/commercial-features.spec.ts(128,34): error TS2351: This expression is not constructable.
  Type 'Function' has no construct signatures.
static/src/javascripts/projects/common/modules/commercial/commercial-features.spec.ts(134,34): error TS2351: This expression is not constructable.
  Type 'Function' has no construct signatures.
static/src/javascripts/projects/common/modules/commercial/commercial-features.spec.ts(143,34): error TS2351: This expression is not constructable.
  Type 'Function' has no construct signatures.
static/src/javascripts/projects/common/modules/commercial/commercial-features.spec.ts(151,34): error TS2351: This expression is not constructable.
  Type 'Function' has no construct signatures.
static/src/javascripts/projects/common/modules/commercial/commercial-features.spec.ts(157,34): error TS2351: This expression is not constructable.
  Type 'Function' has no construct signatures.
static/src/javascripts/projects/common/modules/commercial/commercial-features.spec.ts(163,34): error TS2351: This expression is not constructable.
  Type 'Function' has no construct signatures.
static/src/javascripts/projects/common/modules/commercial/commercial-features.spec.ts(175,34): error TS2351: This expression is not constructable.
  Type 'Function' has no construct signatures.
static/src/javascripts/projects/common/modules/commercial/commercial-features.spec.ts(181,34): error TS2351: This expression is not constructable.
  Type 'Function' has no construct signatures.
static/src/javascripts/projects/common/modules/commercial/commercial-features.spec.ts(187,34): error TS2351: This expression is not constructable.
  Type 'Function' has no construct signatures.
static/src/javascripts/projects/common/modules/commercial/commercial-features.spec.ts(194,34): error TS2351: This expression is not constructable.
  Type 'Function' has no construct signatures.
static/src/javascripts/projects/common/modules/commercial/commercial-features.spec.ts(200,34): error TS2351: This expression is not constructable.
  Type 'Function' has no construct signatures.
static/src/javascripts/projects/common/modules/commercial/commercial-features.spec.ts(207,34): error TS2351: This expression is not constructable.
  Type 'Function' has no construct signatures.
static/src/javascripts/projects/common/modules/commercial/commercial-features.spec.ts(217,34): error TS2351: This expression is not constructable.
  Type 'Function' has no construct signatures.
static/src/javascripts/projects/common/modules/commercial/commercial-features.spec.ts(227,34): error TS2351: This expression is not constructable.
  Type 'Function' has no construct signatures.
static/src/javascripts/projects/common/modules/commercial/commercial-features.spec.ts(238,34): error TS2351: This expression is not constructable.
  Type 'Function' has no construct signatures.
static/src/javascripts/projects/common/modules/commercial/commercial-features.spec.ts(244,34): error TS2351: This expression is not constructable.
  Type 'Function' has no construct signatures.
static/src/javascripts/projects/common/modules/commercial/commercial-features.spec.ts(251,34): error TS2351: This expression is not constructable.
  Type 'Function' has no construct signatures.
static/src/javascripts/projects/common/modules/commercial/commercial-features.spec.ts(261,34): error TS2351: This expression is not constructable.
  Type 'Function' has no construct signatures.
static/src/javascripts/projects/common/modules/commercial/commercial-features.spec.ts(273,34): error TS2351: This expression is not constructable.
  Type 'Function' has no construct signatures.
static/src/javascripts/projects/common/modules/commercial/commercial-features.spec.ts(279,34): error TS2351: This expression is not constructable.
  Type 'Function' has no construct signatures.
static/src/javascripts/projects/common/modules/commercial/commercial-features.spec.ts(285,34): error TS2351: This expression is not constructable.
  Type 'Function' has no construct signatures.
static/src/javascripts/projects/common/modules/commercial/commercial-features.spec.ts(291,34): error TS2351: This expression is not constructable.
  Type 'Function' has no construct signatures.
static/src/javascripts/projects/common/modules/commercial/commercial-features.spec.ts(302,38): error TS2351: This expression is not constructable.
  Type 'Function' has no construct signatures.
static/src/javascripts/projects/common/modules/commercial/commercial-features.spec.ts(308,38): error TS2351: This expression is not constructable.
  Type 'Function' has no construct signatures.
static/src/javascripts/projects/common/modules/commercial/commercial-features.spec.ts(321,34): error TS2351: This expression is not constructable.
  Type 'Function' has no construct signatures.
static/src/javascripts/projects/common/modules/commercial/commercial-features.spec.ts(327,34): error TS2351: This expression is not constructable.
  Type 'Function' has no construct signatures.
static/src/javascripts/projects/common/modules/commercial/commercial-features.spec.ts(333,34): error TS2351: This expression is not constructable.
  Type 'Function' has no construct signatures.
static/src/javascripts/projects/common/modules/commercial/commercial-features.spec.ts(339,34): error TS2351: This expression is not constructable.
  Type 'Function' has no construct signatures.
static/src/javascripts/projects/common/modules/commercial/commercial-features.spec.ts(350,38): error TS2351: This expression is not constructable.
  Type 'Function' has no construct signatures.
static/src/javascripts/projects/common/modules/commercial/commercial-features.spec.ts(356,38): error TS2351: This expression is not constructable.
  Type 'Function' has no construct signatures.
static/src/javascripts/projects/common/modules/commercial/commercial-features.spec.ts(368,34): error TS2351: This expression is not constructable.
  Type 'Function' has no construct signatures.
static/src/javascripts/projects/common/modules/commercial/commercial-features.spec.ts(374,34): error TS2351: This expression is not constructable.
  Type 'Function' has no construct signatures.
static/src/javascripts/projects/common/modules/commercial/commercial-features.spec.ts(380,34): error TS2351: This expression is not constructable.
  Type 'Function' has no construct signatures.
static/src/javascripts/projects/common/modules/commercial/commercial-features.spec.ts(387,34): error TS2351: This expression is not constructable.
  Type 'Function' has no construct signatures.
static/src/javascripts/projects/common/modules/commercial/commercial-features.spec.ts(397,34): error TS2351: This expression is not constructable.
  Type 'Function' has no construct signatures.
static/src/javascripts/projects/common/modules/commercial/commercial-features.spec.ts(407,34): error TS2351: This expression is not constructable.
  Type 'Function' has no construct signatures.
static/src/javascripts/projects/common/modules/commercial/contributions-liveblog-utilities.ts(24,14): error TS2304: Cannot find name 'EpicVariant'.
static/src/javascripts/projects/common/modules/commercial/contributions-liveblog-utilities.ts(25,17): error TS2304: Cannot find name 'EpicABTest'.
static/src/javascripts/projects/common/modules/commercial/contributions-liveblog-utilities.ts(70,9): error TS2322: Type 'Element[]' is not assignable to type 'HTMLElement[]'.
  Type 'Element' is not assignable to type 'HTMLElement'.
static/src/javascripts/projects/common/modules/commercial/contributions-liveblog-utilities.ts(76,5): error TS2322: Type 'Element[]' is not assignable to type 'HTMLElement[]'.
static/src/javascripts/projects/common/modules/commercial/contributions-liveblog-utilities.ts(103,14): error TS2304: Cannot find name 'EpicVariant'.
static/src/javascripts/projects/common/modules/commercial/contributions-liveblog-utilities.ts(104,17): error TS2304: Cannot find name 'EpicABTest'.
static/src/javascripts/projects/common/modules/commercial/contributions-liveblog-utilities.ts(107,38): error TS2345: Argument of type 'Window & typeof globalThis' is not assignable to parameter of type 'HTMLElement'.
  Type 'Window & typeof globalThis' is missing the following properties from type 'HTMLElement': accessKey, accessKeyLabel, autocapitalize, dir, and 145 more.
static/src/javascripts/projects/common/modules/commercial/contributions-liveblog-utilities.ts(119,14): error TS2304: Cannot find name 'EpicVariant'.
static/src/javascripts/projects/common/modules/commercial/contributions-liveblog-utilities.ts(120,17): error TS2304: Cannot find name 'EpicABTest'.
static/src/javascripts/projects/common/modules/commercial/contributions-liveblog-utilities.ts(140,15): error TS2345: Argument of type 'HTMLElement | TimeData' is not assignable to parameter of type 'string | Node'.
  Type 'TimeData' is not assignable to type 'string | Node'.
    Type 'TimeData' is missing the following properties from type 'Node': baseURI, childNodes, firstChild, isConnected, and 47 more.
static/src/javascripts/projects/common/modules/commercial/contributions-liveblog-utilities.ts(141,52): error TS2345: Argument of type 'HTMLElement | TimeData' is not assignable to parameter of type 'TimeData'.
  Type 'HTMLElement' is missing the following properties from type 'TimeData': blockHref, datetime, date, time
static/src/javascripts/projects/common/modules/commercial/contributions-liveblog-utilities.ts(142,31): error TS2345: Argument of type 'HTMLElement | TimeData' is not assignable to parameter of type 'HTMLElement'.
  Type 'TimeData' is missing the following properties from type 'HTMLElement': accessKey, accessKeyLabel, autocapitalize, dir, and 233 more.
static/src/javascripts/projects/common/modules/commercial/contributions-liveblog-utilities.ts(149,14): error TS2304: Cannot find name 'EpicVariant'.
static/src/javascripts/projects/common/modules/commercial/contributions-liveblog-utilities.ts(150,17): error TS2304: Cannot find name 'EpicABTest'.
static/src/javascripts/projects/common/modules/commercial/contributions-service.ts(128,28): error TS2339: Property 'pageViewId' does not exist on type 'unknown'.
static/src/javascripts/projects/common/modules/commercial/contributions-service.ts(135,27): error TS2339: Property 'contentType' does not exist on type 'unknown'.
static/src/javascripts/projects/common/modules/commercial/contributions-service.ts(136,27): error TS2339: Property 'section' does not exist on type 'unknown'.
static/src/javascripts/projects/common/modules/commercial/contributions-service.ts(137,39): error TS2339: Property 'shouldHideReaderRevenue' does not exist on type 'unknown'.
static/src/javascripts/projects/common/modules/commercial/contributions-service.ts(139,29): error TS2339: Property 'isPaidContent' does not exist on type 'unknown'.
static/src/javascripts/projects/common/modules/commercial/contributions-service.ts(140,27): error TS2339: Property 'isSensitive' does not exist on type 'unknown'.
static/src/javascripts/projects/common/modules/commercial/contributions-service.ts(191,39): error TS2339: Property 'shouldHideReaderRevenue' does not exist on type 'unknown'.
static/src/javascripts/projects/common/modules/commercial/contributions-service.ts(192,29): error TS2339: Property 'isPaidContent' does not exist on type 'unknown'.
static/src/javascripts/projects/common/modules/commercial/contributions-service.ts(258,36): error TS2339: Property 'guardianPolyfilledImport' does not exist on type 'Window & typeof globalThis'.
static/src/javascripts/projects/common/modules/commercial/contributions-service.ts(351,10): error TS2339: Property 'guardianPolyfilledImport' does not exist on type 'Window & typeof globalThis'.
static/src/javascripts/projects/common/modules/commercial/contributions-service.ts(431,14): error TS2339: Property 'contentType' does not exist on type 'unknown'.
static/src/javascripts/projects/common/modules/commercial/contributions-service.ts(435,41): error TS2339: Property 'contentType' does not exist on type 'unknown'.
static/src/javascripts/projects/common/modules/commercial/contributions-service.ts(436,48): error TS2345: Argument of type '{ tracking: { ophanPageId: any; platformId: string; clientName: string; referrerUrl: string; }; targeting: { contentType: any; sectionName: any; shouldHideReaderRevenue: any; isMinuteArticle: boolean; ... 10 more ...; hasOptedOutOfArticleCount: boolean; }; }' is not assignable to parameter of type 'Metadata'.
  Types of property 'tracking' are incompatible.
    Property 'ophanComponentId' is missing in type '{ ophanPageId: any; platformId: string; clientName: string; referrerUrl: string; }' but required in type 'Tracking'.
static/src/javascripts/projects/common/modules/commercial/contributions-utilities.spec.ts(56,21): error TS2304: Cannot find name 'InitEpicABTest'.
static/src/javascripts/projects/common/modules/commercial/contributions-utilities.spec.ts(67,24): error TS2304: Cannot find name 'InitEpicABTestVariant'.
static/src/javascripts/projects/common/modules/commercial/contributions-utilities.ts(116,24): error TS2304: Cannot find name 'MaxViews'.
static/src/javascripts/projects/common/modules/commercial/contributions-utilities.ts(122,24): error TS2304: Cannot find name 'EpicTemplate'.
static/src/javascripts/projects/common/modules/commercial/contributions-utilities.ts(123,14): error TS2304: Cannot find name 'EpicVariant'.
static/src/javascripts/projects/common/modules/commercial/contributions-utilities.ts(145,48): error TS2304: Cannot find name 'EpicTemplate'.
static/src/javascripts/projects/common/modules/commercial/contributions-utilities.ts(146,14): error TS2304: Cannot find name 'EpicVariant'.
static/src/javascripts/projects/common/modules/commercial/contributions-utilities.ts(157,28): error TS2304: Cannot find name 'EpicABTest'.
static/src/javascripts/projects/common/modules/commercial/contributions-utilities.ts(167,17): error TS2322: Type 'Element' is not assignable to type 'HTMLElement'.
static/src/javascripts/projects/common/modules/commercial/contributions-utilities.ts(174,10): error TS2339: Property 'contentType' does not exist on type 'Object'.
static/src/javascripts/projects/common/modules/commercial/contributions-utilities.ts(175,11): error TS2339: Property 'isMinuteArticle' does not exist on type 'Object'.
static/src/javascripts/projects/common/modules/commercial/contributions-utilities.ts(179,10): error TS2339: Property 'contentType' does not exist on type 'Object'.
static/src/javascripts/projects/common/modules/commercial/contributions-utilities.ts(213,31): error TS2304: Cannot find name 'EpicABTest'.
static/src/javascripts/projects/common/modules/commercial/contributions-utilities.ts(262,30): error TS2304: Cannot find name 'ArticlesViewedSettings'.
static/src/javascripts/projects/common/modules/commercial/contributions-utilities.ts(317,21): error TS2304: Cannot find name 'TickerSettings'.
static/src/javascripts/projects/common/modules/commercial/contributions-utilities.ts(319,43): error TS2345: Argument of type 'Window & typeof globalThis' is not assignable to parameter of type 'HTMLElement'.
static/src/javascripts/projects/common/modules/commercial/contributions-utilities.ts(380,18): error TS2304: Cannot find name 'InitEpicABTestVariant'.
static/src/javascripts/projects/common/modules/commercial/contributions-utilities.ts(381,21): error TS2304: Cannot find name 'EpicTemplate'.
static/src/javascripts/projects/common/modules/commercial/contributions-utilities.ts(382,17): error TS2304: Cannot find name 'EpicABTest'.
static/src/javascripts/projects/common/modules/commercial/contributions-utilities.ts(383,4): error TS2304: Cannot find name 'EpicVariant'.
static/src/javascripts/projects/common/modules/commercial/contributions-utilities.ts(396,51): error TS2304: Cannot find name 'EpicCta'.
static/src/javascripts/projects/common/modules/commercial/contributions-utilities.ts(396,61): error TS2304: Cannot find name 'EpicCta'.
static/src/javascripts/projects/common/modules/commercial/contributions-utilities.ts(452,46): error TS2304: Cannot find name 'MaxViews'.
static/src/javascripts/projects/common/modules/commercial/contributions-utilities.ts(591,4): error TS2304: Cannot find name 'InitEpicABTest'.
static/src/javascripts/projects/common/modules/commercial/contributions-utilities.ts(591,21): error TS2304: Cannot find name 'EpicABTest'.
static/src/javascripts/projects/common/modules/commercial/contributions-utilities.ts(691,4): error TS2304: Cannot find name 'InitEpicABTest'.
static/src/javascripts/projects/common/modules/commercial/contributions-utilities.ts(694,32): error TS2339: Property 'locations' does not exist on type 'Object'.
static/src/javascripts/projects/common/modules/commercial/contributions-utilities.ts(695,25): error TS2339: Property 'tagIds' does not exist on type 'Object'.
static/src/javascripts/projects/common/modules/commercial/contributions-utilities.ts(696,27): error TS2339: Property 'sections' does not exist on type 'Object'.
static/src/javascripts/projects/common/modules/commercial/contributions-utilities.ts(697,33): error TS2339: Property 'excludedTagIds' does not exist on type 'Object'.
static/src/javascripts/projects/common/modules/commercial/contributions-utilities.ts(698,35): error TS2339: Property 'excludedSections' does not exist on type 'Object'.
static/src/javascripts/projects/common/modules/commercial/contributions-utilities.ts(700,31): error TS2304: Cannot find name 'MaxViews'.
static/src/javascripts/projects/common/modules/commercial/contributions-utilities.ts(701,14): error TS2339: Property 'maxViews' does not exist on type 'Object'.
static/src/javascripts/projects/common/modules/commercial/contributions-utilities.ts(703,30): error TS2339: Property 'maxViews' does not exist on type 'Object'.
static/src/javascripts/projects/common/modules/commercial/contributions-utilities.ts(704,31): error TS2339: Property 'maxViews' does not exist on type 'Object'.
static/src/javascripts/projects/common/modules/commercial/contributions-utilities.ts(705,45): error TS2339: Property 'maxViews' does not exist on type 'Object'.
static/src/javascripts/projects/common/modules/commercial/contributions-utilities.ts(706,20): error TS2304: Cannot find name 'MaxViews'.
static/src/javascripts/projects/common/modules/commercial/contributions-utilities.ts(709,34): error TS2339: Property 'alwaysAsk' does not exist on type 'Object'.
static/src/javascripts/projects/common/modules/commercial/contributions-utilities.ts(712,14): error TS2339: Property 'articlesViewedSettings' does not exist on type 'Object'.
static/src/javascripts/projects/common/modules/commercial/contributions-utilities.ts(712,45): error TS2339: Property 'articlesViewedSettings' does not exist on type 'Object'.
static/src/javascripts/projects/common/modules/commercial/contributions-utilities.ts(714,34): error TS2339: Property 'articlesViewedSettings' does not exist on type 'Object'.
static/src/javascripts/projects/common/modules/commercial/contributions-utilities.ts(715,34): error TS2339: Property 'articlesViewedSettings' does not exist on type 'Object'.
static/src/javascripts/projects/common/modules/commercial/contributions-utilities.ts(717,28): error TS2339: Property 'articlesViewedSettings' does not exist on type 'Object'.
static/src/javascripts/projects/common/modules/commercial/contributions-utilities.ts(723,18): error TS2339: Property 'name' does not exist on type 'Object'.
static/src/javascripts/projects/common/modules/commercial/contributions-utilities.ts(724,26): error TS2339: Property 'name' does not exist on type 'Object'.
static/src/javascripts/projects/common/modules/commercial/contributions-utilities.ts(726,28): error TS2339: Property 'highPriority' does not exist on type 'Object'.
static/src/javascripts/projects/common/modules/commercial/contributions-utilities.ts(736,35): error TS2339: Property 'audience' does not exist on type 'Object'.
static/src/javascripts/projects/common/modules/commercial/contributions-utilities.ts(736,52): error TS2339: Property 'audience' does not exist on type 'Object'.
static/src/javascripts/projects/common/modules/commercial/contributions-utilities.ts(737,41): error TS2339: Property 'audienceOffset' does not exist on type 'Object'.
static/src/javascripts/projects/common/modules/commercial/contributions-utilities.ts(738,20): error TS2339: Property 'audienceOffset' does not exist on type 'Object'.
static/src/javascripts/projects/common/modules/commercial/contributions-utilities.ts(740,31): error TS2339: Property 'useLocalViewLog' does not exist on type 'Object'.
static/src/javascripts/projects/common/modules/commercial/contributions-utilities.ts(742,18): error TS2339: Property 'userCohort' does not exist on type 'Object'.
static/src/javascripts/projects/common/modules/commercial/contributions-utilities.ts(742,51): error TS2339: Property 'userCohort' does not exist on type 'Object'.
static/src/javascripts/projects/common/modules/commercial/contributions-utilities.ts(743,24): error TS2339: Property 'userCohort' does not exist on type 'Object'.
static/src/javascripts/projects/common/modules/commercial/contributions-utilities.ts(745,18): error TS2339: Property 'isLiveBlog' does not exist on type 'Object'.
static/src/javascripts/projects/common/modules/commercial/contributions-utilities.ts(756,34): error TS2339: Property 'hasCountryName' does not exist on type 'Object'.
static/src/javascripts/projects/common/modules/commercial/contributions-utilities.ts(760,24): error TS2339: Property 'variants' does not exist on type 'Object'.
static/src/javascripts/projects/common/modules/commercial/contributions-utilities.ts(762,22): error TS2339: Property 'isLiveBlog' does not exist on type 'Object'.
static/src/javascripts/projects/common/modules/commercial/contributions-utilities.ts(781,22): error TS2339: Property 'hasCountryName' does not exist on type 'Object'.
static/src/javascripts/projects/common/modules/commercial/contributions-utilities.ts(788,46): error TS2339: Property 'name' does not exist on type 'Object'.
static/src/javascripts/projects/common/modules/commercial/contributions-utilities.ts(789,46): error TS2339: Property 'name' does not exist on type 'Object'.
static/src/javascripts/projects/common/modules/commercial/contributions-utilities.ts(808,14): error TS2304: Cannot find name 'EpicABTest'.
static/src/javascripts/projects/common/modules/commercial/contributions-utilities.ts(853,14): error TS2304: Cannot find name 'AcquisitionsABTest'.
static/src/javascripts/projects/common/modules/commercial/epic-articles-viewed-opt-out.ts(66,13): error TS2322: Type 'Element' is not assignable to type 'HTMLElement'.
static/src/javascripts/projects/common/modules/commercial/epic-articles-viewed-opt-out.ts(67,13): error TS2322: Type 'Element' is not assignable to type 'HTMLElement'.
static/src/javascripts/projects/common/modules/commercial/epic-articles-viewed-opt-out.ts(68,13): error TS2322: Type 'Element' is not assignable to type 'HTMLElement'.
static/src/javascripts/projects/common/modules/commercial/epic-articles-viewed-opt-out.ts(69,13): error TS2322: Type 'Element' is not assignable to type 'HTMLElement'.
static/src/javascripts/projects/common/modules/commercial/epic-articles-viewed-opt-out.ts(70,13): error TS2322: Type 'Element' is not assignable to type 'HTMLElement'.
static/src/javascripts/projects/common/modules/commercial/epic-articles-viewed-opt-out.ts(71,13): error TS2322: Type 'Element' is not assignable to type 'HTMLElement'.
static/src/javascripts/projects/common/modules/commercial/epic-articles-viewed-opt-out.ts(72,13): error TS2322: Type 'Element' is not assignable to type 'HTMLElement'.
static/src/javascripts/projects/common/modules/commercial/epic-articles-viewed-opt-out.ts(73,13): error TS2322: Type 'Element' is not assignable to type 'HTMLElement'.
static/src/javascripts/projects/common/modules/commercial/epic-articles-viewed-opt-out.ts(181,39): error TS2345: Argument of type 'Element' is not assignable to parameter of type 'HTMLElement'.
static/src/javascripts/projects/common/modules/commercial/epic-reminder-email-signup.ts(68,13): error TS2322: Type 'Element' is not assignable to type 'HTMLElement'.
static/src/javascripts/projects/common/modules/commercial/epic-reminder-email-signup.ts(70,13): error TS2322: Type 'Element' is not assignable to type 'HTMLElement'.
static/src/javascripts/projects/common/modules/commercial/epic-reminder-email-signup.ts(71,13): error TS2322: Type 'Element' is not assignable to type 'HTMLElement'.
static/src/javascripts/projects/common/modules/commercial/epic-reminder-email-signup.ts(72,13): error TS2322: Type 'Element' is not assignable to type 'HTMLElement'.
static/src/javascripts/projects/common/modules/commercial/epic-reminder-email-signup.ts(73,13): error TS2322: Type 'Element' is not assignable to type 'HTMLElement'.
static/src/javascripts/projects/common/modules/commercial/epic-reminder-email-signup.ts(74,13): error TS2322: Type 'Element' is not assignable to type 'HTMLElement'.
static/src/javascripts/projects/common/modules/commercial/epic/epic-exclusion-rules.ts(27,52): error TS2339: Property 'section' does not exist on type 'Object'.
static/src/javascripts/projects/common/modules/commercial/epic/epic-exclusion-rules.ts(31,24): error TS2339: Property 'toneIds' does not exist on type 'Object'.
static/src/javascripts/projects/common/modules/commercial/epic/epic-exclusion-rules.ts(36,24): error TS2339: Property 'keywordIds' does not exist on type 'Object'.
static/src/javascripts/projects/common/modules/commercial/epic/optimize-epic-utils.ts(10,34): error TS2345: Argument of type 'unknown' is not assignable to parameter of type 'string'.
static/src/javascripts/projects/common/modules/commercial/membership-engagement-banner-block.spec.ts(20,16): error TS2339: Property 'switches' does not exist on type '{ get: (path?: string, defaultValue?: unknown) => unknown; set: (path: string, value: any) => void; hasTone: (name: string) => boolean; hasSeries: (name: string) => boolean; referencesOfType: (name: string) => string[]; referenceOfType: (name: string) => string; webPublicationDateAsUrlPart: () => string; dateFromSlu...'.
static/src/javascripts/projects/common/modules/commercial/membership-engagement-banner-block.spec.ts(21,16): error TS2339: Property 'switches' does not exist on type '{ get: (path?: string, defaultValue?: unknown) => unknown; set: (path: string, value: any) => void; hasTone: (name: string) => boolean; hasSeries: (name: string) => boolean; referencesOfType: (name: string) => string[]; referenceOfType: (name: string) => string; webPublicationDateAsUrlPart: () => string; dateFromSlu...'.
static/src/javascripts/projects/common/modules/commercial/membership-engagement-banner-block.spec.ts(25,16): error TS2339: Property 'switches' does not exist on type '{ get: (path?: string, defaultValue?: unknown) => unknown; set: (path: string, value: any) => void; hasTone: (name: string) => boolean; hasSeries: (name: string) => boolean; referencesOfType: (name: string) => string[]; referenceOfType: (name: string) => string; webPublicationDateAsUrlPart: () => string; dateFromSlu...'.
static/src/javascripts/projects/common/modules/commercial/membership-engagement-banner-block.spec.ts(33,16): error TS2339: Property 'switches' does not exist on type '{ get: (path?: string, defaultValue?: unknown) => unknown; set: (path: string, value: any) => void; hasTone: (name: string) => boolean; hasSeries: (name: string) => boolean; referencesOfType: (name: string) => string[]; referenceOfType: (name: string) => string; webPublicationDateAsUrlPart: () => string; dateFromSlu...'.
static/src/javascripts/projects/common/modules/commercial/membership-engagement-banner-block.spec.ts(34,16): error TS2339: Property 'switches' does not exist on type '{ get: (path?: string, defaultValue?: unknown) => unknown; set: (path: string, value: any) => void; hasTone: (name: string) => boolean; hasSeries: (name: string) => boolean; referencesOfType: (name: string) => string[]; referenceOfType: (name: string) => string; webPublicationDateAsUrlPart: () => string; dateFromSlu...'.
static/src/javascripts/projects/common/modules/commercial/membership-engagement-banner-block.spec.ts(44,16): error TS2339: Property 'switches' does not exist on type '{ get: (path?: string, defaultValue?: unknown) => unknown; set: (path: string, value: any) => void; hasTone: (name: string) => boolean; hasSeries: (name: string) => boolean; referencesOfType: (name: string) => string[]; referenceOfType: (name: string) => string; webPublicationDateAsUrlPart: () => string; dateFromSlu...'.
static/src/javascripts/projects/common/modules/commercial/membership-engagement-banner-block.spec.ts(45,16): error TS2339: Property 'switches' does not exist on type '{ get: (path?: string, defaultValue?: unknown) => unknown; set: (path: string, value: any) => void; hasTone: (name: string) => boolean; hasSeries: (name: string) => boolean; referencesOfType: (name: string) => string[]; referenceOfType: (name: string) => string; webPublicationDateAsUrlPart: () => string; dateFromSlu...'.
static/src/javascripts/projects/common/modules/commercial/membership-engagement-banner-parameters.ts(48,9): error TS2322: Type 'unknown' is not assignable to type 'string'.
static/src/javascripts/projects/common/modules/commercial/membership-engagement-banner-parameters.ts(58,5): error TS2322: Type 'Promise<EngagementBannerParams | { messageText: string; ctaText: string; buttonCaption: string; linkUrl: string; hasTicker: false; campaignCode: string; pageviewId: unknown; ... 4 more ...; userCohort: "AllNonSupporters"; }>' is not assignable to type 'Promise<EngagementBannerParams>'.
  Type 'EngagementBannerParams | { messageText: string; ctaText: string; buttonCaption: string; linkUrl: string; hasTicker: false; campaignCode: string; pageviewId: unknown; ... 4 more ...; userCohort: "AllNonSupporters"; }' is not assignable to type 'EngagementBannerParams'.
    Type '{ messageText: string; ctaText: string; buttonCaption: string; linkUrl: string; hasTicker: false; campaignCode: string; pageviewId: unknown; products: ("CONTRIBUTION" | "RECURRING_CONTRIBUTION")[]; isHardcodedFallback: true; template: (params: EngagementBannerTemplateParams) => string; minArticlesBeforeShowingBanner...' is not assignable to type 'EngagementBannerParams'.
      Type '{ messageText: string; ctaText: string; buttonCaption: string; linkUrl: string; hasTicker: false; campaignCode: string; pageviewId: unknown; products: ("CONTRIBUTION" | "RECURRING_CONTRIBUTION")[]; isHardcodedFallback: true; template: (params: EngagementBannerTemplateParams) => string; minArticlesBeforeShowingBanner...' is not assignable to type '{ campaignCode: string; pageviewId: string; products: OphanProduct[]; isHardcodedFallback: boolean; template: (templateParams: EngagementBannerTemplateParams) => string; ... 4 more ...; bannerShownCallback?: () => void; }'.
        Types of property 'pageviewId' are incompatible.
          Type 'unknown' is not assignable to type 'string'.
static/src/javascripts/projects/common/modules/commercial/membership-engagement-banner.spec.ts(10,22): error TS2349: This expression is not callable.
  Type '{ ensure(ids: string[], callback?: {}, chunkName?: string): void; resolve: (id: string) => string; cache: any; main: NodeModule; }' has no call signatures.
static/src/javascripts/projects/common/modules/commercial/membership-engagement-banner.spec.ts(99,26): error TS2349: This expression is not callable.
  Type '{ ensure(ids: string[], callback?: {}, chunkName?: string): void; resolve: (id: string) => string; cache: any; main: NodeModule; }' has no call signatures.
static/src/javascripts/projects/common/modules/commercial/membership-engagement-banner.spec.ts(100,33): error TS2349: This expression is not callable.
  Type '{ ensure(ids: string[], callback?: {}, chunkName?: string): void; resolve: (id: string) => string; cache: any; main: NodeModule; }' has no call signatures.
static/src/javascripts/projects/common/modules/commercial/membership-engagement-banner.spec.ts(101,28): error TS2349: This expression is not callable.
  Type '{ ensure(ids: string[], callback?: {}, chunkName?: string): void; resolve: (id: string) => string; cache: any; main: NodeModule; }' has no call signatures.
static/src/javascripts/projects/common/modules/commercial/membership-engagement-banner.spec.ts(103,42): error TS2349: This expression is not callable.
  Type '{ ensure(ids: string[], callback?: {}, chunkName?: string): void; resolve: (id: string) => string; cache: any; main: NodeModule; }' has no call signatures.
static/src/javascripts/projects/common/modules/commercial/membership-engagement-banner.spec.ts(105,36): error TS2349: This expression is not callable.
  Type '{ ensure(ids: string[], callback?: {}, chunkName?: string): void; resolve: (id: string) => string; cache: any; main: NodeModule; }' has no call signatures.
static/src/javascripts/projects/common/modules/commercial/membership-engagement-banner.spec.ts(108,22): error TS2304: Cannot find name 'JestMockFn'.
static/src/javascripts/projects/common/modules/commercial/membership-engagement-banner.spec.ts(109,22): error TS2304: Cannot find name 'JestMockFn'.
static/src/javascripts/projects/common/modules/commercial/membership-engagement-banner.spec.ts(117,20): error TS2339: Property 'mockClear' does not exist on type '(path?: string, defaultValue?: unknown) => unknown'.
static/src/javascripts/projects/common/modules/commercial/membership-engagement-banner.spec.ts(133,28): error TS2339: Property 'mockImplementationOnce' does not exist on type '(path?: string, defaultValue?: unknown) => unknown'.
static/src/javascripts/projects/common/modules/commercial/membership-engagement-banner.spec.ts(289,28): error TS2339: Property 'mockImplementationOnce' does not exist on type '(path?: string, defaultValue?: unknown) => unknown'.
static/src/javascripts/projects/common/modules/commercial/membership-engagement-banner.ts(81,16): error TS2304: Cannot find name 'Runnable'.
static/src/javascripts/projects/common/modules/commercial/membership-engagement-banner.ts(81,25): error TS2304: Cannot find name 'AcquisitionsABTest'.
static/src/javascripts/projects/common/modules/commercial/membership-engagement-banner.ts(199,13): error TS2322: Type 'string' is not assignable to type 'OphanAction'.
static/src/javascripts/projects/common/modules/commercial/membership-engagement-banner.ts(218,13): error TS2554: Expected 2 arguments, but got 1.
static/src/javascripts/projects/common/modules/commercial/permutive.spec.ts(19,30): error TS2339: Property 'mockReturnValue' does not exist on type '(key: string) => string'.
static/src/javascripts/projects/common/modules/commercial/permutive.spec.ts(21,30): error TS2339: Property 'mockReturnValue' does not exist on type '(key: string) => string'.
static/src/javascripts/projects/common/modules/commercial/permutive.spec.ts(25,30): error TS2339: Property 'mockReturnValue' does not exist on type '(key: string) => string'.
static/src/javascripts/projects/common/modules/commercial/permutive.spec.ts(27,30): error TS2339: Property 'mockReturnValue' does not exist on type '(key: string) => string'.
static/src/javascripts/projects/common/modules/commercial/permutive.spec.ts(29,30): error TS2339: Property 'mockReturnValue' does not exist on type '(key: string) => string'.
static/src/javascripts/projects/common/modules/commercial/permutive.spec.ts(31,30): error TS2339: Property 'mockReturnValue' does not exist on type '(key: string) => string'.
static/src/javascripts/projects/common/modules/commercial/reader-revenue-dev-utils.ts(93,9): error TS2345: Argument of type 'number' is not assignable to parameter of type 'string'.
static/src/javascripts/projects/common/modules/commercial/reader-revenue-dev-utils.ts(100,5): error TS2554: Expected 3-4 arguments, but got 2.
static/src/javascripts/projects/common/modules/commercial/reader-revenue-dev-utils.ts(132,21): error TS2339: Property 'readerRevenue' does not exist on type '{ automat?: Automat; }'.
static/src/javascripts/projects/common/modules/commercial/targeting-tool.ts(9,14): error TS2339: Property 'filter' does not exist on type 'unknown'.
static/src/javascripts/projects/common/modules/commercial/targeting-tool.ts(19,40): error TS2304: Cannot find name 'AcquisitionsABTest'.
static/src/javascripts/projects/common/modules/commercial/templates/acquisitions-epic-buttons.ts(7,17): error TS2304: Cannot find name 'EpicCta'.
static/src/javascripts/projects/common/modules/commercial/templates/acquisitions-epic-buttons.ts(8,20): error TS2304: Cannot find name 'EpicCta'.
static/src/javascripts/projects/common/modules/commercial/ticker.ts(23,13): error TS2339: Property 'endType' does not exist on type 'Object'.
static/src/javascripts/projects/common/modules/commercial/ticker.ts(23,44): error TS2339: Property 'endType' does not exist on type 'Object'.
static/src/javascripts/projects/common/modules/commercial/ticker.ts(24,19): error TS2339: Property 'endType' does not exist on type 'Object'.
static/src/javascripts/projects/common/modules/commercial/ticker.ts(27,13): error TS2339: Property 'countType' does not exist on type 'Object'.
static/src/javascripts/projects/common/modules/commercial/ticker.ts(27,42): error TS2339: Property 'countType' does not exist on type 'Object'.
static/src/javascripts/projects/common/modules/commercial/ticker.ts(28,19): error TS2339: Property 'countType' does not exist on type 'Object'.
static/src/javascripts/projects/common/modules/commercial/ticker.ts(31,13): error TS2339: Property 'copy' does not exist on type 'Object'.
static/src/javascripts/projects/common/modules/commercial/ticker.ts(32,13): error TS2339: Property 'copy' does not exist on type 'Object'.
static/src/javascripts/projects/common/modules/commercial/ticker.ts(33,13): error TS2339: Property 'copy' does not exist on type 'Object'.
static/src/javascripts/projects/common/modules/commercial/ticker.ts(34,13): error TS2339: Property 'copy' does not exist on type 'Object'.
static/src/javascripts/projects/common/modules/commercial/ticker.ts(35,19): error TS2339: Property 'copy' does not exist on type 'Object'.
static/src/javascripts/projects/common/modules/commercial/ticker.ts(38,45): error TS2339: Property 'currencySymbol' does not exist on type 'Object'.
static/src/javascripts/projects/common/modules/commercial/ticker.ts(43,33): error TS2339: Property 'currencySymbol' does not exist on type 'Object'.
static/src/javascripts/projects/common/modules/commercial/ticker.ts(91,24): error TS2339: Property 'style' does not exist on type 'Element'.
static/src/javascripts/projects/common/modules/commercial/ticker.ts(154,17): error TS2345: Argument of type 'Element' is not assignable to parameter of type 'HTMLElement'.
static/src/javascripts/projects/common/modules/commercial/user-features.spec.ts(54,5): error TS2554: Expected 3-4 arguments, but got 2.
static/src/javascripts/projects/common/modules/commercial/user-features.spec.ts(55,5): error TS2554: Expected 3-4 arguments, but got 2.
static/src/javascripts/projects/common/modules/commercial/user-features.spec.ts(56,5): error TS2554: Expected 3-4 arguments, but got 2.
static/src/javascripts/projects/common/modules/commercial/user-features.spec.ts(57,5): error TS2554: Expected 3-4 arguments, but got 2.
static/src/javascripts/projects/common/modules/commercial/user-features.spec.ts(58,5): error TS2554: Expected 3-4 arguments, but got 2.
static/src/javascripts/projects/common/modules/commercial/user-features.spec.ts(62,5): error TS2554: Expected 3-4 arguments, but got 2.
static/src/javascripts/projects/common/modules/commercial/user-features.spec.ts(66,5): error TS2554: Expected 3-4 arguments, but got 2.
static/src/javascripts/projects/common/modules/commercial/user-features.spec.ts(73,5): error TS2554: Expected 3-4 arguments, but got 2.
static/src/javascripts/projects/common/modules/commercial/user-features.spec.ts(205,13): error TS2554: Expected 3-4 arguments, but got 2.
static/src/javascripts/projects/common/modules/commercial/user-features.spec.ts(238,13): error TS2554: Expected 3-4 arguments, but got 2.
static/src/javascripts/projects/common/modules/commercial/user-features.spec.ts(243,13): error TS2554: Expected 3-4 arguments, but got 2.
static/src/javascripts/projects/common/modules/commercial/user-features.spec.ts(269,13): error TS2554: Expected 3-4 arguments, but got 2.
static/src/javascripts/projects/common/modules/commercial/user-features.spec.ts(274,13): error TS2554: Expected 3-4 arguments, but got 2.
static/src/javascripts/projects/common/modules/commercial/user-features.spec.ts(300,13): error TS2554: Expected 3-4 arguments, but got 2.
static/src/javascripts/projects/common/modules/commercial/user-features.spec.ts(305,13): error TS2554: Expected 3-4 arguments, but got 2.
static/src/javascripts/projects/common/modules/commercial/user-features.spec.ts(330,13): error TS2554: Expected 3-4 arguments, but got 2.
static/src/javascripts/projects/common/modules/commercial/user-features.spec.ts(335,13): error TS2554: Expected 3-4 arguments, but got 2.
static/src/javascripts/projects/common/modules/commercial/user-features.spec.ts(435,5): error TS2554: Expected 3-4 arguments, but got 2.
static/src/javascripts/projects/common/modules/commercial/user-features.spec.ts(441,5): error TS2554: Expected 3-4 arguments, but got 2.
static/src/javascripts/projects/common/modules/commercial/user-features.spec.ts(478,5): error TS2554: Expected 3-4 arguments, but got 2.
static/src/javascripts/projects/common/modules/commercial/user-features.spec.ts(481,5): error TS2554: Expected 3-4 arguments, but got 2.
static/src/javascripts/projects/common/modules/commercial/user-features.ts(68,5): error TS2554: Expected 3-4 arguments, but got 2.
static/src/javascripts/projects/common/modules/commercial/user-features.ts(69,5): error TS2554: Expected 3-4 arguments, but got 2.
static/src/javascripts/projects/common/modules/commercial/user-features.ts(69,50): error TS2339: Property 'contentAccess' does not exist on type '() => void'.
static/src/javascripts/projects/common/modules/commercial/user-features.ts(70,5): error TS2554: Expected 3-4 arguments, but got 2.
static/src/javascripts/projects/common/modules/commercial/user-features.ts(72,22): error TS2339: Property 'contentAccess' does not exist on type '() => void'.
static/src/javascripts/projects/common/modules/commercial/user-features.ts(74,5): error TS2554: Expected 3-4 arguments, but got 2.
static/src/javascripts/projects/common/modules/commercial/user-features.ts(76,22): error TS2339: Property 'contentAccess' does not exist on type '() => void'.
static/src/javascripts/projects/common/modules/commercial/user-features.ts(78,5): error TS2554: Expected 3-4 arguments, but got 2.
static/src/javascripts/projects/common/modules/commercial/user-features.ts(80,23): error TS2339: Property 'showSupportMessaging' does not exist on type '() => void'.
static/src/javascripts/projects/common/modules/commercial/user-features.ts(82,22): error TS2339: Property 'oneOffContributionDate' does not exist on type '() => void'.
static/src/javascripts/projects/common/modules/commercial/user-features.ts(83,9): error TS2554: Expected 3-4 arguments, but got 2.
static/src/javascripts/projects/common/modules/commercial/user-features.ts(85,26): error TS2339: Property 'oneOffContributionDate' does not exist on type '() => void'.
static/src/javascripts/projects/common/modules/commercial/user-features.ts(91,9): error TS2554: Expected 3-4 arguments, but got 2.
static/src/javascripts/projects/common/modules/commercial/user-features.ts(91,60): error TS2339: Property 'alertAvailableFor' does not exist on type 'never'.
static/src/javascripts/projects/common/modules/commercial/user-features.ts(97,23): error TS2339: Property 'contentAccess' does not exist on type '() => void'.
static/src/javascripts/projects/common/modules/commercial/user-features.ts(102,22): error TS2339: Property 'contentAccess' does not exist on type '() => void'.
static/src/javascripts/projects/common/modules/commercial/user-features.ts(103,9): error TS2554: Expected 3-4 arguments, but got 2.
static/src/javascripts/projects/common/modules/commercial/user-features.ts(143,18): error TS2339: Property 'adFreeStrictExpiryEnforcement' does not exist on type 'unknown'.
static/src/javascripts/projects/common/modules/commercial/user-features.ts(296,5): error TS2554: Expected 3-4 arguments, but got 2.
static/src/javascripts/projects/common/modules/component.spec.ts(5,18): error TS2304: Cannot find name 'JestMockFn'.
static/src/javascripts/projects/common/modules/component.spec.ts(202,38): error TS2339: Property 'a' does not exist on type 'Object'.
static/src/javascripts/projects/common/modules/component.spec.ts(203,38): error TS2339: Property 'b' does not exist on type 'Object'.
static/src/javascripts/projects/common/modules/component.spec.ts(218,38): error TS2339: Property 'a' does not exist on type 'Object'.
static/src/javascripts/projects/common/modules/component.spec.ts(219,38): error TS2339: Property 'b' does not exist on type 'Object'.
static/src/javascripts/projects/common/modules/component.spec.ts(239,38): error TS2339: Property 'a' does not exist on type 'Object'.
static/src/javascripts/projects/common/modules/component.spec.ts(240,38): error TS2339: Property 'b' does not exist on type 'Object'.
static/src/javascripts/projects/common/modules/component.spec.ts(241,38): error TS2339: Property 'c' does not exist on type 'Object'.
static/src/javascripts/projects/common/modules/component.ts(52,8): error TS2304: Cannot find name 'TimeoutID'.
static/src/javascripts/projects/common/modules/component.ts(54,20): error TS1093: Type annotation cannot appear on a constructor declaration.
static/src/javascripts/projects/common/modules/crosswords/anagram-helper/clue-input.tsx(18,14): error TS2339: Property 'props' does not exist on type 'ClueInput'.
static/src/javascripts/projects/common/modules/crosswords/anagram-helper/clue-input.tsx(27,10): error TS2339: Property 'props' does not exist on type 'ClueInput'.
static/src/javascripts/projects/common/modules/crosswords/anagram-helper/clue-input.tsx(35,12): error TS2339: Property 'props' does not exist on type 'ClueInput'.
static/src/javascripts/projects/common/modules/crosswords/anagram-helper/clue-input.tsx(40,125): error TS2339: Property 'props' does not exist on type 'ClueInput'.
static/src/javascripts/projects/common/modules/crosswords/anagram-helper/clue-input.tsx(40,156): error TS2339: Property 'props' does not exist on type 'ClueInput'.
static/src/javascripts/projects/common/modules/crosswords/anagram-helper/clue-preview.tsx(8,19): error TS1337: An index signature parameter type cannot be a union type. Consider using a mapped object type instead.
static/src/javascripts/projects/common/modules/crosswords/anagram-helper/clue-preview.tsx(27,37): error TS8020: JSDoc types can only be used inside documentation comments.
static/src/javascripts/projects/common/modules/crosswords/anagram-helper/clue-preview.tsx(27,40): error TS8020: JSDoc types can only be used inside documentation comments.
static/src/javascripts/projects/common/modules/crosswords/anagram-helper/clue-preview.tsx(39,31): error TS2339: Property 'props' does not exist on type 'CluePreview'.
static/src/javascripts/projects/common/modules/crosswords/anagram-helper/clue-preview.tsx(41,21): error TS2339: Property 'props' does not exist on type 'CluePreview'.
static/src/javascripts/projects/common/modules/crosswords/anagram-helper/clue-preview.tsx(44,36): error TS2339: Property 'props' does not exist on type 'CluePreview'.
static/src/javascripts/projects/common/modules/crosswords/anagram-helper/clue-preview.tsx(62,31): error TS2339: Property 'props' does not exist on type 'CluePreview'.
static/src/javascripts/projects/common/modules/crosswords/anagram-helper/clue-preview.tsx(64,35): error TS2339: Property 'props' does not exist on type 'CluePreview'.
static/src/javascripts/projects/common/modules/crosswords/anagram-helper/clue-preview.tsx(67,27): error TS2339: Property 'props' does not exist on type 'CluePreview'.
static/src/javascripts/projects/common/modules/crosswords/anagram-helper/clue-preview.tsx(71,30): error TS2339: Property 'props' does not exist on type 'CluePreview'.
static/src/javascripts/projects/common/modules/crosswords/anagram-helper/clue-preview.tsx(78,53): error TS2339: Property 'solved' does not exist on type 'Object'.
static/src/javascripts/projects/common/modules/crosswords/anagram-helper/clue-preview.tsx(80,40): error TS2339: Property 'key' does not exist on type 'Object'.
static/src/javascripts/projects/common/modules/crosswords/anagram-helper/clue-preview.tsx(81,36): error TS2339: Property 'value' does not exist on type 'Object'.
static/src/javascripts/projects/common/modules/crosswords/anagram-helper/main.tsx(3,10): error TS2614: Module '"*.svg"' has no exported member 'markup'. Did you mean to use 'import markup from "*.svg"' instead?
static/src/javascripts/projects/common/modules/crosswords/anagram-helper/main.tsx(14,10): error TS2339: Property 'state' does not exist on type 'AnagramHelper'.
static/src/javascripts/projects/common/modules/crosswords/anagram-helper/main.tsx(22,14): error TS2339: Property 'clue' does not exist on type 'Object'.
static/src/javascripts/projects/common/modules/crosswords/anagram-helper/main.tsx(22,28): error TS2339: Property 'props' does not exist on type 'AnagramHelper'.
static/src/javascripts/projects/common/modules/crosswords/anagram-helper/main.tsx(29,12): error TS2339: Property 'setState' does not exist on type 'AnagramHelper'.
static/src/javascripts/projects/common/modules/crosswords/anagram-helper/main.tsx(67,12): error TS2339: Property 'setState' does not exist on type 'AnagramHelper'.
static/src/javascripts/projects/common/modules/crosswords/anagram-helper/main.tsx(74,14): error TS2339: Property 'state' does not exist on type 'AnagramHelper'.
static/src/javascripts/projects/common/modules/crosswords/anagram-helper/main.tsx(75,12): error TS2339: Property 'setState' does not exist on type 'AnagramHelper'.
static/src/javascripts/projects/common/modules/crosswords/anagram-helper/main.tsx(83,19): error TS2339: Property 'state' does not exist on type 'AnagramHelper'.
static/src/javascripts/projects/common/modules/crosswords/anagram-helper/main.tsx(83,43): error TS2339: Property 'state' does not exist on type 'AnagramHelper'.
static/src/javascripts/projects/common/modules/crosswords/anagram-helper/main.tsx(90,42): error TS2339: Property 'props' does not exist on type 'AnagramHelper'.
static/src/javascripts/projects/common/modules/crosswords/anagram-helper/main.tsx(90,62): error TS2339: Property 'props' does not exist on type 'AnagramHelper'.
static/src/javascripts/projects/common/modules/crosswords/anagram-helper/main.tsx(91,37): error TS2339: Property 'props' does not exist on type 'AnagramHelper'.
static/src/javascripts/projects/common/modules/crosswords/anagram-helper/main.tsx(91,57): error TS2339: Property 'props' does not exist on type 'AnagramHelper'.
static/src/javascripts/projects/common/modules/crosswords/anagram-helper/main.tsx(92,64): error TS2339: Property 'props' does not exist on type 'AnagramHelper'.
static/src/javascripts/projects/common/modules/crosswords/anagram-helper/main.tsx(96,43): error TS2339: Property 'state' does not exist on type 'AnagramHelper'.
static/src/javascripts/projects/common/modules/crosswords/anagram-helper/main.tsx(98,24): error TS2339: Property 'state' does not exist on type 'AnagramHelper'.
static/src/javascripts/projects/common/modules/crosswords/anagram-helper/main.tsx(98,42): error TS2607: JSX element class does not support attributes because it does not have a 'props' property.
static/src/javascripts/projects/common/modules/crosswords/anagram-helper/main.tsx(98,43): error TS2786: 'ClueInput' cannot be used as a JSX component.
  Its instance type 'ClueInput' is not a valid JSX element.
    Type 'ClueInput' is missing the following properties from type 'ElementClass': context, setState, forceUpdate, props, and 2 more.
static/src/javascripts/projects/common/modules/crosswords/anagram-helper/main.tsx(98,65): error TS2339: Property 'state' does not exist on type 'AnagramHelper'.
static/src/javascripts/projects/common/modules/crosswords/anagram-helper/main.tsx(98,172): error TS2607: JSX element class does not support attributes because it does not have a 'props' property.
static/src/javascripts/projects/common/modules/crosswords/anagram-helper/main.tsx(98,173): error TS2786: 'Ring' cannot be used as a JSX component.
  Its instance type 'Ring' is not a valid JSX element.
    Type 'Ring' is missing the following properties from type 'ElementClass': context, setState, forceUpdate, props, and 2 more.
static/src/javascripts/projects/common/modules/crosswords/anagram-helper/main.tsx(102,121): error TS2339: Property 'props' does not exist on type 'AnagramHelper'.
static/src/javascripts/projects/common/modules/crosswords/anagram-helper/main.tsx(102,143): error TS2339: Property 'props' does not exist on type 'AnagramHelper'.
static/src/javascripts/projects/common/modules/crosswords/anagram-helper/main.tsx(103,66): error TS2339: Property 'state' does not exist on type 'AnagramHelper'.
static/src/javascripts/projects/common/modules/crosswords/anagram-helper/main.tsx(109,17): error TS2607: JSX element class does not support attributes because it does not have a 'props' property.
static/src/javascripts/projects/common/modules/crosswords/anagram-helper/main.tsx(109,18): error TS2786: 'CluePreview' cannot be used as a JSX component.
  Its instance type 'CluePreview' is not a valid JSX element.
    Type 'CluePreview' is missing the following properties from type 'ElementClass': context, setState, forceUpdate, props, and 2 more.
static/src/javascripts/projects/common/modules/crosswords/anagram-helper/main.tsx(109,97): error TS2339: Property 'state' does not exist on type 'AnagramHelper'.
static/src/javascripts/projects/common/modules/crosswords/anagram-helper/ring.tsx(25,30): error TS2339: Property 'props' does not exist on type 'Ring'.
static/src/javascripts/projects/common/modules/crosswords/anagram-helper/ring.tsx(28,23): error TS2339: Property 'props' does not exist on type 'Ring'.
static/src/javascripts/projects/common/modules/crosswords/cell.tsx(11,10): error TS2339: Property 'props' does not exist on type 'Cell'.
static/src/javascripts/projects/common/modules/crosswords/cell.tsx(11,34): error TS2339: Property 'props' does not exist on type 'Cell'.
static/src/javascripts/projects/common/modules/crosswords/cell.tsx(11,48): error TS2339: Property 'props' does not exist on type 'Cell'.
static/src/javascripts/projects/common/modules/crosswords/cell.tsx(15,31): error TS2339: Property 'props' does not exist on type 'Cell'.
static/src/javascripts/projects/common/modules/crosswords/cell.tsx(16,32): error TS2339: Property 'props' does not exist on type 'Cell'.
static/src/javascripts/projects/common/modules/crosswords/cell.tsx(19,14): error TS2339: Property 'props' does not exist on type 'Cell'.
static/src/javascripts/projects/common/modules/crosswords/cell.tsx(21,27): error TS2339: Property 'props' does not exist on type 'Cell'.
static/src/javascripts/projects/common/modules/crosswords/cell.tsx(26,14): error TS2339: Property 'props' does not exist on type 'Cell'.
static/src/javascripts/projects/common/modules/crosswords/cell.tsx(29,48): error TS2339: Property 'props' does not exist on type 'Cell'.
static/src/javascripts/projects/common/modules/crosswords/cell.tsx(30,45): error TS2339: Property 'props' does not exist on type 'Cell'.
static/src/javascripts/projects/common/modules/crosswords/cell.tsx(32,27): error TS2339: Property 'props' does not exist on type 'Cell'.
static/src/javascripts/projects/common/modules/crosswords/cell.tsx(39,43): error TS2339: Property 'props' does not exist on type 'Cell'.
static/src/javascripts/projects/common/modules/crosswords/cell.tsx(40,46): error TS2339: Property 'props' does not exist on type 'Cell'.
static/src/javascripts/projects/common/modules/crosswords/clues.tsx(12,10): error TS2339: Property 'props' does not exist on type 'Clue'.
static/src/javascripts/projects/common/modules/crosswords/clues.tsx(17,35): error TS2339: Property 'props' does not exist on type 'Clue'.
static/src/javascripts/projects/common/modules/crosswords/clues.tsx(19,43): error TS2339: Property 'props' does not exist on type 'Clue'.
static/src/javascripts/projects/common/modules/crosswords/clues.tsx(20,43): error TS2339: Property 'props' does not exist on type 'Clue'.
static/src/javascripts/projects/common/modules/crosswords/clues.tsx(21,69): error TS2339: Property 'props' does not exist on type 'Clue'.
static/src/javascripts/projects/common/modules/crosswords/clues.tsx(21,92): error TS2339: Property 'props' does not exist on type 'Clue'.
static/src/javascripts/projects/common/modules/crosswords/clues.tsx(24,31): error TS2339: Property 'props' does not exist on type 'Clue'.
static/src/javascripts/projects/common/modules/crosswords/clues.tsx(26,100): error TS2339: Property 'props' does not exist on type 'Clue'.
static/src/javascripts/projects/common/modules/crosswords/clues.tsx(36,10): error TS2339: Property 'state' does not exist on type 'Clues'.
static/src/javascripts/projects/common/modules/crosswords/clues.tsx(42,41): error TS2339: Property 'clues' does not exist on type 'Clues'.
static/src/javascripts/projects/common/modules/crosswords/clues.tsx(49,16): error TS2339: Property 'state' does not exist on type 'Clues'.
static/src/javascripts/projects/common/modules/crosswords/clues.tsx(50,14): error TS2339: Property 'setState' does not exist on type 'Clues'.
static/src/javascripts/projects/common/modules/crosswords/clues.tsx(64,17): error TS2339: Property 'props' does not exist on type 'Clues'.
static/src/javascripts/projects/common/modules/crosswords/clues.tsx(64,42): error TS2339: Property 'focussed' does not exist on type 'Object'.
static/src/javascripts/projects/common/modules/crosswords/clues.tsx(64,59): error TS2339: Property 'focussed' does not exist on type 'Object'.
static/src/javascripts/projects/common/modules/crosswords/clues.tsx(64,80): error TS2339: Property 'props' does not exist on type 'Clues'.
static/src/javascripts/projects/common/modules/crosswords/clues.tsx(66,34): error TS2339: Property 'props' does not exist on type 'Clues'.
static/src/javascripts/projects/common/modules/crosswords/clues.tsx(75,54): error TS2339: Property 'id' does not exist on type 'Object'.
static/src/javascripts/projects/common/modules/crosswords/clues.tsx(86,48): error TS2339: Property 'props' does not exist on type 'Clues'.
static/src/javascripts/projects/common/modules/crosswords/clues.tsx(86,123): error TS2607: JSX element class does not support attributes because it does not have a 'props' property.
static/src/javascripts/projects/common/modules/crosswords/clues.tsx(86,124): error TS2786: 'Clue' cannot be used as a JSX component.
  Its instance type 'Clue' is not a valid JSX element.
    Type 'Clue' is missing the following properties from type 'ElementClass': context, setState, forceUpdate, props, and 2 more.
static/src/javascripts/projects/common/modules/crosswords/clues.tsx(89,12): error TS2339: Property 'props' does not exist on type 'Clues'.
static/src/javascripts/projects/common/modules/crosswords/clues.tsx(92,62): error TS2339: Property 'state' does not exist on type 'Clues'.
static/src/javascripts/projects/common/modules/crosswords/clues.tsx(94,14): error TS2339: Property 'clues' does not exist on type 'Clues'.
static/src/javascripts/projects/common/modules/crosswords/comments.ts(11,35): error TS2345: Argument of type 'Element' is not assignable to parameter of type 'HTMLElement'.
static/src/javascripts/projects/common/modules/crosswords/confirm-button.tsx(11,10): error TS2339: Property 'state' does not exist on type 'ConfirmButton'.
static/src/javascripts/projects/common/modules/crosswords/confirm-button.tsx(17,14): error TS2339: Property 'state' does not exist on type 'ConfirmButton'.
static/src/javascripts/projects/common/modules/crosswords/confirm-button.tsx(18,12): error TS2339: Property 'setState' does not exist on type 'ConfirmButton'.
static/src/javascripts/projects/common/modules/crosswords/confirm-button.tsx(21,12): error TS2339: Property 'props' does not exist on type 'ConfirmButton'.
static/src/javascripts/projects/common/modules/crosswords/confirm-button.tsx(23,12): error TS2339: Property 'setState' does not exist on type 'ConfirmButton'.
static/src/javascripts/projects/common/modules/crosswords/confirm-button.tsx(27,14): error TS2339: Property 'setState' does not exist on type 'ConfirmButton'.
static/src/javascripts/projects/common/modules/crosswords/confirm-button.tsx(35,24): error TS2339: Property 'state' does not exist on type 'ConfirmButton'.
static/src/javascripts/projects/common/modules/crosswords/confirm-button.tsx(35,59): error TS2339: Property 'props' does not exist on type 'ConfirmButton'.
static/src/javascripts/projects/common/modules/crosswords/confirm-button.tsx(35,93): error TS2339: Property 'props' does not exist on type 'ConfirmButton'.
static/src/javascripts/projects/common/modules/crosswords/confirm-button.tsx(38,90): error TS2339: Property 'state' does not exist on type 'ConfirmButton'.
static/src/javascripts/projects/common/modules/crosswords/confirm-button.tsx(38,121): error TS2339: Property 'props' does not exist on type 'ConfirmButton'.
static/src/javascripts/projects/common/modules/crosswords/confirm-button.tsx(40,30): error TS2339: Property 'props' does not exist on type 'ConfirmButton'.
static/src/javascripts/projects/common/modules/crosswords/controls.tsx(12,31): error TS2339: Property 'props' does not exist on type 'Controls'.
static/src/javascripts/projects/common/modules/crosswords/controls.tsx(13,27): error TS2339: Property 'props' does not exist on type 'Controls'.
static/src/javascripts/projects/common/modules/crosswords/controls.tsx(20,27): error TS2607: JSX element class does not support attributes because it does not have a 'props' property.
static/src/javascripts/projects/common/modules/crosswords/controls.tsx(20,28): error TS2786: 'ConfirmButton' cannot be used as a JSX component.
  Its instance type 'ConfirmButton' is not a valid JSX element.
    Type 'ConfirmButton' is missing the following properties from type 'ElementClass': context, setState, forceUpdate, props, and 2 more.
static/src/javascripts/projects/common/modules/crosswords/controls.tsx(20,115): error TS2339: Property 'props' does not exist on type 'Controls'.
static/src/javascripts/projects/common/modules/crosswords/controls.tsx(20,152): error TS2339: Property 'props' does not exist on type 'Controls'.
static/src/javascripts/projects/common/modules/crosswords/controls.tsx(23,29): error TS2607: JSX element class does not support attributes because it does not have a 'props' property.
static/src/javascripts/projects/common/modules/crosswords/controls.tsx(23,30): error TS2786: 'ConfirmButton' cannot be used as a JSX component.
  Its instance type 'ConfirmButton' is not a valid JSX element.
static/src/javascripts/projects/common/modules/crosswords/controls.tsx(23,117): error TS2339: Property 'props' does not exist on type 'Controls'.
static/src/javascripts/projects/common/modules/crosswords/controls.tsx(23,154): error TS2339: Property 'props' does not exist on type 'Controls'.
static/src/javascripts/projects/common/modules/crosswords/controls.tsx(24,29): error TS2607: JSX element class does not support attributes because it does not have a 'props' property.
static/src/javascripts/projects/common/modules/crosswords/controls.tsx(24,30): error TS2786: 'ConfirmButton' cannot be used as a JSX component.
  Its instance type 'ConfirmButton' is not a valid JSX element.
static/src/javascripts/projects/common/modules/crosswords/controls.tsx(24,117): error TS2339: Property 'props' does not exist on type 'Controls'.
static/src/javascripts/projects/common/modules/crosswords/controls.tsx(24,154): error TS2339: Property 'props' does not exist on type 'Controls'.
static/src/javascripts/projects/common/modules/crosswords/controls.tsx(29,110): error TS2339: Property 'props' does not exist on type 'Controls'.
static/src/javascripts/projects/common/modules/crosswords/controls.tsx(29,150): error TS2339: Property 'props' does not exist on type 'Controls'.
static/src/javascripts/projects/common/modules/crosswords/controls.tsx(34,107): error TS2339: Property 'props' does not exist on type 'Controls'.
static/src/javascripts/projects/common/modules/crosswords/controls.tsx(34,155): error TS2339: Property 'props' does not exist on type 'Controls'.
static/src/javascripts/projects/common/modules/crosswords/controls.tsx(39,112): error TS2339: Property 'props' does not exist on type 'Controls'.
static/src/javascripts/projects/common/modules/crosswords/controls.tsx(39,146): error TS2339: Property 'props' does not exist on type 'Controls'.
static/src/javascripts/projects/common/modules/crosswords/controls.tsx(42,112): error TS2339: Property 'props' does not exist on type 'Controls'.
static/src/javascripts/projects/common/modules/crosswords/controls.tsx(42,146): error TS2339: Property 'props' does not exist on type 'Controls'.
static/src/javascripts/projects/common/modules/crosswords/crossword.tsx(32,29): error TS2339: Property 'props' does not exist on type 'Crossword'.
static/src/javascripts/projects/common/modules/crosswords/crossword.tsx(36,38): error TS2339: Property 'props' does not exist on type 'Crossword'.
static/src/javascripts/projects/common/modules/crosswords/crossword.tsx(38,10): error TS2339: Property 'state' does not exist on type 'Crossword'.
static/src/javascripts/projects/common/modules/crosswords/crossword.tsx(39,62): error TS2339: Property 'props' does not exist on type 'Crossword'.
static/src/javascripts/projects/common/modules/crosswords/crossword.tsx(39,101): error TS2339: Property 'props' does not exist on type 'Crossword'.
static/src/javascripts/projects/common/modules/crosswords/crossword.tsx(48,51): error TS2339: Property 'stickyClueWrapper' does not exist on type 'Crossword'.
static/src/javascripts/projects/common/modules/crosswords/crossword.tsx(49,38): error TS2339: Property 'grid' does not exist on type 'Crossword'.
static/src/javascripts/projects/common/modules/crosswords/crossword.tsx(50,38): error TS2339: Property 'game' does not exist on type 'Crossword'.
static/src/javascripts/projects/common/modules/crosswords/crossword.tsx(88,15): error TS2339: Property 'state' does not exist on type 'Crossword'.
static/src/javascripts/projects/common/modules/crosswords/crossword.tsx(88,47): error TS2339: Property 'state' does not exist on type 'Crossword'.
static/src/javascripts/projects/common/modules/crosswords/crossword.tsx(88,85): error TS2339: Property 'showAnagramHelper' does not exist on type 'Object'.
static/src/javascripts/projects/common/modules/crosswords/crossword.tsx(94,23): error TS2339: Property 'state' does not exist on type 'Crossword'.
static/src/javascripts/projects/common/modules/crosswords/crossword.tsx(132,30): error TS2339: Property 'state' does not exist on type 'Crossword'.
static/src/javascripts/projects/common/modules/crosswords/crossword.tsx(137,77): error TS2345: Argument of type 'Object' is not assignable to parameter of type 'Clue'.
  The 'Object' type is assignable to very few other types. Did you mean to use the 'any' type instead?
static/src/javascripts/projects/common/modules/crosswords/crossword.tsx(139,75): error TS2339: Property 'state' does not exist on type 'Crossword'.
static/src/javascripts/projects/common/modules/crosswords/crossword.tsx(141,42): error TS2339: Property 'state' does not exist on type 'Crossword'.
static/src/javascripts/projects/common/modules/crosswords/crossword.tsx(146,47): error TS2339: Property 'state' does not exist on type 'Crossword'.
static/src/javascripts/projects/common/modules/crosswords/crossword.tsx(152,33): error TS2339: Property 'state' does not exist on type 'Crossword'.
static/src/javascripts/projects/common/modules/crosswords/crossword.tsx(154,12): error TS2339: Property 'state' does not exist on type 'Crossword'.
static/src/javascripts/projects/common/modules/crosswords/crossword.tsx(189,10): error TS2339: Property 'props' does not exist on type 'Crossword'.
static/src/javascripts/projects/common/modules/crosswords/crossword.tsx(194,10): error TS2339: Property 'props' does not exist on type 'Crossword'.
static/src/javascripts/projects/common/modules/crosswords/crossword.tsx(199,10): error TS2339: Property 'setState' does not exist on type 'Crossword'.
static/src/javascripts/projects/common/modules/crosswords/crossword.tsx(200,26): error TS2339: Property 'state' does not exist on type 'Crossword'.
static/src/javascripts/projects/common/modules/crosswords/crossword.tsx(215,58): error TS2339: Property 'state' does not exist on type 'Crossword'.
static/src/javascripts/projects/common/modules/crosswords/crossword.tsx(215,89): error TS2339: Property 'props' does not exist on type 'Crossword'.
static/src/javascripts/projects/common/modules/crosswords/crossword.tsx(215,109): error TS2345: Argument of type 'Object' is not assignable to parameter of type 'Clue'.
  The 'Object' type is assignable to very few other types. Did you mean to use the 'any' type instead?
    Type 'Object' is missing the following properties from type 'Clue': id, number, humanNumber, group, and 6 more.
static/src/javascripts/projects/common/modules/crosswords/crossword.tsx(217,12): error TS2339: Property 'setState' does not exist on type 'Crossword'.
static/src/javascripts/projects/common/modules/crosswords/crossword.tsx(218,28): error TS2339: Property 'state' does not exist on type 'Crossword'.
static/src/javascripts/projects/common/modules/crosswords/crossword.tsx(232,15): error TS2339: Property 'state' does not exist on type 'Crossword'.
static/src/javascripts/projects/common/modules/crosswords/crossword.tsx(234,14): error TS2339: Property 'setState' does not exist on type 'Crossword'.
static/src/javascripts/projects/common/modules/crosswords/crossword.tsx(239,12): error TS2339: Property 'setState' does not exist on type 'Crossword'.
static/src/javascripts/projects/common/modules/crosswords/crossword.tsx(246,27): error TS2339: Property 'state' does not exist on type 'Crossword'.
static/src/javascripts/projects/common/modules/crosswords/crossword.tsx(262,46): error TS2551: Property 'gridWrapper' does not exist on type 'Crossword'. Did you mean '$gridWrapper'?
static/src/javascripts/projects/common/modules/crosswords/crossword.tsx(283,10): error TS2339: Property 'setState' does not exist on type 'Crossword'.
static/src/javascripts/projects/common/modules/crosswords/crossword.tsx(284,26): error TS2339: Property 'state' does not exist on type 'Crossword'.
static/src/javascripts/projects/common/modules/crosswords/crossword.tsx(296,17): error TS2339: Property 'state' does not exist on type 'Crossword'.
static/src/javascripts/projects/common/modules/crosswords/crossword.tsx(312,23): error TS2339: Property 'state' does not exist on type 'Crossword'.
static/src/javascripts/projects/common/modules/crosswords/crossword.tsx(336,17): error TS2339: Property 'props' does not exist on type 'Crossword'.
static/src/javascripts/projects/common/modules/crosswords/crossword.tsx(341,26): error TS2339: Property 'props' does not exist on type 'Crossword'.
static/src/javascripts/projects/common/modules/crosswords/crossword.tsx(351,26): error TS2339: Property 'props' does not exist on type 'Crossword'.
static/src/javascripts/projects/common/modules/crosswords/crossword.tsx(360,23): error TS2339: Property 'state' does not exist on type 'Crossword'.
static/src/javascripts/projects/common/modules/crosswords/crossword.tsx(370,14): error TS2339: Property 'state' does not exist on type 'Crossword'.
static/src/javascripts/projects/common/modules/crosswords/crossword.tsx(370,36): error TS2339: Property 'state' does not exist on type 'Crossword'.
static/src/javascripts/projects/common/modules/crosswords/crossword.tsx(370,61): error TS2339: Property 'state' does not exist on type 'Crossword'.
static/src/javascripts/projects/common/modules/crosswords/crossword.tsx(381,17): error TS2339: Property 'state' does not exist on type 'Crossword'.
static/src/javascripts/projects/common/modules/crosswords/crossword.tsx(385,23): error TS2339: Property 'state' does not exist on type 'Crossword'.
static/src/javascripts/projects/common/modules/crosswords/crossword.tsx(389,35): error TS2345: Argument of type 'Object' is not assignable to parameter of type 'Clue'.
  The 'Object' type is assignable to very few other types. Did you mean to use the 'any' type instead?
static/src/javascripts/projects/common/modules/crosswords/crossword.tsx(390,53): error TS2339: Property 'props' does not exist on type 'Crossword'.
static/src/javascripts/projects/common/modules/crosswords/crossword.tsx(390,73): error TS2345: Argument of type 'Object' is not assignable to parameter of type 'Clue'.
  The 'Object' type is assignable to very few other types. Did you mean to use the 'any' type instead?
static/src/javascripts/projects/common/modules/crosswords/crossword.tsx(404,23): error TS2339: Property 'state' does not exist on type 'Crossword'.
static/src/javascripts/projects/common/modules/crosswords/crossword.tsx(408,34): error TS2345: Argument of type 'Object' is not assignable to parameter of type 'Clue'.
  The 'Object' type is assignable to very few other types. Did you mean to use the 'any' type instead?
static/src/javascripts/projects/common/modules/crosswords/crossword.tsx(409,49): error TS2339: Property 'props' does not exist on type 'Crossword'.
static/src/javascripts/projects/common/modules/crosswords/crossword.tsx(409,69): error TS2345: Argument of type 'Object' is not assignable to parameter of type 'Clue'.
  The 'Object' type is assignable to very few other types. Did you mean to use the 'any' type instead?
static/src/javascripts/projects/common/modules/crosswords/crossword.tsx(432,52): error TS2339: Property 'hiddenInputComponent' does not exist on type 'Crossword'.
static/src/javascripts/projects/common/modules/crosswords/crossword.tsx(438,38): error TS2339: Property 'x' does not exist on type 'Object'.
static/src/javascripts/projects/common/modules/crosswords/crossword.tsx(439,37): error TS2339: Property 'y' does not exist on type 'Object'.
static/src/javascripts/projects/common/modules/crosswords/crossword.tsx(441,60): error TS2339: Property 'hiddenInputComponent' does not exist on type 'Crossword'.
static/src/javascripts/projects/common/modules/crosswords/crossword.tsx(456,12): error TS2339: Property 'setState' does not exist on type 'Crossword'.
static/src/javascripts/projects/common/modules/crosswords/crossword.tsx(457,20): error TS2339: Property 'state' does not exist on type 'Crossword'.
static/src/javascripts/projects/common/modules/crosswords/crossword.tsx(472,26): error TS2339: Property 'position' does not exist on type 'Object'.
static/src/javascripts/projects/common/modules/crosswords/crossword.tsx(472,44): error TS2339: Property 'position' does not exist on type 'Object'.
static/src/javascripts/projects/common/modules/crosswords/crossword.tsx(472,62): error TS2339: Property 'direction' does not exist on type 'Object'.
static/src/javascripts/projects/common/modules/crosswords/crossword.tsx(476,14): error TS2339: Property 'state' does not exist on type 'Crossword'.
static/src/javascripts/projects/common/modules/crosswords/crossword.tsx(477,34): error TS2339: Property 'state' does not exist on type 'Crossword'.
static/src/javascripts/projects/common/modules/crosswords/crossword.tsx(477,60): error TS2339: Property 'state' does not exist on type 'Crossword'.
static/src/javascripts/projects/common/modules/crosswords/crossword.tsx(482,14): error TS2339: Property 'state' does not exist on type 'Crossword'.
static/src/javascripts/projects/common/modules/crosswords/crossword.tsx(483,56): error TS2339: Property 'state' does not exist on type 'Crossword'.
static/src/javascripts/projects/common/modules/crosswords/crossword.tsx(483,82): error TS2339: Property 'state' does not exist on type 'Crossword'.
static/src/javascripts/projects/common/modules/crosswords/crossword.tsx(485,16): error TS2339: Property 'state' does not exist on type 'Crossword'.
static/src/javascripts/projects/common/modules/crosswords/crossword.tsx(486,34): error TS2339: Property 'state' does not exist on type 'Crossword'.
static/src/javascripts/projects/common/modules/crosswords/crossword.tsx(493,17): error TS2339: Property 'props' does not exist on type 'Crossword'.
static/src/javascripts/projects/common/modules/crosswords/crossword.tsx(497,14): error TS2339: Property 'state' does not exist on type 'Crossword'.
static/src/javascripts/projects/common/modules/crosswords/crossword.tsx(498,56): error TS2339: Property 'state' does not exist on type 'Crossword'.
static/src/javascripts/projects/common/modules/crosswords/crossword.tsx(498,82): error TS2339: Property 'state' does not exist on type 'Crossword'.
static/src/javascripts/projects/common/modules/crosswords/crossword.tsx(500,16): error TS2339: Property 'state' does not exist on type 'Crossword'.
static/src/javascripts/projects/common/modules/crosswords/crossword.tsx(500,60): error TS2339: Property 'state' does not exist on type 'Crossword'.
static/src/javascripts/projects/common/modules/crosswords/crossword.tsx(501,34): error TS2339: Property 'state' does not exist on type 'Crossword'.
static/src/javascripts/projects/common/modules/crosswords/crossword.tsx(501,78): error TS2339: Property 'id' does not exist on type 'Object'.
static/src/javascripts/projects/common/modules/crosswords/crossword.tsx(508,17): error TS2339: Property 'props' does not exist on type 'Crossword'.
static/src/javascripts/projects/common/modules/crosswords/crossword.tsx(509,57): error TS2339: Property 'state' does not exist on type 'Crossword'.
static/src/javascripts/projects/common/modules/crosswords/crossword.tsx(519,24): error TS2339: Property 'props' does not exist on type 'Crossword'.
static/src/javascripts/projects/common/modules/crosswords/crossword.tsx(519,44): error TS2339: Property 'state' does not exist on type 'Crossword'.
static/src/javascripts/projects/common/modules/crosswords/crossword.tsx(523,33): error TS2345: Argument of type 'Object' is not assignable to parameter of type 'Clue'.
  The 'Object' type is assignable to very few other types. Did you mean to use the 'any' type instead?
static/src/javascripts/projects/common/modules/crosswords/crossword.tsx(525,15): error TS2339: Property 'solution' does not exist on type 'Object'.
static/src/javascripts/projects/common/modules/crosswords/crossword.tsx(526,12): error TS2339: Property 'setState' does not exist on type 'Crossword'.
static/src/javascripts/projects/common/modules/crosswords/crossword.tsx(527,28): error TS2339: Property 'state' does not exist on type 'Crossword'.
static/src/javascripts/projects/common/modules/crosswords/crossword.tsx(529,29): error TS2339: Property 'direction' does not exist on type 'Object'.
static/src/javascripts/projects/common/modules/crosswords/crossword.tsx(529,64): error TS2339: Property 'position' does not exist on type 'Object'.
static/src/javascripts/projects/common/modules/crosswords/crossword.tsx(529,87): error TS2339: Property 'position' does not exist on type 'Object'.
static/src/javascripts/projects/common/modules/crosswords/crossword.tsx(531,32): error TS2339: Property 'solution' does not exist on type 'Object'.
static/src/javascripts/projects/common/modules/crosswords/crossword.tsx(541,33): error TS2345: Argument of type 'Object' is not assignable to parameter of type 'Clue'.
  The 'Object' type is assignable to very few other types. Did you mean to use the 'any' type instead?
static/src/javascripts/projects/common/modules/crosswords/crossword.tsx(543,15): error TS2339: Property 'solution' does not exist on type 'Object'.
static/src/javascripts/projects/common/modules/crosswords/crossword.tsx(544,41): error TS2339: Property 'solution' does not exist on type 'Object'.
static/src/javascripts/projects/common/modules/crosswords/crossword.tsx(546,27): error TS2339: Property 'state' does not exist on type 'Crossword'.
static/src/javascripts/projects/common/modules/crosswords/crossword.tsx(551,12): error TS2339: Property 'setState' does not exist on type 'Crossword'.
static/src/javascripts/projects/common/modules/crosswords/crossword.tsx(552,28): error TS2339: Property 'state' does not exist on type 'Crossword'.
static/src/javascripts/projects/common/modules/crosswords/crossword.tsx(563,14): error TS2339: Property 'setState' does not exist on type 'Crossword'.
static/src/javascripts/projects/common/modules/crosswords/crossword.tsx(564,30): error TS2339: Property 'state' does not exist on type 'Crossword'.
static/src/javascripts/projects/common/modules/crosswords/crossword.tsx(578,23): error TS2339: Property 'state' does not exist on type 'Crossword'.
static/src/javascripts/projects/common/modules/crosswords/crossword.tsx(583,27): error TS2339: Property 'state' does not exist on type 'Crossword'.
static/src/javascripts/projects/common/modules/crosswords/crossword.tsx(590,31): error TS2339: Property 'props' does not exist on type 'Crossword'.
static/src/javascripts/projects/common/modules/crosswords/crossword.tsx(595,30): error TS2339: Property 'group' does not exist on type 'Object'.
static/src/javascripts/projects/common/modules/crosswords/crossword.tsx(596,26): error TS2339: Property 'props' does not exist on type 'Crossword'.
static/src/javascripts/projects/common/modules/crosswords/crossword.tsx(601,13): error TS2304: Cannot find name 'React$Node'.
static/src/javascripts/projects/common/modules/crosswords/crossword.tsx(604,32): error TS2339: Property 'state' does not exist on type 'Crossword'.
static/src/javascripts/projects/common/modules/crosswords/crossword.tsx(604,59): error TS2607: JSX element class does not support attributes because it does not have a 'props' property.
static/src/javascripts/projects/common/modules/crosswords/crossword.tsx(604,60): error TS2786: 'AnagramHelper' cannot be used as a JSX component.
  Its instance type 'AnagramHelper' is not a valid JSX element.
    Type 'AnagramHelper' is missing the following properties from type 'ElementClass': context, setState, forceUpdate, props, and 2 more.
static/src/javascripts/projects/common/modules/crosswords/crossword.tsx(604,129): error TS2339: Property 'props' does not exist on type 'Crossword'.
static/src/javascripts/projects/common/modules/crosswords/crossword.tsx(604,160): error TS2339: Property 'state' does not exist on type 'Crossword'.
static/src/javascripts/projects/common/modules/crosswords/crossword.tsx(609,19): error TS2339: Property 'state' does not exist on type 'Crossword'.
static/src/javascripts/projects/common/modules/crosswords/crossword.tsx(610,42): error TS2339: Property 'props' does not exist on type 'Crossword'.
static/src/javascripts/projects/common/modules/crosswords/crossword.tsx(612,26): error TS2339: Property 'state' does not exist on type 'Crossword'.
static/src/javascripts/projects/common/modules/crosswords/crossword.tsx(613,7): error TS2322: Type '{ rows: any; columns: any; cells: any; separators: Record<string, SeparatorDescription>; crossword: this; focussedCell: any; ref: (grid: any) => void; }' is not assignable to type 'GridProps'.
  Object literal may only specify known properties, and 'ref' does not exist in type 'GridProps'.
static/src/javascripts/projects/common/modules/crosswords/crossword.tsx(614,14): error TS2339: Property 'grid' does not exist on type 'Crossword'.
static/src/javascripts/projects/common/modules/crosswords/crossword.tsx(618,79): error TS2339: Property 'props' does not exist on type 'Crossword'.
static/src/javascripts/projects/common/modules/crosswords/crossword.tsx(620,14): error TS2339: Property 'game' does not exist on type 'Crossword'.
static/src/javascripts/projects/common/modules/crosswords/crossword.tsx(623,16): error TS2339: Property 'stickyClueWrapper' does not exist on type 'Crossword'.
static/src/javascripts/projects/common/modules/crosswords/crossword.tsx(632,54): error TS2339: Property 'number' does not exist on type 'Object'.
static/src/javascripts/projects/common/modules/crosswords/crossword.tsx(634,58): error TS2339: Property 'direction' does not exist on type 'Object'.
static/src/javascripts/projects/common/modules/crosswords/crossword.tsx(637,50): error TS2339: Property 'clue' does not exist on type 'Object'.
static/src/javascripts/projects/common/modules/crosswords/crossword.tsx(643,16): error TS2551: Property 'gridWrapper' does not exist on type 'Crossword'. Did you mean '$gridWrapper'?
static/src/javascripts/projects/common/modules/crosswords/crossword.tsx(646,25): error TS2607: JSX element class does not support attributes because it does not have a 'props' property.
static/src/javascripts/projects/common/modules/crosswords/crossword.tsx(646,26): error TS2786: 'HiddenInput' cannot be used as a JSX component.
  Its instance type 'HiddenInput' is not a valid JSX element.
    Type 'HiddenInput' is missing the following properties from type 'ElementClass': context, setState, forceUpdate, props, and 2 more.
static/src/javascripts/projects/common/modules/crosswords/crossword.tsx(647,18): error TS2339: Property 'hiddenInputComponent' does not exist on type 'Crossword'.
static/src/javascripts/projects/common/modules/crosswords/crossword.tsx(652,17): error TS2607: JSX element class does not support attributes because it does not have a 'props' property.
static/src/javascripts/projects/common/modules/crosswords/crossword.tsx(652,18): error TS2786: 'Controls' cannot be used as a JSX component.
  Its instance type 'Controls' is not a valid JSX element.
    Type 'Controls' is missing the following properties from type 'ElementClass': context, setState, forceUpdate, props, and 2 more.
static/src/javascripts/projects/common/modules/crosswords/crossword.tsx(653,17): error TS2607: JSX element class does not support attributes because it does not have a 'props' property.
static/src/javascripts/projects/common/modules/crosswords/crossword.tsx(653,18): error TS2786: 'Clues' cannot be used as a JSX component.
  Its instance type 'Clues' is not a valid JSX element.
    Type 'Clues' is missing the following properties from type 'ElementClass': context, setState, forceUpdate, props, and 2 more.
static/src/javascripts/projects/common/modules/crosswords/grid.tsx(19,75): error TS2304: Cannot find name 'React$Node'.
static/src/javascripts/projects/common/modules/crosswords/grid.tsx(34,77): error TS2304: Cannot find name 'React$Node'.
static/src/javascripts/projects/common/modules/crosswords/grid.tsx(52,112): error TS2304: Cannot find name 'React$Node'.
static/src/javascripts/projects/common/modules/crosswords/grid.tsx(62,41): error TS2304: Cannot find name 'React$Node'.
static/src/javascripts/projects/common/modules/crosswords/grid.tsx(82,18): error TS2607: JSX element class does not support attributes because it does not have a 'props' property.
static/src/javascripts/projects/common/modules/crosswords/grid.tsx(82,19): error TS2786: 'GridCell' cannot be used as a JSX component.
  Its instance type 'Cell' is not a valid JSX element.
    Type 'Cell' is missing the following properties from type 'ElementClass': context, setState, forceUpdate, props, and 2 more.
static/src/javascripts/projects/common/modules/crosswords/helpers.spec.ts(37,5): error TS2739: Type '{}' is missing the following properties from type 'Record<Axis, number>': x, y
static/src/javascripts/projects/common/modules/crosswords/helpers.spec.ts(38,5): error TS2739: Type '{}' is missing the following properties from type 'Record<Separator, number[]>': ",", "-"
static/src/javascripts/projects/common/modules/crosswords/helpers.ts(15,11): error TS2739: Type '{ [x: string]: number; }' is missing the following properties from type 'Record<Axis, number>': x, y
static/src/javascripts/projects/common/modules/crosswords/helpers.ts(87,5): error TS2739: Type '{}' is missing the following properties from type 'Record<Separator, number[]>': ",", "-"
static/src/javascripts/projects/common/modules/crosswords/helpers.ts(223,20): error TS2339: Property 'number' does not exist on type '{ isHighlighted: boolean; isEditable: boolean; isError: boolean; isAnimating: boolean; value: string; }'.
static/src/javascripts/projects/common/modules/crosswords/helpers.ts(230,5): error TS2322: Type '{ isHighlighted: boolean; isEditable: boolean; isError: boolean; isAnimating: boolean; value: string; }[][]' is not assignable to type 'Grid'.
  Type '{ isHighlighted: boolean; isEditable: boolean; isError: boolean; isAnimating: boolean; value: string; }[]' is not assignable to type 'Cell[]'.
    Property 'number' is missing in type '{ isHighlighted: boolean; isEditable: boolean; isError: boolean; isAnimating: boolean; value: string; }' but required in type 'Cell'.
static/src/javascripts/projects/common/modules/crosswords/hidden-input.tsx(12,10): error TS2339: Property 'state' does not exist on type 'HiddenInput'.
static/src/javascripts/projects/common/modules/crosswords/hidden-input.tsx(13,19): error TS2339: Property 'props' does not exist on type 'HiddenInput'.
static/src/javascripts/projects/common/modules/crosswords/hidden-input.tsx(22,48): error TS2339: Property 'input' does not exist on type 'HiddenInput'.
static/src/javascripts/projects/common/modules/crosswords/hidden-input.tsx(23,89): error TS2339: Property 'offsetHeight' does not exist on type 'Element'.
static/src/javascripts/projects/common/modules/crosswords/hidden-input.tsx(31,10): error TS2339: Property 'props' does not exist on type 'HiddenInput'.
static/src/javascripts/projects/common/modules/crosswords/hidden-input.tsx(35,10): error TS2339: Property 'props' does not exist on type 'HiddenInput'.
static/src/javascripts/projects/common/modules/crosswords/hidden-input.tsx(39,10): error TS2339: Property 'props' does not exist on type 'HiddenInput'.
static/src/javascripts/projects/common/modules/crosswords/hidden-input.tsx(43,10): error TS2339: Property 'props' does not exist on type 'HiddenInput'.
static/src/javascripts/projects/common/modules/crosswords/hidden-input.tsx(47,10): error TS2339: Property 'props' does not exist on type 'HiddenInput'.
static/src/javascripts/projects/common/modules/crosswords/hidden-input.tsx(48,10): error TS2339: Property 'setState' does not exist on type 'HiddenInput'.
static/src/javascripts/projects/common/modules/crosswords/hidden-input.tsx(55,12): error TS2339: Property 'wrapper' does not exist on type 'HiddenInput'.
static/src/javascripts/projects/common/modules/crosswords/hidden-input.tsx(57,72): error TS2322: Type 'string' is not assignable to type 'number'.
static/src/javascripts/projects/common/modules/crosswords/hidden-input.tsx(57,284): error TS2339: Property 'state' does not exist on type 'HiddenInput'.
static/src/javascripts/projects/common/modules/crosswords/hidden-input.tsx(58,14): error TS2339: Property 'input' does not exist on type 'HiddenInput'.
static/src/javascripts/projects/common/modules/crosswords/main.tsx(18,41): error TS2607: JSX element class does not support attributes because it does not have a 'props' property.
static/src/javascripts/projects/common/modules/crosswords/main.tsx(18,42): error TS2786: 'Crossword' cannot be used as a JSX component.
  Its instance type 'Crossword' is not a valid JSX element.
    Type 'Crossword' is missing the following properties from type 'ElementClass': context, setState, forceUpdate, props, and 2 more.
static/src/javascripts/projects/common/modules/crosswords/persistence.ts(11,9): error TS2322: Type 'void' is not assignable to type 'boolean'.
static/src/javascripts/projects/common/modules/crosswords/series.ts(11,28): error TS2345: Argument of type 'Element' is not assignable to parameter of type 'HTMLElement'.
static/src/javascripts/projects/common/modules/crosswords/series.ts(17,35): error TS2345: Argument of type 'Element' is not assignable to parameter of type 'HTMLElement'.
static/src/javascripts/projects/common/modules/discussion/activity-stream.ts(18,32): error TS1093: Type annotation cannot appear on a constructor declaration.
static/src/javascripts/projects/common/modules/discussion/activity-stream.ts(50,14): error TS2554: Expected 2 arguments, but got 1.
static/src/javascripts/projects/common/modules/discussion/activity-stream.ts(56,14): error TS2554: Expected 2 arguments, but got 1.
static/src/javascripts/projects/common/modules/discussion/activity-stream.ts(65,22): error TS2339: Property 'streamType' does not exist on type 'Object'.
static/src/javascripts/projects/common/modules/discussion/activity-stream.ts(75,26): error TS2339: Property 'streamType' does not exist on type 'Object'.
static/src/javascripts/projects/common/modules/discussion/activity-stream.ts(76,34): error TS2339: Property 'html' does not exist on type 'Object'.
static/src/javascripts/projects/common/modules/discussion/activity-stream.ts(76,53): error TS2339: Property 'streamType' does not exist on type 'Object'.
static/src/javascripts/projects/common/modules/discussion/activity-stream.ts(102,14): error TS2554: Expected 2 arguments, but got 1.
static/src/javascripts/projects/common/modules/discussion/activity-stream.ts(110,41): error TS2339: Property 'resp' does not exist on type 'Object'.
static/src/javascripts/projects/common/modules/discussion/activity-stream.ts(110,64): error TS2339: Property 'streamType' does not exist on type 'Object'.
static/src/javascripts/projects/common/modules/discussion/activity-stream.ts(133,35): error TS2339: Property 'page' does not exist on type 'Object'.
static/src/javascripts/projects/common/modules/discussion/activity-stream.ts(134,37): error TS2339: Property 'userId' does not exist on type 'Object'.
static/src/javascripts/projects/common/modules/discussion/activity-stream.ts(135,40): error TS2339: Property 'page' does not exist on type 'Object'.
static/src/javascripts/projects/common/modules/discussion/activity-stream.ts(137,26): error TS2339: Property 'streamType' does not exist on type 'Object'.
static/src/javascripts/projects/common/modules/discussion/activity-stream.ts(138,36): error TS2339: Property 'streamType' does not exist on type 'Object'.
static/src/javascripts/projects/common/modules/discussion/activity-stream.ts(145,38): error TS2339: Property 'streamType' does not exist on type 'Object'.
static/src/javascripts/projects/common/modules/discussion/api.ts(29,17): error TS2339: Property 'replyTo' does not exist on type 'Object'.
static/src/javascripts/projects/common/modules/discussion/api.ts(29,39): error TS2339: Property 'replyTo' does not exist on type 'Object'.
static/src/javascripts/projects/common/modules/discussion/comment-box.spec.ts(33,42): error TS2304: Cannot find name 'JestMockFn'.
static/src/javascripts/projects/common/modules/discussion/comment-box.spec.ts(37,20): error TS2304: Cannot find name 'JestMockFn'.
static/src/javascripts/projects/common/modules/discussion/comment-box.ts(55,35): error TS1093: Type annotation cannot appear on a constructor declaration.
static/src/javascripts/projects/common/modules/discussion/comment-box.ts(136,52): error TS2339: Property 'commentBody' does not exist on type 'Object'.
static/src/javascripts/projects/common/modules/discussion/comment-box.ts(141,17): error TS2339: Property 'discussionId' does not exist on type 'Object'.
static/src/javascripts/projects/common/modules/discussion/comment-box.ts(154,18): error TS1015: Parameter cannot have question mark and initializer.
static/src/javascripts/projects/common/modules/discussion/comment-box.ts(166,14): error TS2554: Expected 2 arguments, but got 1.
static/src/javascripts/projects/common/modules/discussion/comment-box.ts(188,14): error TS2554: Expected 2 arguments, but got 1.
static/src/javascripts/projects/common/modules/discussion/comment-box.ts(195,42): error TS2339: Property 'commentBody' does not exist on type 'Object'.
static/src/javascripts/projects/common/modules/discussion/comment-box.ts(198,14): error TS2554: Expected 2 arguments, but got 1.
static/src/javascripts/projects/common/modules/discussion/comment-box.ts(207,39): error TS2339: Property 'responseText' does not exist on type 'Object'.
static/src/javascripts/projects/common/modules/discussion/comment-box.ts(214,17): error TS2339: Property 'status' does not exist on type 'Object'.
static/src/javascripts/projects/common/modules/discussion/comment-box.ts(223,56): error TS2339: Property 'API_ERROR' does not exist on type 'Object'.
static/src/javascripts/projects/common/modules/discussion/comment-box.ts(223,72): error TS2339: Property 'status' does not exist on type 'Object'.
static/src/javascripts/projects/common/modules/discussion/comment-box.ts(230,26): error TS2339: Property 'newCommenter' does not exist on type 'Object'.
static/src/javascripts/projects/common/modules/discussion/comment-box.ts(231,26): error TS2339: Property 'newCommenter' does not exist on type 'Object'.
static/src/javascripts/projects/common/modules/discussion/comment-box.ts(236,36): error TS2339: Property 'message' does not exist on type 'Object'.
static/src/javascripts/projects/common/modules/discussion/comment-box.ts(250,14): error TS2554: Expected 2 arguments, but got 1.
static/src/javascripts/projects/common/modules/discussion/comment-box.ts(282,18): error TS2554: Expected 2 arguments, but got 1.
static/src/javascripts/projects/common/modules/discussion/comment-box.ts(296,22): error TS2339: Property 'user' does not exist on type 'Object'.
static/src/javascripts/projects/common/modules/discussion/comment-box.ts(299,26): error TS2339: Property 'hasUsername' does not exist on type 'Object'.
static/src/javascripts/projects/common/modules/discussion/comment-box.ts(314,18): error TS2554: Expected 2 arguments, but got 1.
static/src/javascripts/projects/common/modules/discussion/comment-box.ts(325,35): error TS2339: Property 'responseText' does not exist on type 'Object'.
static/src/javascripts/projects/common/modules/discussion/comment-box.ts(337,52): error TS2339: Property 'maxLength' does not exist on type 'Object'.
static/src/javascripts/projects/common/modules/discussion/comment-box.ts(340,70): error TS2339: Property 'maxLength' does not exist on type 'Object'.
static/src/javascripts/projects/common/modules/discussion/comment-box.ts(342,64): error TS2339: Property 'maxLength' does not exist on type 'Object'.
static/src/javascripts/projects/common/modules/discussion/comment-box.ts(347,30): error TS2339: Property 'replyTo' does not exist on type 'Object'.
static/src/javascripts/projects/common/modules/discussion/comment-box.ts(348,48): error TS2339: Property 'replyTo' does not exist on type 'Object'.
static/src/javascripts/projects/common/modules/discussion/comment-box.ts(352,34): error TS2339: Property 'newCommenter' does not exist on type 'Object'.
static/src/javascripts/projects/common/modules/discussion/comment-box.ts(352,64): error TS2339: Property 'hasUsername' does not exist on type 'Object'.
static/src/javascripts/projects/common/modules/discussion/comment-box.ts(367,33): error TS2339: Property 'emailVerified' does not exist on type 'Object'.
static/src/javascripts/projects/common/modules/discussion/comment-box.ts(369,61): error TS2339: Property 'accountCreatedDate' does not exist on type 'Object'.
static/src/javascripts/projects/common/modules/discussion/comment-box.ts(371,44): error TS2339: Property 'priorToVerificationDate' does not exist on type 'Object'.
static/src/javascripts/projects/common/modules/discussion/comment-box.ts(387,14): error TS2554: Expected 2 arguments, but got 1.
static/src/javascripts/projects/common/modules/discussion/comment-box.ts(408,26): error TS2339: Property 'newCommenter' does not exist on type 'Object'.
static/src/javascripts/projects/common/modules/discussion/comment-box.ts(442,18): error TS2554: Expected 2 arguments, but got 1.
static/src/javascripts/projects/common/modules/discussion/comment-box.ts(445,18): error TS2554: Expected 2 arguments, but got 1.
static/src/javascripts/projects/common/modules/discussion/comment-box.ts(454,26): error TS2339: Property 'state' does not exist on type 'Object'.
static/src/javascripts/projects/common/modules/discussion/comment-box.ts(455,18): error TS2554: Expected 2 arguments, but got 1.
static/src/javascripts/projects/common/modules/discussion/comment-box.ts(455,40): error TS2339: Property 'state' does not exist on type 'Object'.
static/src/javascripts/projects/common/modules/discussion/comment-box.ts(458,26): error TS2339: Property 'focus' does not exist on type 'Object'.
static/src/javascripts/projects/common/modules/discussion/comment-box.ts(471,14): error TS2554: Expected 2 arguments, but got 1.
static/src/javascripts/projects/common/modules/discussion/comment-box.ts(478,18): error TS2554: Expected 2 arguments, but got 1.
static/src/javascripts/projects/common/modules/discussion/comment-box.ts(478,66): error TS2339: Property 'newCommenter' does not exist on type 'Object'.
static/src/javascripts/projects/common/modules/discussion/comment-box.ts(479,30): error TS2339: Property 'hasUsername' does not exist on type 'Object'.
static/src/javascripts/projects/common/modules/discussion/comment-box.ts(480,22): error TS2554: Expected 2 arguments, but got 1.
static/src/javascripts/projects/common/modules/discussion/comment-box.ts(489,65): error TS2339: Property 'displayName' does not exist on type 'Object'.
static/src/javascripts/projects/common/modules/discussion/comment-box.ts(492,18): error TS2554: Expected 2 arguments, but got 1.
static/src/javascripts/projects/common/modules/discussion/comment-box.ts(495,52): error TS2339: Property 'hasUsername' does not exist on type 'Object'.
static/src/javascripts/projects/common/modules/discussion/comment-box.ts(502,27): error TS2339: Property 'premod' does not exist on type 'Object'.
static/src/javascripts/projects/common/modules/discussion/comment-box.ts(512,26): error TS2339: Property 'state' does not exist on type 'Object'.
static/src/javascripts/projects/common/modules/discussion/comment-box.ts(518,33): error TS2339: Property 'shouldRenderMainAvatar' does not exist on type 'Object'.
static/src/javascripts/projects/common/modules/discussion/comment-box.ts(522,63): error TS2339: Property 'id' does not exist on type 'Object'.
static/src/javascripts/projects/common/modules/discussion/comment-box.ts(523,68): error TS2339: Property 'id' does not exist on type 'Object'.
static/src/javascripts/projects/common/modules/discussion/comment-box.ts(536,26): error TS2339: Property 'replyTo' does not exist on type 'Object'.
static/src/javascripts/projects/common/modules/discussion/comment-box.ts(540,62): error TS2339: Property 'replyTo' does not exist on type 'Object'.
static/src/javascripts/projects/common/modules/discussion/comment-box.ts(598,48): error TS2339: Property 'maxLength' does not exist on type 'Object'.
static/src/javascripts/projects/common/modules/discussion/comment-box.ts(600,65): error TS2339: Property 'maxLength' does not exist on type 'Object'.
static/src/javascripts/projects/common/modules/discussion/comment-box.ts(603,32): error TS2339: Property 'maxLength' does not exist on type 'Object'.
static/src/javascripts/projects/common/modules/discussion/comment-box.ts(617,26): error TS2339: Property 'state' does not exist on type 'Object'.
static/src/javascripts/projects/common/modules/discussion/comment-box.ts(625,18): error TS2554: Expected 2 arguments, but got 1.
static/src/javascripts/projects/common/modules/discussion/comment-box.ts(632,14): error TS2554: Expected 2 arguments, but got 1.
static/src/javascripts/projects/common/modules/discussion/comments.ts(35,35): error TS1093: Type annotation cannot appear on a constructor declaration.
static/src/javascripts/projects/common/modules/discussion/comments.ts(93,58): error TS2339: Property 'showRepliesCount' does not exist on type 'Object'.
static/src/javascripts/projects/common/modules/discussion/comments.ts(160,17): error TS2339: Property 'discussionId' does not exist on type 'Object'.
static/src/javascripts/projects/common/modules/discussion/comments.ts(162,21): error TS2339: Property 'comment' does not exist on type 'Object'.
static/src/javascripts/projects/common/modules/discussion/comments.ts(163,46): error TS2339: Property 'comment' does not exist on type 'Object'.
static/src/javascripts/projects/common/modules/discussion/comments.ts(166,31): error TS2339: Property 'order' does not exist on type 'Object'.
static/src/javascripts/projects/common/modules/discussion/comments.ts(166,70): error TS2339: Property 'order' does not exist on type 'Object'.
static/src/javascripts/projects/common/modules/discussion/comments.ts(177,25): error TS2339: Property 'pagesize' does not exist on type 'Object'.
static/src/javascripts/projects/common/modules/discussion/comments.ts(177,67): error TS2339: Property 'pagesize' does not exist on type 'Object'.
static/src/javascripts/projects/common/modules/discussion/comments.ts(179,46): error TS2339: Property 'threading' does not exist on type 'Object'.
static/src/javascripts/projects/common/modules/discussion/comments.ts(181,37): error TS2339: Property 'commentsClosed' does not exist on type 'Object'.
static/src/javascripts/projects/common/modules/discussion/comments.ts(184,21): error TS2339: Property 'page' does not exist on type 'Object'.
static/src/javascripts/projects/common/modules/discussion/comments.ts(185,25): error TS2339: Property 'page' does not exist on type 'Object'.
static/src/javascripts/projects/common/modules/discussion/comments.ts(185,40): error TS2339: Property 'page' does not exist on type 'Object'.
static/src/javascripts/projects/common/modules/discussion/comments.ts(189,22): error TS2339: Property 'comment' does not exist on type 'Object'.
static/src/javascripts/projects/common/modules/discussion/comments.ts(191,26): error TS2339: Property 'threading' does not exist on type 'Object'.
static/src/javascripts/projects/common/modules/discussion/comments.ts(193,25): error TS2339: Property 'maxResponses' does not exist on type 'Object'.
static/src/javascripts/projects/common/modules/discussion/comments.ts(198,60): error TS2339: Property 'discussionId' does not exist on type 'Object'.
static/src/javascripts/projects/common/modules/discussion/comments.ts(199,38): error TS2339: Property 'orderBy' does not exist on type 'Object'.
static/src/javascripts/projects/common/modules/discussion/comments.ts(200,46): error TS2339: Property 'displayThreaded' does not exist on type 'Object'.
static/src/javascripts/projects/common/modules/discussion/comments.ts(201,43): error TS2339: Property 'maxResponses' does not exist on type 'Object'.
static/src/javascripts/projects/common/modules/discussion/comments.ts(202,45): error TS2339: Property 'commentsClosed' does not exist on type 'Object'.
static/src/javascripts/projects/common/modules/discussion/comments.ts(207,33): error TS2339: Property 'pageSize' does not exist on type 'Object'.
static/src/javascripts/projects/common/modules/discussion/comments.ts(217,29): error TS2339: Property 'pageSize' does not exist on type 'Object'.
static/src/javascripts/projects/common/modules/discussion/comments.ts(218,29): error TS2339: Property 'pageSize' does not exist on type 'Object'.
static/src/javascripts/projects/common/modules/discussion/comments.ts(430,56): error TS2339: Property 'discussionId' does not exist on type 'Object'.
static/src/javascripts/projects/common/modules/discussion/comments.ts(590,26): error TS2339: Property 'pagesize' does not exist on type 'Object'.
static/src/javascripts/projects/common/modules/discussion/comments.ts(600,26): error TS2339: Property 'pagesize' does not exist on type 'Object'.
static/src/javascripts/projects/common/modules/discussion/discussion-frontend.ts(24,48): error TS2749: 'mediator' refers to a value, but is being used as a type here. Did you mean 'typeof mediator'?
static/src/javascripts/projects/common/modules/discussion/discussion-frontend.ts(33,24): error TS2554: Expected 2 arguments, but got 1.
static/src/javascripts/projects/common/modules/discussion/discussion-frontend.ts(45,40): error TS2345: Argument of type 'Element' is not assignable to parameter of type 'HTMLElement'.
static/src/javascripts/projects/common/modules/discussion/discussion-frontend.ts(69,23): error TS2345: Argument of type 'unknown' is not assignable to parameter of type 'string'.
static/src/javascripts/projects/common/modules/discussion/discussion-frontend.ts(71,34): error TS2339: Property 'app' does not exist on type '{ automat?: Automat; }'.
static/src/javascripts/projects/common/modules/discussion/loader.ts(27,20): error TS1093: Type annotation cannot appear on a constructor declaration.
static/src/javascripts/projects/common/modules/discussion/loader.ts(97,14): error TS2554: Expected 2 arguments, but got 1.
static/src/javascripts/projects/common/modules/discussion/loader.ts(100,38): error TS2345: Argument of type 'Object' is not assignable to parameter of type 'CommentType'.
  The 'Object' type is assignable to very few other types. Did you mean to use the 'any' type instead?
    Type 'Object' is missing the following properties from type 'CommentType': id, body
static/src/javascripts/projects/common/modules/discussion/loader.ts(106,18): error TS2554: Expected 2 arguments, but got 1.
static/src/javascripts/projects/common/modules/discussion/loader.ts(108,18): error TS2554: Expected 2 arguments, but got 1.
static/src/javascripts/projects/common/modules/discussion/loader.ts(115,22): error TS2554: Expected 2 arguments, but got 1.
static/src/javascripts/projects/common/modules/discussion/loader.ts(117,22): error TS2554: Expected 2 arguments, but got 1.
static/src/javascripts/projects/common/modules/discussion/loader.ts(120,18): error TS2554: Expected 2 arguments, but got 1.
static/src/javascripts/projects/common/modules/discussion/loader.ts(160,18): error TS2554: Expected 2 arguments, but got 1.
static/src/javascripts/projects/common/modules/discussion/loader.ts(195,69): error TS2339: Property 'threading' does not exist on type 'Object'.
static/src/javascripts/projects/common/modules/discussion/loader.ts(196,65): error TS2339: Property 'order' does not exist on type 'Object'.
static/src/javascripts/projects/common/modules/discussion/loader.ts(208,43): error TS2339: Property 'order' does not exist on type 'Object'.
static/src/javascripts/projects/common/modules/discussion/loader.ts(213,73): error TS2339: Property 'order' does not exist on type 'Object'.
static/src/javascripts/projects/common/modules/discussion/loader.ts(217,60): error TS2339: Property 'order' does not exist on type 'Object'.
static/src/javascripts/projects/common/modules/discussion/loader.ts(234,43): error TS2339: Property 'threading' does not exist on type 'Object'.
static/src/javascripts/projects/common/modules/discussion/loader.ts(240,60): error TS2339: Property 'threading' does not exist on type 'Object'.
static/src/javascripts/projects/common/modules/discussion/loader.ts(245,60): error TS2339: Property 'threading' does not exist on type 'Object'.
static/src/javascripts/projects/common/modules/discussion/loader.ts(313,43): error TS2339: Property 'pagesize' does not exist on type 'Object'.
static/src/javascripts/projects/common/modules/discussion/loader.ts(378,14): error TS2554: Expected 2 arguments, but got 1.
static/src/javascripts/projects/common/modules/discussion/loader.ts(395,21): error TS2322: Type 'string | number' is not assignable to type 'number'.
  Type 'string' is not assignable to type 'number'.
static/src/javascripts/projects/common/modules/discussion/loader.ts(407,43): error TS2339: Property 'pagesize' does not exist on type 'Object'.
static/src/javascripts/projects/common/modules/discussion/loader.ts(411,26): error TS2554: Expected 2 arguments, but got 1.
static/src/javascripts/projects/common/modules/discussion/loader.ts(412,26): error TS2554: Expected 2 arguments, but got 1.
static/src/javascripts/projects/common/modules/discussion/loader.ts(459,26): error TS2554: Expected 2 arguments, but got 1.
static/src/javascripts/projects/common/modules/discussion/loader.ts(487,18): error TS2554: Expected 2 arguments, but got 1.
static/src/javascripts/projects/common/modules/discussion/loader.ts(506,30): error TS2554: Expected 2 arguments, but got 1.
static/src/javascripts/projects/common/modules/discussion/loader.ts(524,13): error TS2554: Expected 4 arguments, but got 2.
static/src/javascripts/projects/common/modules/discussion/loader.ts(543,9): error TS2554: Expected 4 arguments, but got 2.
static/src/javascripts/projects/common/modules/discussion/loader.ts(553,9): error TS1015: Parameter cannot have question mark and initializer.
static/src/javascripts/projects/common/modules/discussion/loader.ts(561,14): error TS2554: Expected 2 arguments, but got 1.
static/src/javascripts/projects/common/modules/discussion/loader.ts(569,18): error TS2339: Property 'pageSize' does not exist on type '{ comment?: string | number; shouldTruncate?: boolean; page?: number; }'.
static/src/javascripts/projects/common/modules/discussion/loader.ts(573,14): error TS2339: Property 'commentsClosed' does not exist on type '{ comment?: string | number; shouldTruncate?: boolean; page?: number; }'.
static/src/javascripts/projects/common/modules/discussion/loader.ts(580,18): error TS2554: Expected 2 arguments, but got 1.
static/src/javascripts/projects/common/modules/discussion/loader.ts(583,22): error TS2554: Expected 2 arguments, but got 1.
static/src/javascripts/projects/common/modules/discussion/loader.ts(586,22): error TS2554: Expected 2 arguments, but got 1.
static/src/javascripts/projects/common/modules/discussion/loader.ts(590,22): error TS2554: Expected 2 arguments, but got 1.
static/src/javascripts/projects/common/modules/discussion/loader.ts(592,22): error TS2554: Expected 2 arguments, but got 1.
static/src/javascripts/projects/common/modules/discussion/loader.ts(606,18): error TS2554: Expected 2 arguments, but got 1.
static/src/javascripts/projects/common/modules/discussion/upvote.ts(11,12): error TS2315: Type 'NodeList' is not generic.
static/src/javascripts/projects/common/modules/discussion/user-avatars.ts(25,14): error TS2339: Property 'then' does not exist on type 'Object'.
static/src/javascripts/projects/common/modules/discussion/user-edit-link.ts(5,11): error TS2322: Type 'unknown' is not assignable to type 'string'.
static/src/javascripts/projects/common/modules/discussion/whole-discussion.ts(74,35): error TS1093: Type annotation cannot appear on a constructor declaration.
static/src/javascripts/projects/common/modules/discussion/whole-discussion.ts(75,37): error TS2339: Property 'discussionId' does not exist on type 'Object'.
static/src/javascripts/projects/common/modules/discussion/whole-discussion.ts(78,30): error TS2339: Property 'orderBy' does not exist on type 'Object'.
static/src/javascripts/projects/common/modules/discussion/whole-discussion.ts(79,38): error TS2339: Property 'displayThreaded' does not exist on type 'Object'.
static/src/javascripts/projects/common/modules/discussion/whole-discussion.ts(80,35): error TS2339: Property 'maxResponses' does not exist on type 'Object'.
static/src/javascripts/projects/common/modules/discussion/whole-discussion.ts(81,37): error TS2339: Property 'commentsClosed' does not exist on type 'Object'.
static/src/javascripts/projects/common/modules/discussion/whole-discussion.ts(91,54): error TS2339: Property 'commentsHtml' does not exist on type 'Object'.
static/src/javascripts/projects/common/modules/discussion/whole-discussion.ts(92,39): error TS2339: Property 'postedCommentHtml' does not exist on type 'Object'.
static/src/javascripts/projects/common/modules/discussion/whole-discussion.ts(93,30): error TS2339: Property 'lastPage' does not exist on type 'Object'.
static/src/javascripts/projects/common/modules/discussion/whole-discussion.ts(100,18): error TS2339: Property 'commentCount' does not exist on type 'Object'.
static/src/javascripts/projects/common/modules/discussion/whole-discussion.ts(113,35): error TS2339: Property 'commentsHtml' does not exist on type 'Object'.
static/src/javascripts/projects/common/modules/discussion/whole-discussion.ts(135,25): error TS2339: Property 'maxResponses' does not exist on type 'Object'.
static/src/javascripts/projects/common/modules/experiments/__fixtures__/ab-test.ts(4,4): error TS2304: Cannot find name 'Variant'.
static/src/javascripts/projects/common/modules/experiments/__fixtures__/ab-test.ts(14,15): error TS2304: Cannot find name 'Variant'.
static/src/javascripts/projects/common/modules/experiments/__fixtures__/ab-test.ts(15,4): error TS2304: Cannot find name 'ABTest'.
static/src/javascripts/projects/common/modules/experiments/__fixtures__/ab-test.ts(30,28): error TS2554: Expected 2 arguments, but got 1.
static/src/javascripts/projects/common/modules/experiments/__fixtures__/ab-test.ts(30,51): error TS2554: Expected 2 arguments, but got 1.
static/src/javascripts/projects/common/modules/experiments/__fixtures__/ab-test.ts(36,4): error TS2304: Cannot find name 'Runnable'.
static/src/javascripts/projects/common/modules/experiments/__fixtures__/ab-test.ts(36,13): error TS2304: Cannot find name 'ABTest'.
static/src/javascripts/projects/common/modules/experiments/__fixtures__/ab-test.ts(37,20): error TS2554: Expected 4 arguments, but got 2.
static/src/javascripts/projects/common/modules/experiments/__fixtures__/ab-test.ts(47,4): error TS2304: Cannot find name 'Runnable'.
static/src/javascripts/projects/common/modules/experiments/__fixtures__/ab-test.ts(47,13): error TS2304: Cannot find name 'ABTest'.
static/src/javascripts/projects/common/modules/experiments/__fixtures__/ab-test.ts(48,20): error TS2554: Expected 4 arguments, but got 2.
static/src/javascripts/projects/common/modules/experiments/__mocks__/ab-tests.ts(4,5): error TS2554: Expected 4 arguments, but got 1.
static/src/javascripts/projects/common/modules/experiments/__mocks__/ab-tests.ts(5,5): error TS2554: Expected 4 arguments, but got 1.
static/src/javascripts/projects/common/modules/experiments/__mocks__/ab-tests.ts(6,5): error TS2554: Expected 4 arguments, but got 2.
static/src/javascripts/projects/common/modules/experiments/__mocks__/ab-tests.ts(12,27): error TS2554: Expected 4 arguments, but got 1.
static/src/javascripts/projects/common/modules/experiments/__mocks__/ab-tests.ts(12,50): error TS2554: Expected 4 arguments, but got 1.
static/src/javascripts/projects/common/modules/experiments/__mocks__/ab-tests.ts(14,5): error TS2554: Expected 4 arguments, but got 1.
static/src/javascripts/projects/common/modules/experiments/__mocks__/ab-tests.ts(15,5): error TS2554: Expected 4 arguments, but got 1.
static/src/javascripts/projects/common/modules/experiments/__mocks__/ab-tests.ts(18,33): error TS2554: Expected 4 arguments, but got 1.
static/src/javascripts/projects/common/modules/experiments/ab-core.spec.ts(23,29): error TS2339: Property 'config' does not exist on type '{ automat?: Automat; }'.
static/src/javascripts/projects/common/modules/experiments/ab-core.spec.ts(39,33): error TS2554: Expected 4 arguments, but got 3.
static/src/javascripts/projects/common/modules/experiments/ab-core.spec.ts(45,26): error TS2554: Expected 4 arguments, but got 1.
static/src/javascripts/projects/common/modules/experiments/ab-core.spec.ts(51,26): error TS2554: Expected 4 arguments, but got 2.
static/src/javascripts/projects/common/modules/experiments/ab-core.spec.ts(63,26): error TS2554: Expected 4 arguments, but got 1.
static/src/javascripts/projects/common/modules/experiments/ab-core.spec.ts(84,26): error TS2554: Expected 4 arguments, but got 1.
static/src/javascripts/projects/common/modules/experiments/ab-core.spec.ts(109,26): error TS2554: Expected 4 arguments, but got 1.
static/src/javascripts/projects/common/modules/experiments/ab-core.spec.ts(122,26): error TS2554: Expected 4 arguments, but got 1.
static/src/javascripts/projects/common/modules/experiments/ab-core.spec.ts(131,26): error TS2554: Expected 4 arguments, but got 1.
static/src/javascripts/projects/common/modules/experiments/ab-core.spec.ts(142,26): error TS2554: Expected 4 arguments, but got 1.
static/src/javascripts/projects/common/modules/experiments/ab-core.spec.ts(152,26): error TS2554: Expected 4 arguments, but got 1.
static/src/javascripts/projects/common/modules/experiments/ab-core.ts(15,35): error TS2304: Cannot find name 'Variant'.
static/src/javascripts/projects/common/modules/experiments/ab-core.ts(18,29): error TS2304: Cannot find name 'ABTest'.
static/src/javascripts/projects/common/modules/experiments/ab-core.ts(51,11): error TS2304: Cannot find name 'ABTest'.
static/src/javascripts/projects/common/modules/experiments/ab-core.ts(52,4): error TS2304: Cannot find name 'Variant'.
static/src/javascripts/projects/common/modules/experiments/ab-core.ts(75,40): error TS2304: Cannot find name 'ABTest'.
static/src/javascripts/projects/common/modules/experiments/ab-core.ts(77,4): error TS2304: Cannot find name 'Runnable'.
static/src/javascripts/projects/common/modules/experiments/ab-core.ts(101,44): error TS2304: Cannot find name 'ABTest'.
static/src/javascripts/projects/common/modules/experiments/ab-core.ts(103,18): error TS2304: Cannot find name 'Runnable'.
static/src/javascripts/projects/common/modules/experiments/ab-core.ts(109,45): error TS2304: Cannot find name 'ABTest'.
static/src/javascripts/projects/common/modules/experiments/ab-core.ts(111,4): error TS2304: Cannot find name 'Runnable'.
static/src/javascripts/projects/common/modules/experiments/ab-core.ts(114,20): error TS2304: Cannot find name 'Runnable'.
static/src/javascripts/projects/common/modules/experiments/ab-local-storage.ts(8,54): error TS2304: Cannot find name 'Participations'.
static/src/javascripts/projects/common/modules/experiments/ab-local-storage.ts(13,11): error TS2304: Cannot find name 'ABTest'.
static/src/javascripts/projects/common/modules/experiments/ab-local-storage.ts(14,4): error TS2304: Cannot find name 'Variant'.
static/src/javascripts/projects/common/modules/experiments/ab-local-storage.ts(27,21): error TS2304: Cannot find name 'Participations'.
static/src/javascripts/projects/common/modules/experiments/ab-ophan.spec.ts(29,23): error TS2339: Property 'storage' does not exist on type 'StorageFactory'.
static/src/javascripts/projects/common/modules/experiments/ab-ophan.spec.ts(35,17): error TS2554: Expected 2 arguments, but got 1.
static/src/javascripts/projects/common/modules/experiments/ab-ophan.spec.ts(36,17): error TS2554: Expected 2 arguments, but got 1.
static/src/javascripts/projects/common/modules/experiments/ab-ophan.spec.ts(52,23): error TS2554: Expected 2 arguments, but got 1.
static/src/javascripts/projects/common/modules/experiments/ab-ophan.spec.ts(62,23): error TS2554: Expected 2 arguments, but got 1.
static/src/javascripts/projects/common/modules/experiments/ab-ophan.spec.ts(73,23): error TS2554: Expected 2 arguments, but got 1.
static/src/javascripts/projects/common/modules/experiments/ab-ophan.ts(17,14): error TS2304: Cannot find name 'Variant'.
static/src/javascripts/projects/common/modules/experiments/ab-ophan.ts(38,33): error TS2304: Cannot find name 'ABTest'.
static/src/javascripts/projects/common/modules/experiments/ab-ophan.ts(45,11): error TS2304: Cannot find name 'ABTest'.
static/src/javascripts/projects/common/modules/experiments/ab-ophan.ts(46,14): error TS2304: Cannot find name 'Variant'.
static/src/javascripts/projects/common/modules/experiments/ab-ophan.ts(62,11): error TS2304: Cannot find name 'Runnable'.
static/src/javascripts/projects/common/modules/experiments/ab-ophan.ts(62,20): error TS2304: Cannot find name 'ABTest'.
static/src/javascripts/projects/common/modules/experiments/ab-ophan.ts(75,26): error TS2304: Cannot find name 'Runnable'.
static/src/javascripts/projects/common/modules/experiments/ab-ophan.ts(75,35): error TS2304: Cannot find name 'ABTest'.
static/src/javascripts/projects/common/modules/experiments/ab-ophan.ts(79,26): error TS2304: Cannot find name 'Runnable'.
static/src/javascripts/projects/common/modules/experiments/ab-ophan.ts(79,35): error TS2304: Cannot find name 'ABTest'.
static/src/javascripts/projects/common/modules/experiments/ab-ophan.ts(83,26): error TS2304: Cannot find name 'Runnable'.
static/src/javascripts/projects/common/modules/experiments/ab-ophan.ts(83,35): error TS2304: Cannot find name 'ABTest'.
static/src/javascripts/projects/common/modules/experiments/ab-ophan.ts(96,38): error TS2304: Cannot find name 'Variant'.
static/src/javascripts/projects/common/modules/experiments/ab-ophan.ts(112,51): error TS2304: Cannot find name 'Runnable'.
static/src/javascripts/projects/common/modules/experiments/ab-ophan.ts(112,60): error TS2304: Cannot find name 'ABTest'.
static/src/javascripts/projects/common/modules/experiments/ab-tests.ts(10,40): error TS2304: Cannot find name 'ABTest'.
static/src/javascripts/projects/common/modules/experiments/ab-tests.ts(18,34): error TS2304: Cannot find name 'EpicABTest'.
static/src/javascripts/projects/common/modules/experiments/ab-tests.ts(20,46): error TS2304: Cannot find name 'AcquisitionsABTest'.
static/src/javascripts/projects/common/modules/experiments/ab-url.ts(3,51): error TS2304: Cannot find name 'Participations'.
static/src/javascripts/projects/common/modules/experiments/ab-url.ts(20,41): error TS2304: Cannot find name 'ABTest'.
static/src/javascripts/projects/common/modules/experiments/ab-url.ts(20,50): error TS2304: Cannot find name 'Variant'.
static/src/javascripts/projects/common/modules/experiments/ab-utils.spec.ts(19,21): error TS2554: Expected 2 arguments, but got 1.
static/src/javascripts/projects/common/modules/experiments/ab-utils.spec.ts(20,21): error TS2554: Expected 2 arguments, but got 1.
static/src/javascripts/projects/common/modules/experiments/ab-utils.spec.ts(29,21): error TS2554: Expected 2 arguments, but got 1.
static/src/javascripts/projects/common/modules/experiments/ab-utils.spec.ts(30,21): error TS2554: Expected 2 arguments, but got 1.
static/src/javascripts/projects/common/modules/experiments/ab-utils.spec.ts(44,29): error TS2339: Property 'config' does not exist on type '{ automat?: Automat; }'.
static/src/javascripts/projects/common/modules/experiments/ab-utils.spec.ts(47,29): error TS2339: Property 'config' does not exist on type '{ automat?: Automat; }'.
static/src/javascripts/projects/common/modules/experiments/ab-utils.spec.ts(48,29): error TS2339: Property 'config' does not exist on type '{ automat?: Automat; }'.
static/src/javascripts/projects/common/modules/experiments/ab-utils.spec.ts(75,38): error TS2554: Expected 2 arguments, but got 1.
static/src/javascripts/projects/common/modules/experiments/ab-utils.spec.ts(79,25): error TS2554: Expected 2 arguments, but got 1.
static/src/javascripts/projects/common/modules/experiments/ab-utils.spec.ts(91,29): error TS2554: Expected 2 arguments, but got 1.
static/src/javascripts/projects/common/modules/experiments/ab-utils.spec.ts(95,25): error TS2554: Expected 2 arguments, but got 1.
static/src/javascripts/projects/common/modules/experiments/ab-utils.ts(10,5): error TS2322: Type 'unknown' is not assignable to type 'boolean'.
static/src/javascripts/projects/common/modules/experiments/ab-utils.ts(13,34): error TS2304: Cannot find name 'Runnable'.
static/src/javascripts/projects/common/modules/experiments/ab-utils.ts(13,43): error TS2304: Cannot find name 'ABTest'.
static/src/javascripts/projects/common/modules/experiments/ab-utils.ts(14,4): error TS2304: Cannot find name 'Participations'.
static/src/javascripts/projects/common/modules/experiments/ab-utils.ts(16,26): error TS2304: Cannot find name 'Participations'.
static/src/javascripts/projects/common/modules/experiments/ab-utils.ts(24,21): error TS2304: Cannot find name 'Participations'.
static/src/javascripts/projects/common/modules/experiments/ab-utils.ts(25,4): error TS2304: Cannot find name 'Participations'.
static/src/javascripts/projects/common/modules/experiments/ab-utils.ts(26,11): error TS2322: Type '[string, unknown][]' is not assignable to type '[string, { variant: string; }][]'.
  Type '[string, unknown]' is not assignable to type '[string, { variant: string; }]'.
    Property 'variant' is missing in type '{}' but required in type '{ variant: string; }'.
static/src/javascripts/projects/common/modules/experiments/ab-utils.ts(29,21): error TS2339: Property 'variant' does not exist on type '{}'.
static/src/javascripts/projects/common/modules/experiments/ab-utils.ts(38,11): error TS2304: Cannot find name 'ABTest'.
static/src/javascripts/projects/common/modules/experiments/ab-utils.ts(39,21): error TS2304: Cannot find name 'Participations'.
static/src/javascripts/projects/common/modules/experiments/ab-utils.ts(40,4): error TS2304: Cannot find name 'Variant'.
static/src/javascripts/projects/common/modules/experiments/ab.spec.ts(48,29): error TS2339: Property 'config' does not exist on type '{ automat?: Automat; }'.
static/src/javascripts/projects/common/modules/experiments/ab.ts(32,17): error TS2304: Cannot find name 'Runnable'.
static/src/javascripts/projects/common/modules/experiments/ab.ts(32,26): error TS2304: Cannot find name 'ABTest'.
static/src/javascripts/projects/common/modules/experiments/ab.ts(33,32): error TS2339: Property 'contentType' does not exist on type 'unknown'.
static/src/javascripts/projects/common/modules/experiments/ab.ts(40,46): error TS2304: Cannot find name 'ABTest'.
static/src/javascripts/projects/common/modules/experiments/ab.ts(53,17): error TS2304: Cannot find name 'Runnable'.
static/src/javascripts/projects/common/modules/experiments/ab.ts(53,26): error TS2304: Cannot find name 'AcquisitionsABTest'.
static/src/javascripts/projects/common/modules/experiments/ab.ts(60,46): error TS2304: Cannot find name 'AcquisitionsABTest'.
static/src/javascripts/projects/common/modules/experiments/ab.ts(68,31): error TS2304: Cannot find name 'AcquisitionsABTest'.
static/src/javascripts/projects/common/modules/experiments/ab.ts(79,22): error TS2304: Cannot find name 'ABTest'.
static/src/javascripts/projects/common/modules/experiments/ab.ts(83,19): error TS2304: Cannot find name 'Runnable'.
static/src/javascripts/projects/common/modules/experiments/ab.ts(83,28): error TS2304: Cannot find name 'ABTest'.
static/src/javascripts/projects/common/modules/experiments/ab.ts(91,49): error TS2304: Cannot find name 'Participations'.
static/src/javascripts/projects/common/modules/experiments/ab.ts(96,11): error TS2304: Cannot find name 'ABTest'.
static/src/javascripts/projects/common/modules/experiments/ab.ts(105,45): error TS2304: Cannot find name 'ABTest'.
static/src/javascripts/projects/common/modules/experiments/ab.ts(123,27): error TS2304: Cannot find name 'Participations'.
static/src/javascripts/projects/common/modules/experiments/affix.ts(26,9): error TS1093: Type annotation cannot appear on a constructor declaration.
static/src/javascripts/projects/common/modules/experiments/tests/commercial-prebid-safeframe.ts(1,41): error TS2304: Cannot find name 'ABTest'.
static/src/javascripts/projects/common/modules/experiments/tests/liveblog-epic-design-test.ts(32,38): error TS2304: Cannot find name 'EpicABTest'.
static/src/javascripts/projects/common/modules/experiments/tests/liveblog-epic-design-test.ts(50,38): error TS2339: Property 'contentType' does not exist on type 'unknown'.
static/src/javascripts/projects/common/modules/experiments/tests/newsletter-merch-unit-test.ts(1,52): error TS2304: Cannot find name 'ABTest'.
static/src/javascripts/projects/common/modules/experiments/tests/newsletter-merch-unit-test.ts(26,52): error TS2304: Cannot find name 'ABTest'.
static/src/javascripts/projects/common/modules/experiments/tests/sign-in-gate-main-control.ts(4,37): error TS2304: Cannot find name 'ABTest'.
static/src/javascripts/projects/common/modules/experiments/tests/sign-in-gate-main-variant.ts(4,37): error TS2304: Cannot find name 'ABTest'.
static/src/javascripts/projects/common/modules/fix-secondary-column.spec.ts(59,56): error TS2345: Argument of type 'Promise<number>' is not assignable to parameter of type 'Promise<void>'.
static/src/javascripts/projects/common/modules/fix-secondary-column.ts(31,30): error TS2339: Property 'style' does not exist on type 'Element'.
static/src/javascripts/projects/common/modules/gallery/lightbox.ts(113,20): error TS1093: Type annotation cannot appear on a constructor declaration.
static/src/javascripts/projects/common/modules/gallery/lightbox.ts(199,13): error TS2365: Operator '+' cannot be applied to types 'unknown' and 'unknown'.
static/src/javascripts/projects/common/modules/gallery/lightbox.ts(200,31): error TS2339: Property 'src' does not exist on type 'Object'.
static/src/javascripts/projects/common/modules/gallery/lightbox.ts(220,21): error TS2345: Argument of type 'unknown' is not assignable to parameter of type 'string | number | boolean'.
  Type 'unknown' is not assignable to type 'true'.
static/src/javascripts/projects/common/modules/gallery/lightbox.ts(230,69): error TS2339: Property 'src' does not exist on type 'Object'.
static/src/javascripts/projects/common/modules/gallery/lightbox.ts(239,26): error TS2339: Property 'caption' does not exist on type 'Object'.
static/src/javascripts/projects/common/modules/gallery/lightbox.ts(240,25): error TS2339: Property 'displayCredit' does not exist on type 'Object'.
static/src/javascripts/projects/common/modules/gallery/lightbox.ts(240,45): error TS2339: Property 'credit' does not exist on type 'Object'.
static/src/javascripts/projects/common/modules/gallery/lightbox.ts(269,44): error TS2339: Property 'scale' does not exist on type 'TouchEvent'.
static/src/javascripts/projects/common/modules/gallery/lightbox.ts(269,55): error TS2339: Property 'scale' does not exist on type 'TouchEvent'.
static/src/javascripts/projects/common/modules/gallery/lightbox.ts(329,14): error TS2339: Property 'split' does not exist on type 'unknown'.
static/src/javascripts/projects/common/modules/gallery/lightbox.ts(332,16): error TS2554: Expected 2 arguments, but got 1.
static/src/javascripts/projects/common/modules/gallery/lightbox.ts(336,23): error TS2339: Property 'filter' does not exist on type 'Object'.
static/src/javascripts/projects/common/modules/gallery/lightbox.ts(366,38): error TS2339: Property 'map' does not exist on type 'Object'.
static/src/javascripts/projects/common/modules/gallery/lightbox.ts(367,46): error TS2339: Property 'map' does not exist on type 'Object'.
static/src/javascripts/projects/common/modules/gallery/lightbox.ts(497,5): error TS2300: Duplicate identifier 'endslate'.
static/src/javascripts/projects/common/modules/gallery/lightbox.ts(497,5): error TS2717: Subsequent property declarations must have the same type.  Property 'endslate' must be of type 'Object', but here has type 'Endslate'.
static/src/javascripts/projects/common/modules/gallery/lightbox.ts(500,28): error TS2339: Property 'rendered' does not exist on type 'Object'.
static/src/javascripts/projects/common/modules/gallery/lightbox.ts(504,27): error TS2339: Property 'componentClass' does not exist on type 'Object'.
static/src/javascripts/projects/common/modules/gallery/lightbox.ts(505,27): error TS2339: Property 'endpoint' does not exist on type 'Object'.
static/src/javascripts/projects/common/modules/gallery/lightbox.ts(507,27): error TS2339: Property 'fetch' does not exist on type 'Object'.
static/src/javascripts/projects/common/modules/gallery/lightbox.ts(514,5): error TS2300: Duplicate identifier 'states'.
static/src/javascripts/projects/common/modules/gallery/lightbox.ts(514,5): error TS2717: Subsequent property declarations must have the same type.  Property 'states' must be of type 'Object', but here has type '{ closed: { enter(): void; leave(): void; events: { open(): void; loadJson(json: GalleryJson): void; }; }; image: { enter(): void; leave(): void; events: { next(): void; prev(): void; ... 5 more ...; close(): void; }; }; endslate: { ...; }; }'.
static/src/javascripts/projects/common/modules/gallery/lightbox.ts(688,30): error TS2339: Property 'images' does not exist on type 'unknown'.
static/src/javascripts/projects/common/modules/gallery/lightbox.ts(704,47): error TS2345: Argument of type 'unknown' is not assignable to parameter of type 'GalleryJson'.
static/src/javascripts/projects/common/modules/gallery/lightbox.ts(708,41): error TS2345: Argument of type 'Object' is not assignable to parameter of type 'GalleryJson'.
  The 'Object' type is assignable to very few other types. Did you mean to use the 'any' type instead?
static/src/javascripts/projects/common/modules/gallery/lightbox.ts(727,47): error TS2345: Argument of type 'unknown' is not assignable to parameter of type 'GalleryJson'.
  Type '{}' is missing the following properties from type 'GalleryJson': id, headline, shouldHideAdverts, standfirst, images
static/src/javascripts/projects/common/modules/gallery/lightbox.ts(728,41): error TS2345: Argument of type 'Object' is not assignable to parameter of type 'GalleryJson'.
  The 'Object' type is assignable to very few other types. Did you mean to use the 'any' type instead?
    Type 'Object' is missing the following properties from type 'GalleryJson': id, headline, shouldHideAdverts, standfirst, images
static/src/javascripts/projects/common/modules/identity/account-profile.ts(41,39): error TS2345: Argument of type 'Element' is not assignable to parameter of type 'HTMLFormElement'.
static/src/javascripts/projects/common/modules/identity/account-profile.ts(50,42): error TS2339: Property 'then' does not exist on type 'Object'.
static/src/javascripts/projects/common/modules/identity/account-profile.ts(232,25): error TS2769: No overload matches this call.
  Overload 1 of 2, '(...items: ConcatArray<HTMLInputElement>[]): HTMLInputElement[]', gave the following error.
    Argument of type 'HTMLSelectElement[]' is not assignable to parameter of type 'ConcatArray<HTMLInputElement>'.
      The types returned by 'slice(...)' are incompatible between these types.
        Type 'HTMLSelectElement[]' is not assignable to type 'HTMLInputElement[]'.
          Type 'HTMLSelectElement' is missing the following properties from type 'HTMLInputElement': accept, align, alt, checked, and 33 more.
  Overload 2 of 2, '(...items: (HTMLInputElement | ConcatArray<HTMLInputElement>)[]): HTMLInputElement[]', gave the following error.
    Argument of type 'HTMLSelectElement[]' is not assignable to parameter of type 'HTMLInputElement | ConcatArray<HTMLInputElement>'.
      Type 'HTMLSelectElement[]' is not assignable to type 'ConcatArray<HTMLInputElement>'.
static/src/javascripts/projects/common/modules/identity/ad-prefs.tsx(25,44): error TS1093: Type annotation cannot appear on a constructor declaration.
static/src/javascripts/projects/common/modules/identity/ad-prefs.tsx(27,10): error TS2339: Property 'state' does not exist on type 'AdPrefsWrapper'.
static/src/javascripts/projects/common/modules/identity/ad-prefs.tsx(30,35): error TS2339: Property 'props' does not exist on type 'AdPrefsWrapper'.
static/src/javascripts/projects/common/modules/identity/ad-prefs.tsx(35,40): error TS2339: Property 'state' does not exist on type 'AdPrefsWrapper'.
static/src/javascripts/projects/common/modules/identity/ad-prefs.tsx(36,33): error TS2339: Property 'props' does not exist on type 'AdPrefsWrapper'.
static/src/javascripts/projects/common/modules/identity/ad-prefs.tsx(41,10): error TS2339: Property 'setState' does not exist on type 'AdPrefsWrapper'.
static/src/javascripts/projects/common/modules/identity/ad-prefs.tsx(50,10): error TS2339: Property 'state' does not exist on type 'AdPrefsWrapper'.
static/src/javascripts/projects/common/modules/identity/ad-prefs.tsx(52,14): error TS2339: Property 'props' does not exist on type 'AdPrefsWrapper'.
static/src/javascripts/projects/common/modules/identity/ad-prefs.tsx(55,10): error TS2339: Property 'setState' does not exist on type 'AdPrefsWrapper'.
static/src/javascripts/projects/common/modules/identity/ad-prefs.tsx(67,27): error TS2339: Property 'state' does not exist on type 'AdPrefsWrapper'.
static/src/javascripts/projects/common/modules/identity/ad-prefs.tsx(67,84): error TS2607: JSX element class does not support attributes because it does not have a 'props' property.
static/src/javascripts/projects/common/modules/identity/ad-prefs.tsx(67,85): error TS2786: 'ConsentBox' cannot be used as a JSX component.
  Its instance type 'ConsentBox' is not a valid JSX element.
    Type 'ConsentBox' is missing the following properties from type 'ElementClass': context, setState, forceUpdate, props, and 2 more.
static/src/javascripts/projects/common/modules/identity/ad-prefs.tsx(74,29): error TS2322: Type 'string' is not assignable to type 'boolean'.
static/src/javascripts/projects/common/modules/identity/ad-prefs.tsx(74,44): error TS2339: Property 'state' does not exist on type 'AdPrefsWrapper'.
static/src/javascripts/projects/common/modules/identity/ad-prefs.tsx(77,21): error TS2607: JSX element class does not support attributes because it does not have a 'props' property.
static/src/javascripts/projects/common/modules/identity/ad-prefs.tsx(77,22): error TS2786: 'FeedbackFlashBox' cannot be used as a JSX component.
  Its instance type 'FeedbackFlashBox' is not a valid JSX element.
    Type 'FeedbackFlashBox' is missing the following properties from type 'ElementClass': context, setState, forceUpdate, props, and 2 more.
static/src/javascripts/projects/common/modules/identity/ad-prefs.tsx(77,54): error TS2339: Property 'state' does not exist on type 'AdPrefsWrapper'.
static/src/javascripts/projects/common/modules/identity/ad-prefs.tsx(89,16): error TS2607: JSX element class does not support attributes because it does not have a 'props' property.
static/src/javascripts/projects/common/modules/identity/ad-prefs.tsx(89,17): error TS2786: 'AdPrefsWrapper' cannot be used as a JSX component.
  Its instance type 'AdPrefsWrapper' is not a valid JSX element.
    Type 'AdPrefsWrapper' is missing the following properties from type 'ElementClass': context, setState, forceUpdate, props, and 2 more.
static/src/javascripts/projects/common/modules/identity/ad-prefs/ConsentBox.tsx(26,12): error TS2339: Property 'props' does not exist on type 'ConsentRadioButton'.
static/src/javascripts/projects/common/modules/identity/ad-prefs/ConsentBox.tsx(30,36): error TS2339: Property 'props' does not exist on type 'ConsentRadioButton'.
static/src/javascripts/projects/common/modules/identity/ad-prefs/ConsentBox.tsx(30,67): error TS2339: Property 'props' does not exist on type 'ConsentRadioButton'.
static/src/javascripts/projects/common/modules/identity/ad-prefs/ConsentBox.tsx(31,38): error TS2339: Property 'props' does not exist on type 'ConsentRadioButton'.
static/src/javascripts/projects/common/modules/identity/ad-prefs/ConsentBox.tsx(35,96): error TS2339: Property 'props' does not exist on type 'ConsentRadioButton'.
static/src/javascripts/projects/common/modules/identity/ad-prefs/ConsentBox.tsx(35,127): error TS2339: Property 'props' does not exist on type 'ConsentRadioButton'.
static/src/javascripts/projects/common/modules/identity/ad-prefs/ConsentBox.tsx(35,165): error TS2339: Property 'props' does not exist on type 'ConsentRadioButton'.
static/src/javascripts/projects/common/modules/identity/ad-prefs/ConsentBox.tsx(35,203): error TS2339: Property 'props' does not exist on type 'ConsentRadioButton'.
static/src/javascripts/projects/common/modules/identity/ad-prefs/ConsentBox.tsx(36,33): error TS2339: Property 'props' does not exist on type 'ConsentRadioButton'.
static/src/javascripts/projects/common/modules/identity/ad-prefs/ConsentBox.tsx(38,23): error TS2339: Property 'props' does not exist on type 'ConsentRadioButton'.
static/src/javascripts/projects/common/modules/identity/ad-prefs/ConsentBox.tsx(39,22): error TS2339: Property 'props' does not exist on type 'ConsentRadioButton'.
static/src/javascripts/projects/common/modules/identity/ad-prefs/ConsentBox.tsx(48,60): error TS2339: Property 'props' does not exist on type 'ConsentBox'.
static/src/javascripts/projects/common/modules/identity/ad-prefs/ConsentBox.tsx(59,21): error TS2607: JSX element class does not support attributes because it does not have a 'props' property.
static/src/javascripts/projects/common/modules/identity/ad-prefs/ConsentBox.tsx(59,22): error TS2786: 'ConsentRadioButton' cannot be used as a JSX component.
  Its instance type 'ConsentRadioButton' is not a valid JSX element.
    Type 'ConsentRadioButton' is missing the following properties from type 'ElementClass': context, setState, forceUpdate, props, and 2 more.
static/src/javascripts/projects/common/modules/identity/ad-prefs/ConsentBox.tsx(59,98): error TS2339: Property 'props' does not exist on type 'ConsentBox'.
static/src/javascripts/projects/common/modules/identity/ad-prefs/ConsentBox.tsx(59,134): error TS2339: Property 'props' does not exist on type 'ConsentBox'.
static/src/javascripts/projects/common/modules/identity/ad-prefs/ConsentBox.tsx(59,170): error TS2339: Property 'props' does not exist on type 'ConsentBox'.
static/src/javascripts/projects/common/modules/identity/ad-prefs/ConsentBox.tsx(60,21): error TS2607: JSX element class does not support attributes because it does not have a 'props' property.
static/src/javascripts/projects/common/modules/identity/ad-prefs/ConsentBox.tsx(60,22): error TS2786: 'ConsentRadioButton' cannot be used as a JSX component.
  Its instance type 'ConsentRadioButton' is not a valid JSX element.
static/src/javascripts/projects/common/modules/identity/ad-prefs/ConsentBox.tsx(60,98): error TS2339: Property 'props' does not exist on type 'ConsentBox'.
static/src/javascripts/projects/common/modules/identity/ad-prefs/ConsentBox.tsx(60,135): error TS2339: Property 'props' does not exist on type 'ConsentBox'.
static/src/javascripts/projects/common/modules/identity/ad-prefs/ConsentBox.tsx(60,171): error TS2339: Property 'props' does not exist on type 'ConsentBox'.
static/src/javascripts/projects/common/modules/identity/ad-prefs/FeedbackFlashBox.tsx(12,70): error TS2339: Property 'props' does not exist on type 'FeedbackFlashBox'.
static/src/javascripts/projects/common/modules/identity/ad-prefs/FeedbackFlashBox.tsx(13,23): error TS2339: Property 'props' does not exist on type 'FeedbackFlashBox'.
static/src/javascripts/projects/common/modules/identity/api.spec.ts(39,16): error TS2339: Property 'page' does not exist on type '{ get: (path?: string, defaultValue?: unknown) => unknown; set: (path: string, value: any) => void; hasTone: (name: string) => boolean; hasSeries: (name: string) => boolean; referencesOfType: (name: string) => string[]; referenceOfType: (name: string) => string; webPublicationDateAsUrlPart: () => string; dateFromSlu...'.
static/src/javascripts/projects/common/modules/identity/api.spec.ts(120,9): error TS2554: Expected 2 arguments, but got 1.
static/src/javascripts/projects/common/modules/identity/api.spec.ts(123,23): error TS2339: Property 'page' does not exist on type '{ get: (path?: string, defaultValue?: unknown) => unknown; set: (path: string, value: any) => void; hasTone: (name: string) => boolean; hasSeries: (name: string) => boolean; referencesOfType: (name: string) => string[]; referenceOfType: (name: string) => string; webPublicationDateAsUrlPart: () => string; dateFromSlu...'.
static/src/javascripts/projects/common/modules/identity/api.spec.ts(132,22): error TS2554: Expected 2 arguments, but got 1.
static/src/javascripts/projects/common/modules/identity/api.spec.ts(133,42): error TS2339: Property 'displayName' does not exist on type 'Object'.
static/src/javascripts/projects/common/modules/identity/api.spec.ts(146,23): error TS2339: Property 'page' does not exist on type '{ get: (path?: string, defaultValue?: unknown) => unknown; set: (path: string, value: any) => void; hasTone: (name: string) => boolean; hasSeries: (name: string) => boolean; referencesOfType: (name: string) => string[]; referenceOfType: (name: string) => string; webPublicationDateAsUrlPart: () => string; dateFromSlu...'.
static/src/javascripts/projects/common/modules/identity/api.ts(107,24): error TS2339: Property 'id' does not exist on type '{}'.
static/src/javascripts/projects/common/modules/identity/api.ts(108,24): error TS2339: Property 'subscribed' does not exist on type '{}'.
static/src/javascripts/projects/common/modules/identity/api.ts(111,24): error TS2339: Property 'id' does not exist on type '{}'.
static/src/javascripts/projects/common/modules/identity/api.ts(112,24): error TS2339: Property 'subscribed' does not exist on type '{}'.
static/src/javascripts/projects/common/modules/identity/api.ts(117,5): error TS2739: Type '{}' is missing the following properties from type 'Newsletter': id, subscribed
static/src/javascripts/projects/common/modules/identity/api.ts(143,20): error TS2339: Property 'reset' does not exist on type 'TargetCallback'.
static/src/javascripts/projects/common/modules/identity/api.ts(150,37): error TS2322: Type 'unknown' is not assignable to type 'string'.
static/src/javascripts/projects/common/modules/identity/api.ts(230,36): error TS2339: Property 'returnUrl' does not exist on type 'Object'.
static/src/javascripts/projects/common/modules/identity/api.ts(231,43): error TS2339: Property 'returnUrl' does not exist on type 'Object'.
static/src/javascripts/projects/common/modules/identity/api.ts(329,25): error TS2339: Property 'ophan' does not exist on type '{ automat?: Automat; }'.
static/src/javascripts/projects/common/modules/identity/api.ts(330,25): error TS2339: Property 'ophan' does not exist on type '{ automat?: Automat; }'.
static/src/javascripts/projects/common/modules/identity/api.ts(332,14): error TS2339: Property 'componentEventParams' does not exist on type 'Object'.
static/src/javascripts/projects/common/modules/identity/api.ts(334,29): error TS2339: Property 'ophan' does not exist on type '{ automat?: Automat; }'.
static/src/javascripts/projects/common/modules/identity/auth-component-event-params.ts(19,16): error TS2339: Property 'viewId' does not exist on type 'Object'.
static/src/javascripts/projects/common/modules/identity/consents.ts(38,13): error TS2315: Type 'NodeList' is not generic.
static/src/javascripts/projects/common/modules/identity/consents.ts(44,25): error TS2339: Property 'consented' does not exist on type '{}'.
static/src/javascripts/projects/common/modules/identity/consents.ts(48,29): error TS2339: Property 'id' does not exist on type '{}'.
static/src/javascripts/projects/common/modules/identity/consents.ts(55,5): error TS2739: Type '{}' is missing the following properties from type 'SettableConsent': id, consented
static/src/javascripts/projects/common/modules/identity/consents.ts(58,56): error TS2315: Type 'NodeList' is not generic.
static/src/javascripts/projects/common/modules/identity/consents.ts(82,19): error TS2339: Property 'checked' does not exist on type 'Element'.
static/src/javascripts/projects/common/modules/identity/consents.ts(94,9): error TS2322: Type 'Promise<Element>' is not assignable to type 'Promise<HTMLButtonElement>'.
  Type 'Element' is missing the following properties from type 'HTMLButtonElement': disabled, form, formAction, formEnctype, and 124 more.
static/src/javascripts/projects/common/modules/identity/consents.ts(207,9): error TS2322: Type 'Promise<Element[]>' is not assignable to type 'Promise<(HTMLElement | HTMLInputElement)[]>'.
  Type 'Element[]' is not assignable to type '(HTMLElement | HTMLInputElement)[]'.
    Type 'Element' is not assignable to type 'HTMLElement | HTMLInputElement'.
      Type 'Element' is missing the following properties from type 'HTMLInputElement': accept, align, alt, autocomplete, and 160 more.
static/src/javascripts/projects/common/modules/identity/consents.ts(213,9): error TS2322: Type 'Promise<Element[] | HTMLInputElement[]>' is not assignable to type 'Promise<HTMLInputElement[]>'.
  Type 'Element[] | HTMLInputElement[]' is not assignable to type 'HTMLInputElement[]'.
    Type 'Element[]' is not assignable to type 'HTMLInputElement[]'.
      Type 'Element' is not assignable to type 'HTMLInputElement'.
static/src/javascripts/projects/common/modules/identity/consents.ts(221,62): error TS2769: No overload matches this call.
  Overload 1 of 3, '(selector: "object" | "link" | "small" | "sub" | "sup" | "track" | "progress" | "a" | "abbr" | "address" | "applet" | "area" | "article" | "aside" | "audio" | "b" | "base" | "basefont" | "bdi" | ... 99 more ... | "wbr"): HTMLElement | ... 70 more ... | HTMLUListElement', gave the following error.
    Argument of type 'string[]' is not assignable to parameter of type '"object" | "link" | "small" | "sub" | "sup" | "track" | "progress" | "a" | "abbr" | "address" | "applet" | "area" | "article" | "aside" | "audio" | "b" | "base" | "basefont" | "bdi" | ... 99 more ... | "wbr"'.
      Type 'string[]' is not assignable to type '"wbr"'.
  Overload 2 of 3, '(selector: "symbol" | "a" | "script" | "style" | "title" | "circle" | "clipPath" | "defs" | "desc" | "ellipse" | "feBlend" | "feColorMatrix" | "feComponentTransfer" | "feComposite" | "feConvolveMatrix" | ... 41 more ... | "view"): SVGImageElement | ... 55 more ... | SVGViewElement', gave the following error.
    Argument of type 'string[]' is not assignable to parameter of type '"symbol" | "a" | "script" | "style" | "title" | "circle" | "clipPath" | "defs" | "desc" | "ellipse" | "feBlend" | "feColorMatrix" | "feComponentTransfer" | "feComposite" | "feConvolveMatrix" | ... 41 more ... | "view"'.
      Type 'string[]' is not assignable to type '"view"'.
  Overload 3 of 3, '(selector: string): Element', gave the following error.
    Argument of type 'string[]' is not assignable to parameter of type 'string'.
static/src/javascripts/projects/common/modules/identity/cookierefresh.ts(12,51): error TS2345: Argument of type 'number' is not assignable to parameter of type 'string'.
static/src/javascripts/projects/common/modules/identity/email-sign-in-banner/index.ts(26,5): error TS2322: Type 'unknown' is not assignable to type 'boolean'.
static/src/javascripts/projects/common/modules/identity/follow.tsx(10,14): error TS2607: JSX element class does not support attributes because it does not have a 'props' property.
static/src/javascripts/projects/common/modules/identity/follow.tsx(10,15): error TS2786: 'FollowButtonWrap' cannot be used as a JSX component.
  Its instance type 'FollowButtonWrap' is not a valid JSX element.
static/src/javascripts/projects/common/modules/identity/formstack-iframe-embed.ts(74,56): error TS1093: Type annotation cannot appear on a constructor declaration.
static/src/javascripts/projects/common/modules/identity/formstack-iframe-embed.ts(129,22): error TS2554: Expected 2 arguments, but got 1.
static/src/javascripts/projects/common/modules/identity/formstack-iframe-embed.ts(137,46): error TS2339: Property 'idClasses' does not exist on type 'Object'.
static/src/javascripts/projects/common/modules/identity/formstack-iframe-embed.ts(149,25): error TS2339: Property 'fsSelectors' does not exist on type 'Object'.
static/src/javascripts/projects/common/modules/identity/formstack-iframe-embed.ts(160,45): error TS2339: Property 'idClasses' does not exist on type 'Object'.
static/src/javascripts/projects/common/modules/identity/formstack-iframe-embed.ts(168,33): error TS2339: Property 'fsSelectors' does not exist on type 'Object'.
static/src/javascripts/projects/common/modules/identity/formstack-iframe-embed.ts(169,42): error TS2339: Property 'fsSelectors' does not exist on type 'Object'.
static/src/javascripts/projects/common/modules/identity/formstack-iframe-embed.ts(171,44): error TS2339: Property 'idClasses' does not exist on type 'Object'.
static/src/javascripts/projects/common/modules/identity/formstack-iframe-embed.ts(183,25): error TS2339: Property 'hiddenSelectors' does not exist on type 'Object'.
static/src/javascripts/projects/common/modules/identity/formstack-iframe-embed.ts(193,25): error TS2339: Property 'hiddenSelectors' does not exist on type 'Object'.
static/src/javascripts/projects/common/modules/identity/formstack-iframe-embed.ts(206,77): error TS2339: Property 'id' does not exist on type 'Object'.
static/src/javascripts/projects/common/modules/identity/formstack-iframe-embed.ts(207,80): error TS2339: Property 'primaryEmailAddress' does not exist on type 'Object'.
static/src/javascripts/projects/common/modules/identity/formstack-iframe-embed.ts(247,48): error TS2339: Property 'idClasses' does not exist on type 'Object'.
static/src/javascripts/projects/common/modules/identity/formstack-iframe-embed.ts(256,49): error TS2339: Property 'idClasses' does not exist on type 'Object'.
static/src/javascripts/projects/common/modules/identity/formstack-iframe-embed.ts(266,50): error TS2339: Property 'fsSelectors' does not exist on type 'Object'.
static/src/javascripts/projects/common/modules/identity/formstack-iframe-embed.ts(275,51): error TS2339: Property 'fsSelectors' does not exist on type 'Object'.
static/src/javascripts/projects/common/modules/identity/formstack-iframe-embed.ts(286,54): error TS2339: Property 'fsSelectors' does not exist on type 'Object'.
static/src/javascripts/projects/common/modules/identity/formstack-iframe.ts(7,41): error TS1093: Type annotation cannot appear on a constructor declaration.
static/src/javascripts/projects/common/modules/identity/formstack.ts(14,56): error TS1093: Type annotation cannot appear on a constructor declaration.
static/src/javascripts/projects/common/modules/identity/formstack.ts(68,36): error TS2339: Property 'page' does not exist on type 'Object'.
static/src/javascripts/projects/common/modules/identity/formstack.ts(75,20): error TS2554: Expected 2 arguments, but got 1.
static/src/javascripts/projects/common/modules/identity/formstack.ts(83,46): error TS2339: Property 'idClasses' does not exist on type 'Object'.
static/src/javascripts/projects/common/modules/identity/formstack.ts(95,25): error TS2339: Property 'fsSelectors' does not exist on type 'Object'.
static/src/javascripts/projects/common/modules/identity/formstack.ts(106,45): error TS2339: Property 'idClasses' does not exist on type 'Object'.
static/src/javascripts/projects/common/modules/identity/formstack.ts(114,33): error TS2339: Property 'fsSelectors' does not exist on type 'Object'.
static/src/javascripts/projects/common/modules/identity/formstack.ts(115,42): error TS2339: Property 'fsSelectors' does not exist on type 'Object'.
static/src/javascripts/projects/common/modules/identity/formstack.ts(117,44): error TS2339: Property 'idClasses' does not exist on type 'Object'.
static/src/javascripts/projects/common/modules/identity/formstack.ts(129,25): error TS2339: Property 'hiddenSelectors' does not exist on type 'Object'.
static/src/javascripts/projects/common/modules/identity/formstack.ts(139,25): error TS2339: Property 'hiddenSelectors' does not exist on type 'Object'.
static/src/javascripts/projects/common/modules/identity/formstack.ts(152,77): error TS2339: Property 'id' does not exist on type 'Object'.
static/src/javascripts/projects/common/modules/identity/formstack.ts(153,80): error TS2339: Property 'primaryEmailAddress' does not exist on type 'Object'.
static/src/javascripts/projects/common/modules/identity/formstack.ts(177,48): error TS2339: Property 'idClasses' does not exist on type 'Object'.
static/src/javascripts/projects/common/modules/identity/formstack.ts(186,49): error TS2339: Property 'idClasses' does not exist on type 'Object'.
static/src/javascripts/projects/common/modules/identity/formstack.ts(196,50): error TS2339: Property 'fsSelectors' does not exist on type 'Object'.
static/src/javascripts/projects/common/modules/identity/formstack.ts(205,51): error TS2339: Property 'fsSelectors' does not exist on type 'Object'.
static/src/javascripts/projects/common/modules/identity/formstack.ts(216,54): error TS2339: Property 'fsSelectors' does not exist on type 'Object'.
static/src/javascripts/projects/common/modules/identity/identity-features.ts(6,45): error TS2339: Property 'PasswordCredential' does not exist on type 'Window & typeof globalThis'.
static/src/javascripts/projects/common/modules/identity/modules/loadEnhancers.ts(14,28): error TS2554: Expected 3 arguments, but got 2.
static/src/javascripts/projects/common/modules/identity/modules/modal.ts(13,49): error TS2339: Property 'dataset' does not exist on type 'Element'.
static/src/javascripts/projects/common/modules/identity/modules/modal.ts(16,34): error TS2339: Property 'dataset' does not exist on type 'Element'.
static/src/javascripts/projects/common/modules/identity/modules/switch.ts(3,17): error TS2304: Cannot find name 'TimeoutID'.
static/src/javascripts/projects/common/modules/identity/public-profile.ts(23,10): error TS2339: Property 'page' does not exist on type '{}'.
static/src/javascripts/projects/common/modules/identity/public-profile.ts(23,30): error TS2339: Property 'page' does not exist on type 'Object'.
static/src/javascripts/projects/common/modules/identity/public-profile.ts(76,23): error TS2345: Argument of type 'Element' is not assignable to parameter of type 'HTMLElement'.
static/src/javascripts/projects/common/modules/identity/sign-in-gate/helper.spec.ts(62,28): error TS2349: This expression is not callable.
  Type '{ ensure(ids: string[], callback?: {}, chunkName?: string): void; resolve: (id: string) => string; cache: any; main: NodeModule; }' has no call signatures.
static/src/javascripts/projects/common/modules/identity/sign-in-gate/helper.spec.ts(63,24): error TS2349: This expression is not callable.
  Type '{ ensure(ids: string[], callback?: {}, chunkName?: string): void; resolve: (id: string) => string; cache: any; main: NodeModule; }' has no call signatures.
static/src/javascripts/projects/common/modules/identity/sign-in-gate/helper.spec.ts(64,25): error TS2349: This expression is not callable.
  Type '{ ensure(ids: string[], callback?: {}, chunkName?: string): void; resolve: (id: string) => string; cache: any; main: NodeModule; }' has no call signatures.
static/src/javascripts/projects/common/modules/identity/sign-in-gate/helper.spec.ts(85,49): error TS2345: Argument of type '{ window: string; name: string; variant: string; componentName: string; }' is not assignable to parameter of type '{ window: DismissalWindow; name?: string; variant: string; componentName: string; }'.
  Types of property 'window' are incompatible.
    Type 'string' is not assignable to type 'DismissalWindow'.
static/src/javascripts/projects/common/modules/identity/sign-in-gate/helper.spec.ts(94,49): error TS2345: Argument of type '{ window: string; name: string; variant: string; componentName: string; }' is not assignable to parameter of type '{ window: DismissalWindow; name?: string; variant: string; componentName: string; }'.
static/src/javascripts/projects/common/modules/identity/sign-in-gate/helper.ts(53,31): error TS2304: Cannot find name 'ABTest'.
static/src/javascripts/projects/common/modules/identity/sign-in-gate/helper.ts(58,42): error TS2304: Cannot find name 'ABTest'.
static/src/javascripts/projects/common/modules/identity/sign-in-gate/helper.ts(58,55): error TS2304: Cannot find name 'ABTest'.
static/src/javascripts/projects/common/modules/identity/sign-in-gate/helper.ts(68,33): error TS2304: Cannot find name 'ABTest'.
static/src/javascripts/projects/common/modules/identity/sign-in-gate/helper.ts(231,5): error TS2322: Type 'unknown' is not assignable to type 'boolean'.
static/src/javascripts/projects/common/modules/identity/sign-in-gate/helper.ts(270,47): error TS2339: Property 'split' does not exist on type 'unknown'.
static/src/javascripts/projects/common/modules/identity/sign-in-gate/helper.ts(472,17): error TS2322: Type 'Element' is not assignable to type 'HTMLElement'.
static/src/javascripts/projects/common/modules/identity/sign-in-gate/helper.ts(477,25): error TS2339: Property 'style' does not exist on type 'Element'.
static/src/javascripts/projects/common/modules/identity/sign-in-gate/index.ts(40,21): error TS2304: Cannot find name 'ABTest'.
static/src/javascripts/projects/common/modules/identity/sign-in-gate/index.ts(65,29): error TS2339: Property 'ophan' does not exist on type '{ automat?: Automat; }'.
static/src/javascripts/projects/common/modules/identity/sign-in-gate/index.ts(66,29): error TS2339: Property 'ophan' does not exist on type '{ automat?: Automat; }'.
static/src/javascripts/projects/common/modules/identity/sign-in-gate/index.ts(68,38): error TS2339: Property 'ophan' does not exist on type '{ automat?: Automat; }'.
static/src/javascripts/projects/common/modules/identity/sign-in-gate/index.ts(115,17): error TS2322: Type 'unknown' is not assignable to type 'string'.
static/src/javascripts/projects/common/modules/identity/sign-in-gate/sign-in-gate.spec.ts(54,40): error TS2349: This expression is not callable.
  Type '{ ensure(ids: string[], callback?: {}, chunkName?: string): void; resolve: (id: string) => string; cache: any; main: NodeModule; }' has no call signatures.
static/src/javascripts/projects/common/modules/identity/sign-in-gate/sign-in-gate.spec.ts(56,24): error TS2349: This expression is not callable.
  Type '{ ensure(ids: string[], callback?: {}, chunkName?: string): void; resolve: (id: string) => string; cache: any; main: NodeModule; }' has no call signatures.
static/src/javascripts/projects/common/modules/identity/sign-in-gate/sign-in-gate.spec.ts(57,33): error TS2349: This expression is not callable.
  Type '{ ensure(ids: string[], callback?: {}, chunkName?: string): void; resolve: (id: string) => string; cache: any; main: NodeModule; }' has no call signatures.
static/src/javascripts/projects/common/modules/identity/sign-in-gate/sign-in-gate.spec.ts(59,28): error TS2349: This expression is not callable.
  Type '{ ensure(ids: string[], callback?: {}, chunkName?: string): void; resolve: (id: string) => string; cache: any; main: NodeModule; }' has no call signatures.
static/src/javascripts/projects/common/modules/identity/sign-in-gate/sign-in-gate.spec.ts(60,25): error TS2349: This expression is not callable.
  Type '{ ensure(ids: string[], callback?: {}, chunkName?: string): void; resolve: (id: string) => string; cache: any; main: NodeModule; }' has no call signatures.
static/src/javascripts/projects/common/modules/identity/sign-in-gate/sign-in-gate.spec.ts(67,16): error TS2704: The operand of a 'delete' operator cannot be a read-only property.
static/src/javascripts/projects/common/modules/identity/sign-in-gate/sign-in-gate.spec.ts(68,16): error TS2540: Cannot assign to 'navigator' because it is a read-only property.
static/src/javascripts/projects/common/modules/identity/sign-in-gate/sign-in-gate.spec.ts(75,16): error TS2540: Cannot assign to 'navigator' because it is a read-only property.
static/src/javascripts/projects/common/modules/identity/sign-in-gate/sign-in-gate.spec.ts(141,30): error TS2540: Cannot assign to 'userAgent' because it is a read-only property.
static/src/javascripts/projects/common/modules/identity/upsell/account-creation/AccountCreationBlock.tsx(18,10): error TS2339: Property 'setState' does not exist on type 'AccountCreationBlock'.
static/src/javascripts/projects/common/modules/identity/upsell/account-creation/AccountCreationBlock.tsx(24,18): error TS2339: Property 'state' does not exist on type 'AccountCreationBlock'.
static/src/javascripts/projects/common/modules/identity/upsell/account-creation/AccountCreationBlock.tsx(24,44): error TS2607: JSX element class does not support attributes because it does not have a 'props' property.
static/src/javascripts/projects/common/modules/identity/upsell/account-creation/AccountCreationBlock.tsx(24,45): error TS2786: 'Block' cannot be used as a JSX component.
  Its instance type 'Block' is not a valid JSX element.
static/src/javascripts/projects/common/modules/identity/upsell/account-creation/AccountCreationBlock.tsx(25,17): error TS2607: JSX element class does not support attributes because it does not have a 'props' property.
static/src/javascripts/projects/common/modules/identity/upsell/account-creation/AccountCreationBlock.tsx(25,18): error TS2786: 'AccountCreationForm' cannot be used as a JSX component.
  Its instance type 'AccountCreationForm' is not a valid JSX element.
static/src/javascripts/projects/common/modules/identity/upsell/account-creation/AccountCreationBlock.tsx(25,47): error TS2339: Property 'props' does not exist on type 'AccountCreationBlock'.
static/src/javascripts/projects/common/modules/identity/upsell/account-creation/AccountCreationBlock.tsx(29,24): error TS2607: JSX element class does not support attributes because it does not have a 'props' property.
static/src/javascripts/projects/common/modules/identity/upsell/account-creation/AccountCreationBlock.tsx(29,25): error TS2786: 'Block' cannot be used as a JSX component.
  Its instance type 'Block' is not a valid JSX element.
static/src/javascripts/projects/common/modules/identity/upsell/account-creation/AccountCreationCompleteConsentsFlow.tsx(19,10): error TS2339: Property 'setState' does not exist on type 'AccountCreationCompleteConsentsFlow'.
static/src/javascripts/projects/common/modules/identity/upsell/account-creation/AccountCreationCompleteConsentsFlow.tsx(25,18): error TS2339: Property 'state' does not exist on type 'AccountCreationCompleteConsentsFlow'.
static/src/javascripts/projects/common/modules/identity/upsell/account-creation/AccountCreationCompleteConsentsFlow.tsx(38,25): error TS2607: JSX element class does not support attributes because it does not have a 'props' property.
static/src/javascripts/projects/common/modules/identity/upsell/account-creation/AccountCreationCompleteConsentsFlow.tsx(38,26): error TS2786: 'AccountCreationForm' cannot be used as a JSX component.
  Its instance type 'AccountCreationForm' is not a valid JSX element.
    Type 'AccountCreationForm' is missing the following properties from type 'ElementClass': context, setState, forceUpdate, props, and 2 more.
static/src/javascripts/projects/common/modules/identity/upsell/account-creation/AccountCreationCompleteConsentsFlow.tsx(38,55): error TS2339: Property 'props' does not exist on type 'AccountCreationCompleteConsentsFlow'.
static/src/javascripts/projects/common/modules/identity/upsell/account-creation/AccountCreationCompleteConsentsFlow.tsx(47,17): error TS2607: JSX element class does not support attributes because it does not have a 'props' property.
static/src/javascripts/projects/common/modules/identity/upsell/account-creation/AccountCreationCompleteConsentsFlow.tsx(47,18): error TS2786: 'AccountCreationFeatures' cannot be used as a JSX component.
  Its instance type 'AccountCreationFeatures' is not a valid JSX element.
    Type 'AccountCreationFeatures' is missing the following properties from type 'ElementClass': context, setState, forceUpdate, props, and 2 more.
static/src/javascripts/projects/common/modules/identity/upsell/account-creation/AccountCreationCompleteConsentsFlow.tsx(47,58): error TS2339: Property 'props' does not exist on type 'AccountCreationCompleteConsentsFlow'.
static/src/javascripts/projects/common/modules/identity/upsell/account-creation/AccountCreationForm.tsx(23,10): error TS2339: Property 'setState' does not exist on type 'AccountCreationForm'.
static/src/javascripts/projects/common/modules/identity/upsell/account-creation/AccountCreationForm.tsx(30,10): error TS2339: Property 'setState' does not exist on type 'AccountCreationForm'.
static/src/javascripts/projects/common/modules/identity/upsell/account-creation/AccountCreationForm.tsx(39,25): error TS2339: Property 'props' does not exist on type 'AccountCreationForm'.
static/src/javascripts/projects/common/modules/identity/upsell/account-creation/AccountCreationForm.tsx(40,21): error TS2339: Property 'props' does not exist on type 'AccountCreationForm'.
static/src/javascripts/projects/common/modules/identity/upsell/account-creation/AccountCreationForm.tsx(41,24): error TS2339: Property 'state' does not exist on type 'AccountCreationForm'.
static/src/javascripts/projects/common/modules/identity/upsell/account-creation/AccountCreationForm.tsx(48,14): error TS2339: Property 'props' does not exist on type 'AccountCreationForm'.
static/src/javascripts/projects/common/modules/identity/upsell/account-creation/AccountCreationForm.tsx(56,16): error TS2339: Property 'setState' does not exist on type 'AccountCreationForm'.
static/src/javascripts/projects/common/modules/identity/upsell/account-creation/AccountCreationForm.tsx(60,16): error TS2339: Property 'setState' does not exist on type 'AccountCreationForm'.
static/src/javascripts/projects/common/modules/identity/upsell/account-creation/AccountCreationForm.tsx(64,14): error TS2339: Property 'setState' does not exist on type 'AccountCreationForm'.
static/src/javascripts/projects/common/modules/identity/upsell/account-creation/AccountCreationForm.tsx(73,10): error TS2339: Property 'setState' does not exist on type 'AccountCreationForm'.
static/src/javascripts/projects/common/modules/identity/upsell/account-creation/AccountCreationForm.tsx(80,14): error TS2339: Property 'state' does not exist on type 'AccountCreationForm'.
static/src/javascripts/projects/common/modules/identity/upsell/account-creation/AccountCreationForm.tsx(83,14): error TS2339: Property 'props' does not exist on type 'AccountCreationForm'.
static/src/javascripts/projects/common/modules/identity/upsell/account-creation/AccountCreationForm.tsx(84,18): error TS2322: Type '(ev: Event) => void' is not assignable to type '(event: FormEvent<HTMLFormElement>) => void'.
  Types of parameters 'ev' and 'event' are incompatible.
    Type 'FormEvent<HTMLFormElement>' is missing the following properties from type 'Event': cancelBubble, composed, returnValue, srcElement, and 7 more.
static/src/javascripts/projects/common/modules/identity/upsell/account-creation/AccountCreationForm.tsx(86,21): error TS2607: JSX element class does not support attributes because it does not have a 'props' property.
static/src/javascripts/projects/common/modules/identity/upsell/account-creation/AccountCreationForm.tsx(86,22): error TS2786: 'ErrorBar' cannot be used as a JSX component.
  Its instance type 'ErrorBar' is not a valid JSX element.
    Type 'ErrorBar' is missing the following properties from type 'ElementClass': context, setState, forceUpdate, props, and 2 more.
static/src/javascripts/projects/common/modules/identity/upsell/account-creation/AccountCreationForm.tsx(98,127): error TS2339: Property 'state' does not exist on type 'AccountCreationForm'.
static/src/javascripts/projects/common/modules/identity/upsell/account-creation/AccountCreationForm.tsx(98,162): error TS2322: Type '(ev: Event) => void' is not assignable to type '(event: ChangeEvent<HTMLInputElement>) => void'.
  Types of parameters 'ev' and 'event' are incompatible.
    Type 'ChangeEvent<HTMLInputElement>' is missing the following properties from type 'Event': cancelBubble, composed, returnValue, srcElement, and 7 more.
static/src/javascripts/projects/common/modules/identity/upsell/block/Block.tsx(25,14): error TS2339: Property 'props' does not exist on type 'Block'.
static/src/javascripts/projects/common/modules/identity/upsell/button/FollowButtonWrap.tsx(24,10): error TS2339: Property 'setState' does not exist on type 'FollowButtonWrap'.
static/src/javascripts/projects/common/modules/identity/upsell/button/FollowButtonWrap.tsx(30,10): error TS2339: Property 'setState' does not exist on type 'FollowButtonWrap'.
static/src/javascripts/projects/common/modules/identity/upsell/button/FollowButtonWrap.tsx(37,12): error TS2339: Property 'props' does not exist on type 'FollowButtonWrap'.
static/src/javascripts/projects/common/modules/identity/upsell/button/FollowButtonWrap.tsx(38,12): error TS2339: Property 'setState' does not exist on type 'FollowButtonWrap'.
static/src/javascripts/projects/common/modules/identity/upsell/button/FollowButtonWrap.tsx(42,12): error TS2339: Property 'props' does not exist on type 'FollowButtonWrap'.
static/src/javascripts/projects/common/modules/identity/upsell/button/FollowButtonWrap.tsx(50,14): error TS2339: Property 'props' does not exist on type 'FollowButtonWrap'.
static/src/javascripts/projects/common/modules/identity/upsell/button/FollowButtonWrap.tsx(53,14): error TS2339: Property 'state' does not exist on type 'FollowButtonWrap'.
static/src/javascripts/projects/common/modules/identity/upsell/checkbox/Checkbox.tsx(21,10): error TS2322: Type '{ checked: boolean; onChange: (ev: Event) => void; type: string; id: string; }' is not assignable to type 'DetailedHTMLProps<InputHTMLAttributes<HTMLInputElement>, HTMLInputElement>'.
  Type '{ checked: boolean; onChange: (ev: Event) => void; type: string; id: string; }' is not assignable to type 'InputHTMLAttributes<HTMLInputElement>'.
    Types of property 'onChange' are incompatible.
      Type '(ev: Event) => void' is not assignable to type '(event: ChangeEvent<HTMLInputElement>) => void'.
        Types of parameters 'ev' and 'event' are incompatible.
          Type 'ChangeEvent<HTMLInputElement>' is not assignable to type 'Event'.
static/src/javascripts/projects/common/modules/identity/upsell/consent-card/FollowCard.tsx(26,17): error TS2607: JSX element class does not support attributes because it does not have a 'props' property.
static/src/javascripts/projects/common/modules/identity/upsell/consent-card/FollowCard.tsx(26,18): error TS2786: 'FollowButtonWrap' cannot be used as a JSX component.
  Its instance type 'FollowButtonWrap' is not a valid JSX element.
    Type 'FollowButtonWrap' is missing the following properties from type 'ElementClass': context, setState, forceUpdate, props, and 2 more.
static/src/javascripts/projects/common/modules/identity/upsell/consent-card/FollowCardList.tsx(29,10): error TS2339: Property 'setState' does not exist on type 'FollowCardList'.
static/src/javascripts/projects/common/modules/identity/upsell/consent-card/FollowCardList.tsx(38,41): error TS2339: Property 'setState' does not exist on type 'FollowCardList'.
static/src/javascripts/projects/common/modules/identity/upsell/consent-card/FollowCardList.tsx(45,10): error TS2339: Property 'setState' does not exist on type 'FollowCardList'.
static/src/javascripts/projects/common/modules/identity/upsell/consent-card/FollowCardList.tsx(51,12): error TS2339: Property 'setState' does not exist on type 'FollowCardList'.
static/src/javascripts/projects/common/modules/identity/upsell/consent-card/FollowCardList.tsx(59,10): error TS2339: Property 'setState' does not exist on type 'FollowCardList'.
static/src/javascripts/projects/common/modules/identity/upsell/consent-card/FollowCardList.tsx(70,14): error TS2339: Property 'state' does not exist on type 'FollowCardList'.
static/src/javascripts/projects/common/modules/identity/upsell/consent-card/FollowCardList.tsx(73,14): error TS2339: Property 'props' does not exist on type 'FollowCardList'.
static/src/javascripts/projects/common/modules/identity/upsell/consent-card/FollowCardList.tsx(81,17): error TS2607: JSX element class does not support attributes because it does not have a 'props' property.
static/src/javascripts/projects/common/modules/identity/upsell/consent-card/FollowCardList.tsx(81,18): error TS2786: 'ErrorBar' cannot be used as a JSX component.
  Its instance type 'ErrorBar' is not a valid JSX element.
static/src/javascripts/projects/common/modules/identity/upsell/error-bar/ErrorBar.tsx(20,14): error TS2339: Property 'props' does not exist on type 'ErrorBar'.
static/src/javascripts/projects/common/modules/identity/upsell/error-bar/ErrorBar.tsx(21,26): error TS2339: Property 'props' does not exist on type 'ErrorBar'.
static/src/javascripts/projects/common/modules/identity/upsell/opt-outs/OptOutsList.tsx(19,10): error TS2339: Property 'state' does not exist on type 'OptOutsList'.
static/src/javascripts/projects/common/modules/identity/upsell/opt-outs/OptOutsList.tsx(30,12): error TS2339: Property 'setState' does not exist on type 'OptOutsList'.
static/src/javascripts/projects/common/modules/identity/upsell/opt-outs/OptOutsList.tsx(37,10): error TS2339: Property 'setState' does not exist on type 'OptOutsList'.
static/src/javascripts/projects/common/modules/identity/upsell/opt-outs/OptOutsList.tsx(45,10): error TS2339: Property 'setState' does not exist on type 'OptOutsList'.
static/src/javascripts/projects/common/modules/identity/upsell/opt-outs/OptOutsList.tsx(49,27): error TS2339: Property 'state' does not exist on type 'OptOutsList'.
static/src/javascripts/projects/common/modules/identity/upsell/opt-outs/OptOutsList.tsx(50,12): error TS2339: Property 'setState' does not exist on type 'OptOutsList'.
static/src/javascripts/projects/common/modules/identity/upsell/opt-outs/OptOutsList.tsx(55,12): error TS2339: Property 'setState' does not exist on type 'OptOutsList'.
static/src/javascripts/projects/common/modules/identity/upsell/opt-outs/OptOutsList.tsx(63,10): error TS2339: Property 'setState' does not exist on type 'OptOutsList'.
static/src/javascripts/projects/common/modules/identity/upsell/opt-outs/OptOutsList.tsx(75,14): error TS2339: Property 'state' does not exist on type 'OptOutsList'.
static/src/javascripts/projects/common/modules/identity/upsell/opt-outs/OptOutsList.tsx(79,61): error TS2345: Argument of type 'FormEvent<HTMLFormElement>' is not assignable to parameter of type 'Event'.
static/src/javascripts/projects/common/modules/identity/upsell/opt-outs/OptOutsList.tsx(81,33): error TS2607: JSX element class does not support attributes because it does not have a 'props' property.
static/src/javascripts/projects/common/modules/identity/upsell/opt-outs/OptOutsList.tsx(81,34): error TS2786: 'ErrorBar' cannot be used as a JSX component.
  Its instance type 'ErrorBar' is not a valid JSX element.
static/src/javascripts/projects/common/modules/identity/upsell/opt-outs/OptOutsList.tsx(86,53): error TS2339: Property 'checked' does not exist on type 'EventTarget'.
static/src/javascripts/projects/common/modules/identity/upsell/page/ConfirmEmailPage.tsx(23,19): error TS2607: JSX element class does not support attributes because it does not have a 'props' property.
static/src/javascripts/projects/common/modules/identity/upsell/page/ConfirmEmailPage.tsx(23,20): error TS2786: 'AccountCreationBlock' cannot be used as a JSX component.
  Its instance type 'AccountCreationBlock' is not a valid JSX element.
    Type 'AccountCreationBlock' is missing the following properties from type 'ElementClass': context, setState, forceUpdate, props, and 2 more.
static/src/javascripts/projects/common/modules/identity/upsell/page/NewsLetterSignUps.tsx(7,57): error TS2607: JSX element class does not support attributes because it does not have a 'props' property.
static/src/javascripts/projects/common/modules/identity/upsell/page/NewsLetterSignUps.tsx(7,58): error TS2786: 'Block' cannot be used as a JSX component.
  Its instance type 'Block' is not a valid JSX element.
    Type 'Block' is missing the following properties from type 'ElementClass': context, setState, forceUpdate, props, and 2 more.
static/src/javascripts/projects/common/modules/identity/upsell/page/NewsLetterSignUps.tsx(8,9): error TS2607: JSX element class does not support attributes because it does not have a 'props' property.
static/src/javascripts/projects/common/modules/identity/upsell/page/NewsLetterSignUps.tsx(8,10): error TS2786: 'FollowCardList' cannot be used as a JSX component.
  Its instance type 'FollowCardList' is not a valid JSX element.
    Type 'FollowCardList' is missing the following properties from type 'ElementClass': context, setState, forceUpdate, props, and 2 more.
static/src/javascripts/projects/common/modules/identity/upsell/page/OptOuts.tsx(7,47): error TS2607: JSX element class does not support attributes because it does not have a 'props' property.
static/src/javascripts/projects/common/modules/identity/upsell/page/OptOuts.tsx(7,48): error TS2786: 'Block' cannot be used as a JSX component.
  Its instance type 'Block' is not a valid JSX element.
static/src/javascripts/projects/common/modules/identity/upsell/page/OptOuts.tsx(10,10): error TS2786: 'OptOutsList' cannot be used as a JSX component.
  Its instance type 'OptOutsList' is not a valid JSX element.
    Type 'OptOutsList' is missing the following properties from type 'ElementClass': context, setState, forceUpdate, props, and 2 more.
static/src/javascripts/projects/common/modules/identity/upsell/page/StatefulConfirmEmailPage.tsx(25,10): error TS2339: Property 'setState' does not exist on type 'StatefulConfirmEmailPage'.
static/src/javascripts/projects/common/modules/identity/upsell/page/StatefulConfirmEmailPage.tsx(30,42): error TS2339: Property 'setState' does not exist on type 'StatefulConfirmEmailPage'.
static/src/javascripts/projects/common/modules/identity/upsell/page/StatefulConfirmEmailPage.tsx(34,46): error TS2339: Property 'props' does not exist on type 'StatefulConfirmEmailPage'.
static/src/javascripts/projects/common/modules/identity/upsell/page/StatefulConfirmEmailPage.tsx(34,82): error TS2339: Property 'props' does not exist on type 'StatefulConfirmEmailPage'.
static/src/javascripts/projects/common/modules/identity/upsell/page/StatefulConfirmEmailPage.tsx(34,114): error TS2339: Property 'props' does not exist on type 'StatefulConfirmEmailPage'.
static/src/javascripts/projects/common/modules/identity/upsell/page/StatefulConfirmEmailPage.tsx(34,145): error TS2339: Property 'props' does not exist on type 'StatefulConfirmEmailPage'.
static/src/javascripts/projects/common/modules/identity/upsell/page/StatefulConfirmEmailPage.tsx(34,185): error TS2339: Property 'props' does not exist on type 'StatefulConfirmEmailPage'.
static/src/javascripts/projects/common/modules/identity/upsell/page/StatefulConfirmEmailPage.tsx(34,228): error TS2339: Property 'state' does not exist on type 'StatefulConfirmEmailPage'.
static/src/javascripts/projects/common/modules/identity/upsell/store/consents.ts(53,24): error TS2769: No overload matches this call.
  The last overload gave the following error.
    Argument of type '(true | Promise<void>)[]' is not assignable to parameter of type 'Iterable<void | PromiseLike<void>>'.
      The types returned by '[Symbol.iterator]().next(...)' are incompatible between these types.
        Type 'IteratorResult<true | Promise<void>, any>' is not assignable to type 'IteratorResult<void | PromiseLike<void>, any>'.
          Type 'IteratorYieldResult<true | Promise<void>>' is not assignable to type 'IteratorResult<void | PromiseLike<void>, any>'.
            Type 'IteratorYieldResult<true | Promise<void>>' is not assignable to type 'IteratorYieldResult<void | PromiseLike<void>>'.
              Type 'true | Promise<void>' is not assignable to type 'void | PromiseLike<void>'.
                Type 'boolean' is not assignable to type 'void | PromiseLike<void>'.
static/src/javascripts/projects/common/modules/identity/upsell/store/types.ts(28,8): error TS1093: Type annotation cannot appear on a constructor declaration.
static/src/javascripts/projects/common/modules/identity/upsell/store/types.ts(44,15): error TS2556: Expected 2 arguments, but got 0 or more.
static/src/javascripts/projects/common/modules/identity/upsell/store/types.ts(59,15): error TS2556: Expected 2 arguments, but got 0 or more.
static/src/javascripts/projects/common/modules/identity/upsell/upsell.tsx(21,12): error TS2607: JSX element class does not support attributes because it does not have a 'props' property.
static/src/javascripts/projects/common/modules/identity/upsell/upsell.tsx(21,13): error TS2786: 'AccountCreationCompleteConsentsFlow' cannot be used as a JSX component.
  Its instance type 'AccountCreationCompleteConsentsFlow' is not a valid JSX element.
    Type 'AccountCreationCompleteConsentsFlow' is missing the following properties from type 'ElementClass': context, setState, forceUpdate, props, and 2 more.
static/src/javascripts/projects/common/modules/identity/upsell/upsell.tsx(43,12): error TS2607: JSX element class does not support attributes because it does not have a 'props' property.
static/src/javascripts/projects/common/modules/identity/upsell/upsell.tsx(43,13): error TS2786: 'StatefulConfirmEmailPage' cannot be used as a JSX component.
  Its instance type 'StatefulConfirmEmailPage' is not a valid JSX element.
    Type 'StatefulConfirmEmailPage' is missing the following properties from type 'ElementClass': context, setState, forceUpdate, props, and 2 more.
static/src/javascripts/projects/common/modules/navigation/new-header.ts(24,5): error TS2740: Type 'Element' is missing the following properties from type 'HTMLElement': accessKey, accessKeyLabel, autocapitalize, dir, and 107 more.
static/src/javascripts/projects/common/modules/navigation/new-header.ts(30,5): error TS2322: Type 'Element' is not assignable to type 'HTMLElement'.
static/src/javascripts/projects/common/modules/navigation/new-header.ts(50,30): error TS2345: Argument of type 'Element' is not assignable to parameter of type 'HTMLElement'.
static/src/javascripts/projects/common/modules/navigation/new-header.ts(62,17): error TS2339: Property 'scrollIntoView' does not exist on type 'Object'.
static/src/javascripts/projects/common/modules/navigation/new-header.ts(124,22): error TS2339: Property 'style' does not exist on type 'Element'.
static/src/javascripts/projects/common/modules/navigation/new-header.ts(132,26): error TS2339: Property 'focus' does not exist on type 'Element'.
static/src/javascripts/projects/common/modules/navigation/new-header.ts(204,57): error TS2345: Argument of type '(clickSpec: any) => void' is not assignable to parameter of type '() => void'.
static/src/javascripts/projects/common/modules/navigation/new-header.ts(287,57): error TS2345: Argument of type '(clickSpec: any) => void' is not assignable to parameter of type '() => void'.
static/src/javascripts/projects/common/modules/navigation/new-header.ts(497,13): error TS2345: Argument of type '(els: {    moreButton: HTMLElement | null | undefined;    lastChildRect: ClientRect;    subnavRect: ClientRect;}) => void' is not assignable to parameter of type '(value: { moreButton: Element; lastChildRect: DOMRect; subnavRect: DOMRect; }) => void | PromiseLike<void>'.
  Types of parameters 'els' and 'value' are incompatible.
    Type '{ moreButton: Element; lastChildRect: DOMRect; subnavRect: DOMRect; }' is not assignable to type '{ moreButton: HTMLElement; lastChildRect: ClientRect; subnavRect: ClientRect; }'.
      Types of property 'moreButton' are incompatible.
        Type 'Element' is not assignable to type 'HTMLElement'.
static/src/javascripts/projects/common/modules/navigation/new-header.ts(575,34): error TS2345: Argument of type 'Element' is not assignable to parameter of type 'HTMLElement'.
static/src/javascripts/projects/common/modules/navigation/profile.ts(23,35): error TS1093: Type annotation cannot appear on a constructor declaration.
static/src/javascripts/projects/common/modules/navigation/profile.ts(33,13): error TS2322: Type 'Element' is not assignable to type 'HTMLElement'.
static/src/javascripts/projects/common/modules/navigation/profile.ts(38,17): error TS2322: Type 'Element' is not assignable to type 'HTMLElement'.
static/src/javascripts/projects/common/modules/navigation/profile.ts(45,13): error TS2322: Type 'Element' is not assignable to type 'HTMLElement'.
static/src/javascripts/projects/common/modules/navigation/profile.ts(51,13): error TS2322: Type 'Element' is not assignable to type 'HTMLElement'.
static/src/javascripts/projects/common/modules/navigation/profile.ts(57,13): error TS2322: Type 'Element' is not assignable to type 'HTMLElement'.
static/src/javascripts/projects/common/modules/navigation/search.ts(12,20): error TS1093: Type annotation cannot appear on a constructor declaration.
static/src/javascripts/projects/common/modules/navigation/search.ts(67,52): error TS2339: Property 'focus' does not exist on type 'Element'.
static/src/javascripts/projects/common/modules/navigation/search.ts(129,51): error TS2339: Property 'focus' does not exist on type 'Element'.
static/src/javascripts/projects/common/modules/navigation/search.ts(142,47): error TS2345: Argument of type 'Element' is not assignable to parameter of type 'HTMLElement'.
static/src/javascripts/projects/common/modules/navigation/search.ts(202,52): error TS2345: Argument of type 'Window & typeof globalThis' is not assignable to parameter of type 'string | Node'.
  Type 'Window & typeof globalThis' is missing the following properties from type 'Node': baseURI, childNodes, firstChild, isConnected, and 44 more.
static/src/javascripts/projects/common/modules/onward/breaking-news.spec.ts(90,30): error TS2349: This expression is not callable.
  Type '{ ensure(ids: string[], callback?: {}, chunkName?: string): void; resolve: (id: string) => string; cache: any; main: NodeModule; }' has no call signatures.
static/src/javascripts/projects/common/modules/onward/breaking-news.spec.ts(92,22): error TS2349: This expression is not callable.
  Type '{ ensure(ids: string[], callback?: {}, chunkName?: string): void; resolve: (id: string) => string; cache: any; main: NodeModule; }' has no call signatures.
static/src/javascripts/projects/common/modules/onward/breaking-news.spec.ts(93,22): error TS2349: This expression is not callable.
  Type '{ ensure(ids: string[], callback?: {}, chunkName?: string): void; resolve: (id: string) => string; cache: any; main: NodeModule; }' has no call signatures.
static/src/javascripts/projects/common/modules/onward/breaking-news.spec.ts(94,28): error TS2349: This expression is not callable.
  Type '{ ensure(ids: string[], callback?: {}, chunkName?: string): void; resolve: (id: string) => string; cache: any; main: NodeModule; }' has no call signatures.
static/src/javascripts/projects/common/modules/onward/breaking-news.spec.ts(95,34): error TS2349: This expression is not callable.
  Type '{ ensure(ids: string[], callback?: {}, chunkName?: string): void; resolve: (id: string) => string; cache: any; main: NodeModule; }' has no call signatures.
static/src/javascripts/projects/common/modules/onward/breaking-news.spec.ts(97,27): error TS2349: This expression is not callable.
  Type '{ ensure(ids: string[], callback?: {}, chunkName?: string): void; resolve: (id: string) => string; cache: any; main: NodeModule; }' has no call signatures.
static/src/javascripts/projects/common/modules/onward/breaking-news.spec.ts(297,24): error TS2339: Property 'mockClear' does not exist on type 'typeof setTimeout'.
static/src/javascripts/projects/common/modules/onward/breaking-news.spec.ts(343,39): error TS2339: Property 'mock' does not exist on type 'typeof setTimeout'.
static/src/javascripts/projects/common/modules/onward/breaking-news.spec.ts(399,39): error TS2339: Property 'mock' does not exist on type 'typeof setTimeout'.
static/src/javascripts/projects/common/modules/onward/breaking-news.spec.ts(489,39): error TS2339: Property 'mock' does not exist on type 'typeof setTimeout'.
static/src/javascripts/projects/common/modules/onward/breaking-news.spec.ts(578,39): error TS2339: Property 'mock' does not exist on type 'typeof setTimeout'.
static/src/javascripts/projects/common/modules/onward/breaking-news.ts(78,15): error TS2339: Property 'collections' does not exist on type 'Object'.
static/src/javascripts/projects/common/modules/onward/breaking-news.ts(92,27): error TS2339: Property 'edition' does not exist on type 'unknown'.
static/src/javascripts/projects/common/modules/onward/breaking-news.ts(93,44): error TS2339: Property 'section' does not exist on type 'unknown'.
static/src/javascripts/projects/common/modules/onward/breaking-news.ts(95,5): error TS2322: Type 'string[]' is not assignable to type 'Alert[]'.
  Type 'string' is not assignable to type 'Alert'.
static/src/javascripts/projects/common/modules/onward/breaking-news.ts(112,24): error TS2339: Property 'pageId' does not exist on type 'unknown'.
static/src/javascripts/projects/common/modules/onward/geo-most-popular.ts(22,20): error TS1093: Type annotation cannot appear on a constructor declaration.
static/src/javascripts/projects/common/modules/onward/history.spec.ts(101,31): error TS2339: Property 'mockImplementation' does not exist on type '(key: string) => any'.
static/src/javascripts/projects/common/modules/onward/history.spec.ts(116,31): error TS2339: Property 'mockImplementation' does not exist on type '(key: string, value: unknown, expires?: string | number | Date) => void'.
static/src/javascripts/projects/common/modules/onward/history.spec.ts(179,31): error TS2339: Property 'tags' does not exist on type 'Object'.
static/src/javascripts/projects/common/modules/onward/history.spec.ts(180,31): error TS2339: Property 'tags' does not exist on type 'Object'.
static/src/javascripts/projects/common/modules/onward/history.spec.ts(184,31): error TS2339: Property 'tags' does not exist on type 'Object'.
static/src/javascripts/projects/common/modules/onward/history.spec.ts(185,31): error TS2339: Property 'tags' does not exist on type 'Object'.
static/src/javascripts/projects/common/modules/onward/history.spec.ts(186,31): error TS2339: Property 'tags' does not exist on type 'Object'.
static/src/javascripts/projects/common/modules/onward/history.spec.ts(188,31): error TS2339: Property 'tags' does not exist on type 'Object'.
static/src/javascripts/projects/common/modules/onward/history.spec.ts(191,31): error TS2339: Property 'tags' does not exist on type 'Object'.
static/src/javascripts/projects/common/modules/onward/history.spec.ts(193,31): error TS2339: Property 'tags' does not exist on type 'Object'.
static/src/javascripts/projects/common/modules/onward/history.spec.ts(196,31): error TS2339: Property 'tags' does not exist on type 'Object'.
static/src/javascripts/projects/common/modules/onward/history.spec.ts(199,31): error TS2339: Property 'tags' does not exist on type 'Object'.
static/src/javascripts/projects/common/modules/onward/history.spec.ts(205,31): error TS2339: Property 'tags' does not exist on type 'Object'.
static/src/javascripts/projects/common/modules/onward/history.spec.ts(206,31): error TS2339: Property 'tags' does not exist on type 'Object'.
static/src/javascripts/projects/common/modules/onward/history.spec.ts(216,16): error TS2339: Property 'tags' does not exist on type 'Object'.
static/src/javascripts/projects/common/modules/onward/history.spec.ts(223,16): error TS2339: Property 'tags' does not exist on type 'Object'.
static/src/javascripts/projects/common/modules/onward/history.spec.ts(234,16): error TS2339: Property 'tags' does not exist on type 'Object'.
static/src/javascripts/projects/common/modules/onward/history.spec.ts(249,16): error TS2554: Expected 1 arguments, but got 0.
static/src/javascripts/projects/common/modules/onward/history.spec.ts(251,16): error TS2554: Expected 1 arguments, but got 0.
static/src/javascripts/projects/common/modules/onward/history.spec.ts(265,16): error TS2554: Expected 1 arguments, but got 0.
static/src/javascripts/projects/common/modules/onward/history.spec.ts(267,16): error TS2554: Expected 1 arguments, but got 0.
static/src/javascripts/projects/common/modules/onward/history.ts(104,36): error TS2339: Property 'tags' does not exist on type 'object'.
static/src/javascripts/projects/common/modules/onward/history.ts(105,33): error TS2339: Property 'periodEnd' does not exist on type 'object'.
static/src/javascripts/projects/common/modules/onward/history.ts(119,38): error TS2339: Property 'tags' does not exist on type 'Object'.
static/src/javascripts/projects/common/modules/onward/history.ts(155,20): error TS2339: Property 'tags' does not exist on type 'Object'.
static/src/javascripts/projects/common/modules/onward/history.ts(166,41): error TS2339: Property 'periodEnd' does not exist on type 'Object'.
static/src/javascripts/projects/common/modules/onward/history.ts(169,17): error TS2339: Property 'periodEnd' does not exist on type 'Object'.
static/src/javascripts/projects/common/modules/onward/history.ts(171,29): error TS2339: Property 'tags' does not exist on type 'Object'.
static/src/javascripts/projects/common/modules/onward/history.ts(172,36): error TS2339: Property 'tags' does not exist on type 'Object'.
static/src/javascripts/projects/common/modules/onward/history.ts(196,25): error TS2339: Property 'tags' does not exist on type 'Object'.
static/src/javascripts/projects/common/modules/onward/history.ts(198,32): error TS2339: Property 'tags' does not exist on type 'Object'.
static/src/javascripts/projects/common/modules/onward/history.ts(221,31): error TS2339: Property 'tags' does not exist on type 'Object'.
static/src/javascripts/projects/common/modules/onward/history.ts(231,12): error TS2339: Property 'whitelist' does not exist on type '{ constructor: Function; toString(): string; toLocaleString(): string; valueOf(): Object; hasOwnProperty(v: string | number | symbol): boolean; isPrototypeOf(v: Object): boolean; propertyIsEnumerable(v: string | ... 1 more ... | symbol): boolean; number: number; weights: {}; thresholds: {}; }'.
static/src/javascripts/projects/common/modules/onward/history.ts(232,40): error TS2339: Property 'whitelist' does not exist on type '{ constructor: Function; toString(): string; toLocaleString(): string; valueOf(): Object; hasOwnProperty(v: string | number | symbol): boolean; isPrototypeOf(v: Object): boolean; propertyIsEnumerable(v: string | ... 1 more ... | symbol): boolean; number: number; weights: {}; thresholds: {}; }'.
static/src/javascripts/projects/common/modules/onward/history.ts(235,12): error TS2339: Property 'blacklist' does not exist on type '{ constructor: Function; toString(): string; toLocaleString(): string; valueOf(): Object; hasOwnProperty(v: string | number | symbol): boolean; isPrototypeOf(v: Object): boolean; propertyIsEnumerable(v: string | ... 1 more ... | symbol): boolean; number: number; weights: {}; thresholds: {}; }'.
static/src/javascripts/projects/common/modules/onward/history.ts(236,41): error TS2339: Property 'blacklist' does not exist on type '{ constructor: Function; toString(): string; toLocaleString(): string; valueOf(): Object; hasOwnProperty(v: string | number | symbol): boolean; isPrototypeOf(v: Object): boolean; propertyIsEnumerable(v: string | ... 1 more ... | symbol): boolean; number: number; weights: {}; thresholds: {}; }'.
static/src/javascripts/projects/common/modules/onward/history.ts(267,31): error TS2339: Property 'tags' does not exist on type 'Object'.
static/src/javascripts/projects/common/modules/onward/history.ts(314,32): error TS2339: Property 'flush' does not exist on type 'Object'.
static/src/javascripts/projects/common/modules/onward/history.ts(345,13): error TS2339: Property 'pageId' does not exist on type 'Object'.
static/src/javascripts/projects/common/modules/onward/history.ts(349,21): error TS2339: Property 'isFront' does not exist on type 'Object'.
static/src/javascripts/projects/common/modules/onward/history.ts(366,42): error TS2339: Property 'pageId' does not exist on type 'Object'.
static/src/javascripts/projects/common/modules/onward/history.ts(382,32): error TS2339: Property 'tags' does not exist on type 'Object'.
static/src/javascripts/projects/common/modules/onward/history.ts(399,17): error TS2339: Property 'tags' does not exist on type 'Object'.
static/src/javascripts/projects/common/modules/onward/history.ts(430,22): error TS2339: Property 'showInMegaNav' does not exist on type 'Object'.
static/src/javascripts/projects/common/modules/onward/history.ts(456,18): error TS2339: Property 'showInMegaNav' does not exist on type 'Object'.
static/src/javascripts/projects/common/modules/onward/history.ts(461,13): error TS2339: Property 'showInMegaNav' does not exist on type 'Object'.
static/src/javascripts/projects/common/modules/onward/history.ts(463,17): error TS2339: Property 'showInMegaNav' does not exist on type 'Object'.
static/src/javascripts/projects/common/modules/onward/history.ts(474,21): error TS2339: Property 'isFront' does not exist on type 'Object'.
static/src/javascripts/projects/common/modules/onward/history.ts(501,21): error TS2339: Property 'isFront' does not exist on type 'Object'.
static/src/javascripts/projects/common/modules/onward/onward-content.spec.ts(11,24): error TS2345: Argument of type 'unknown' is not assignable to parameter of type 'string | number | boolean'.
  Type 'unknown' is not assignable to type 'true'.
static/src/javascripts/projects/common/modules/onward/onward-content.spec.ts(15,16): error TS2339: Property 'page' does not exist on type '{ get: (path?: string, defaultValue?: unknown) => unknown; set: (path: string, value: any) => void; hasTone: (name: string) => boolean; hasSeries: (name: string) => boolean; referencesOfType: (name: string) => string[]; referenceOfType: (name: string) => string; webPublicationDateAsUrlPart: () => string; dateFromSlu...'.
static/src/javascripts/projects/common/modules/onward/onward-content.spec.ts(29,16): error TS2339: Property 'page' does not exist on type '{ get: (path?: string, defaultValue?: unknown) => unknown; set: (path: string, value: any) => void; hasTone: (name: string) => boolean; hasSeries: (name: string) => boolean; referencesOfType: (name: string) => string[]; referenceOfType: (name: string) => string; webPublicationDateAsUrlPart: () => string; dateFromSlu...'.
static/src/javascripts/projects/common/modules/onward/onward-content.spec.ts(42,46): error TS2345: Argument of type 'Element' is not assignable to parameter of type 'HTMLElement'.
static/src/javascripts/projects/common/modules/onward/onward-content.spec.ts(51,16): error TS2339: Property 'page' does not exist on type '{ get: (path?: string, defaultValue?: unknown) => unknown; set: (path: string, value: any) => void; hasTone: (name: string) => boolean; hasSeries: (name: string) => boolean; referencesOfType: (name: string) => string[]; referenceOfType: (name: string) => string; webPublicationDateAsUrlPart: () => string; dateFromSlu...'.
static/src/javascripts/projects/common/modules/onward/onward-content.spec.ts(64,46): error TS2345: Argument of type 'Element' is not assignable to parameter of type 'HTMLElement'.
static/src/javascripts/projects/common/modules/onward/onward-content.ts(8,52): error TS2339: Property 'split' does not exist on type 'unknown'.
static/src/javascripts/projects/common/modules/onward/onward-content.ts(9,43): error TS2339: Property 'split' does not exist on type 'unknown'.
static/src/javascripts/projects/common/modules/onward/onward-content.ts(14,24): error TS2345: Argument of type 'unknown' is not assignable to parameter of type 'string | number | boolean'.
  Type 'unknown' is not assignable to type 'true'.
static/src/javascripts/projects/common/modules/onward/onward-content.ts(17,40): error TS1093: Type annotation cannot appear on a constructor declaration.
static/src/javascripts/projects/common/modules/onward/popular.spec.ts(9,16): error TS2339: Property 'page' does not exist on type '{ get: (path?: string, defaultValue?: unknown) => unknown; set: (path: string, value: any) => void; hasTone: (name: string) => boolean; hasSeries: (name: string) => boolean; referencesOfType: (name: string) => string[]; referenceOfType: (name: string) => string; webPublicationDateAsUrlPart: () => string; dateFromSlu...'.
static/src/javascripts/projects/common/modules/onward/popular.spec.ts(12,60): error TS2339: Property 'page' does not exist on type '{ get: (path?: string, defaultValue?: unknown) => unknown; set: (path: string, value: any) => void; hasTone: (name: string) => boolean; hasSeries: (name: string) => boolean; referencesOfType: (name: string) => string[]; referenceOfType: (name: string) => string; webPublicationDateAsUrlPart: () => string; dateFromSlu...'.
static/src/javascripts/projects/common/modules/onward/popular.spec.ts(16,16): error TS2339: Property 'page' does not exist on type '{ get: (path?: string, defaultValue?: unknown) => unknown; set: (path: string, value: any) => void; hasTone: (name: string) => boolean; hasSeries: (name: string) => boolean; referencesOfType: (name: string) => string[]; referenceOfType: (name: string) => string; webPublicationDateAsUrlPart: () => string; dateFromSlu...'.
static/src/javascripts/projects/common/modules/onward/popular.ts(7,20): error TS1093: Type annotation cannot appear on a constructor declaration.
static/src/javascripts/projects/common/modules/onward/popular.ts(17,61): error TS2345: Argument of type 'unknown' is not assignable to parameter of type 'string'.
static/src/javascripts/projects/common/modules/onward/related.spec.ts(18,22): error TS2349: This expression is not callable.
  Type '{ ensure(ids: string[], callback?: {}, chunkName?: string): void; resolve: (id: string) => string; cache: any; main: NodeModule; }' has no call signatures.
static/src/javascripts/projects/common/modules/onward/related.spec.ts(29,16): error TS2339: Property 'page' does not exist on type '{ get: (path?: string, defaultValue?: unknown) => unknown; set: (path: string, value: any) => void; hasTone: (name: string) => boolean; hasSeries: (name: string) => boolean; referencesOfType: (name: string) => string[]; referenceOfType: (name: string) => string; webPublicationDateAsUrlPart: () => string; dateFromSlu...'.
static/src/javascripts/projects/common/modules/onward/related.spec.ts(33,16): error TS2339: Property 'switches' does not exist on type '{ get: (path?: string, defaultValue?: unknown) => unknown; set: (path: string, value: any) => void; hasTone: (name: string) => boolean; hasSeries: (name: string) => boolean; referencesOfType: (name: string) => string[]; referenceOfType: (name: string) => string; webPublicationDateAsUrlPart: () => string; dateFromSlu...'.
static/src/javascripts/projects/common/modules/onward/related.spec.ts(52,16): error TS2339: Property 'switches' does not exist on type '{ get: (path?: string, defaultValue?: unknown) => unknown; set: (path: string, value: any) => void; hasTone: (name: string) => boolean; hasSeries: (name: string) => boolean; referencesOfType: (name: string) => string[]; referenceOfType: (name: string) => string; webPublicationDateAsUrlPart: () => string; dateFromSlu...'.
static/src/javascripts/projects/common/modules/onward/related.spec.ts(62,16): error TS2339: Property 'page' does not exist on type '{ get: (path?: string, defaultValue?: unknown) => unknown; set: (path: string, value: any) => void; hasTone: (name: string) => boolean; hasSeries: (name: string) => boolean; referencesOfType: (name: string) => string[]; referenceOfType: (name: string) => string; webPublicationDateAsUrlPart: () => string; dateFromSlu...'.
static/src/javascripts/projects/common/modules/onward/related.spec.ts(71,16): error TS2339: Property 'page' does not exist on type '{ get: (path?: string, defaultValue?: unknown) => unknown; set: (path: string, value: any) => void; hasTone: (name: string) => boolean; hasSeries: (name: string) => boolean; referencesOfType: (name: string) => string[]; referenceOfType: (name: string) => string; webPublicationDateAsUrlPart: () => string; dateFromSlu...'.
static/src/javascripts/projects/common/modules/onward/related.ts(56,56): error TS2339: Property 'split' does not exist on type 'unknown'.
static/src/javascripts/projects/common/modules/onward/related.ts(80,29): error TS2345: Argument of type 'Element' is not assignable to parameter of type 'HTMLElement'.
static/src/javascripts/projects/common/modules/onward/related.ts(100,38): error TS2339: Property 'excludeTags' does not exist on type 'Object'.
static/src/javascripts/projects/common/modules/onward/related.ts(104,22): error TS2339: Property 'excludeTags' does not exist on type 'Object'.
static/src/javascripts/projects/common/modules/onward/related.ts(104,42): error TS2339: Property 'excludeTags' does not exist on type 'Object'.
static/src/javascripts/projects/common/modules/onward/related.ts(121,41): error TS2345: Argument of type 'Element' is not assignable to parameter of type 'HTMLElement'.
static/src/javascripts/projects/common/modules/onward/tonal.ts(23,45): error TS2339: Property 'split' does not exist on type 'unknown'.
static/src/javascripts/projects/common/modules/onward/tonal.ts(35,20): error TS1093: Type annotation cannot appear on a constructor declaration.
static/src/javascripts/projects/common/modules/onward/tonal.ts(40,55): error TS2339: Property 'toLowerCase' does not exist on type 'unknown'.
static/src/javascripts/projects/common/modules/social/share-count.ts(69,16): error TS2339: Property 'facebook' does not exist on type 'Object'.
static/src/javascripts/projects/common/modules/spacefinder.spec.ts(44,55): error TS2339: Property 'opponent' does not exist on type 'Object'.
static/src/javascripts/projects/common/modules/spacefinder.spec.ts(45,23): error TS2339: Property 'expectedResult' does not exist on type 'Object'.
static/src/javascripts/projects/common/modules/spacefinder.spec.ts(53,37): error TS2339: Property 'opponent' does not exist on type 'Object'.
static/src/javascripts/projects/common/modules/spacefinder.spec.ts(60,49): error TS2339: Property 'opponent' does not exist on type 'Object'.
static/src/javascripts/projects/common/modules/spacefinder.ts(304,21): error TS2345: Argument of type '(resolve: () => void) => void' is not assignable to parameter of type '(resolve: (value: unknown) => void, reject: (reason?: any) => void) => void'.
  Types of parameters 'resolve' and 'resolve' are incompatible.
static/src/javascripts/projects/common/modules/spacefinder.ts(305,21): error TS2769: No overload matches this call.
  The last overload gave the following error.
    Argument of type '(boolean | Promise<void>)[]' is not assignable to parameter of type 'Iterable<void | PromiseLike<void>>'.
      The types returned by '[Symbol.iterator]().next(...)' are incompatible between these types.
        Type 'IteratorResult<boolean | Promise<void>, any>' is not assignable to type 'IteratorResult<void | PromiseLike<void>, any>'.
          Type 'IteratorYieldResult<boolean | Promise<void>>' is not assignable to type 'IteratorResult<void | PromiseLike<void>, any>'.
            Type 'IteratorYieldResult<boolean | Promise<void>>' is not assignable to type 'IteratorYieldResult<void | PromiseLike<void>>'.
              Type 'boolean | Promise<void>' is not assignable to type 'void | PromiseLike<void>'.
                Type 'boolean' is not assignable to type 'void | PromiseLike<void>'.
static/src/javascripts/projects/common/modules/sport/football/match-info.ts(4,54): error TS1093: Type annotation cannot appear on a constructor declaration.
static/src/javascripts/projects/common/modules/sport/football/match-info.ts(6,28): error TS2339: Property 'id' does not exist on type 'Object'.
static/src/javascripts/projects/common/modules/sport/football/match-info.ts(6,41): error TS2339: Property 'date' does not exist on type 'Object'.
static/src/javascripts/projects/common/modules/sport/football/match-info.ts(6,60): error TS2339: Property 'teams' does not exist on type 'Object'.
static/src/javascripts/projects/common/modules/sport/football/match-list-live.ts(10,8): error TS1093: Type annotation cannot appear on a constructor declaration.
static/src/javascripts/projects/common/modules/sport/score-board.ts(19,46): error TS2339: Property 'loadingState' does not exist on type 'Object'.
static/src/javascripts/projects/common/modules/sport/score-board.ts(27,46): error TS1093: Type annotation cannot appear on a constructor declaration.
static/src/javascripts/projects/common/modules/sport/score-board.ts(65,14): error TS2554: Expected 2 arguments, but got 1.
static/src/javascripts/projects/common/modules/ui/autoupdate.ts(181,21): error TS2554: Expected 4 arguments, but got 3.
static/src/javascripts/projects/common/modules/ui/bannerPicker.spec.ts(227,36): error TS2345: Argument of type '{ id: string; canShow: () => Promise<unknown>; show: Mock<any, any>; }[]' is not assignable to parameter of type 'Banner[]'.
  Type '{ id: string; canShow: () => Promise<unknown>; show: jest.Mock<any, any>; }' is not assignable to type 'Banner'.
    The types returned by 'canShow()' are incompatible between these types.
      Type 'Promise<unknown>' is not assignable to type 'Promise<boolean>'.
static/src/javascripts/projects/common/modules/ui/clickstream.ts(100,12): error TS2554: Expected 2 arguments, but got 1.
static/src/javascripts/projects/common/modules/ui/clickstream.ts(110,27): error TS2554: Expected 2 arguments, but got 1.
static/src/javascripts/projects/common/modules/ui/cmp-ui.spec.ts(24,44): error TS2339: Property 'mockResolvedValue' does not exist on type 'WillShowPrivacyMessage'.
static/src/javascripts/projects/common/modules/ui/cmp-ui.spec.ts(32,44): error TS2339: Property 'mockResolvedValue' does not exist on type 'WillShowPrivacyMessage'.
static/src/javascripts/projects/common/modules/ui/cmp-ui.ts(20,19): error TS2740: Type 'Node' is missing the following properties from type 'HTMLElement': accessKey, accessKeyLabel, autocapitalize, dir, and 183 more.
static/src/javascripts/projects/common/modules/ui/cmp-ui.ts(28,19): error TS2740: Type 'Node' is missing the following properties from type 'Element': assignedSlot, attributes, classList, className, and 72 more.
static/src/javascripts/projects/common/modules/ui/expandable.spec.ts(84,30): error TS2322: Type 'Element' is not assignable to type 'HTMLElement'.
static/src/javascripts/projects/common/modules/ui/expandable.spec.ts(85,30): error TS2322: Type 'Element' is not assignable to type 'HTMLElement'.
static/src/javascripts/projects/common/modules/ui/expandable.spec.ts(87,68): error TS2345: Argument of type 'TemplateStringsArray' is not assignable to parameter of type 'string[]'.
  Type 'TemplateStringsArray' is missing the following properties from type 'string[]': pop, push, reverse, shift, and 6 more.
static/src/javascripts/projects/common/modules/ui/expandable.spec.ts(88,68): error TS2345: Argument of type 'TemplateStringsArray' is not assignable to parameter of type 'string[]'.
static/src/javascripts/projects/common/modules/ui/expandable.spec.ts(97,17): error TS2322: Type 'Element' is not assignable to type 'HTMLElement'.
static/src/javascripts/projects/common/modules/ui/expandable.spec.ts(102,62): error TS2345: Argument of type 'TemplateStringsArray' is not assignable to parameter of type 'string[]'.
static/src/javascripts/projects/common/modules/ui/expandable.spec.ts(110,40): error TS2322: Type 'Element' is not assignable to type 'HTMLElement'.
static/src/javascripts/projects/common/modules/ui/expandable.spec.ts(127,30): error TS2322: Type 'Element' is not assignable to type 'HTMLElement'.
static/src/javascripts/projects/common/modules/ui/expandable.spec.ts(128,68): error TS2345: Argument of type 'TemplateStringsArray' is not assignable to parameter of type 'string[]'.
static/src/javascripts/projects/common/modules/ui/expandable.spec.ts(136,30): error TS2322: Type 'Element' is not assignable to type 'HTMLElement'.
static/src/javascripts/projects/common/modules/ui/expandable.spec.ts(146,17): error TS2322: Type 'Element' is not assignable to type 'HTMLElement'.
static/src/javascripts/projects/common/modules/ui/expandable.spec.ts(149,68): error TS2345: Argument of type 'TemplateStringsArray' is not assignable to parameter of type 'string[]'.
static/src/javascripts/projects/common/modules/ui/full-height.ts(13,19): error TS2339: Property '$el' does not exist on type 'Object'.
static/src/javascripts/projects/common/modules/ui/full-height.ts(16,23): error TS2339: Property 'isMobile' does not exist on type 'Object'.
static/src/javascripts/projects/common/modules/ui/full-height.ts(18,42): error TS2339: Property '$el' does not exist on type 'Object'.
static/src/javascripts/projects/common/modules/ui/full-height.ts(21,35): error TS2339: Property '$el' does not exist on type 'Object'.
static/src/javascripts/projects/common/modules/ui/full-height.ts(28,11): error TS2339: Property 'elements' does not exist on type 'Object'.
static/src/javascripts/projects/common/modules/ui/full-height.ts(29,56): error TS2339: Property 'isMobile' does not exist on type 'Object'.
static/src/javascripts/projects/common/modules/ui/full-height.ts(37,5): error TS2322: Type 'Promise<{ elements: Element[]; isMobile: boolean; }>' is not assignable to type 'Promise<{ elements: HTMLElement[]; isMobile: boolean; }>'.
  Type '{ elements: Element[]; isMobile: boolean; }' is not assignable to type '{ elements: HTMLElement[]; isMobile: boolean; }'.
    Types of property 'elements' are incompatible.
      Type 'Element[]' is not assignable to type 'HTMLElement[]'.
static/src/javascripts/projects/common/modules/ui/message.ts(59,31): error TS2339: Property 'important' does not exist on type 'Object'.
static/src/javascripts/projects/common/modules/ui/message.ts(60,31): error TS2339: Property 'permanent' does not exist on type 'Object'.
static/src/javascripts/projects/common/modules/ui/message.ts(61,30): error TS2339: Property 'blocking' does not exist on type 'Object'.
static/src/javascripts/projects/common/modules/ui/message.ts(62,34): error TS2339: Property 'trackDisplay' does not exist on type 'Object'.
static/src/javascripts/projects/common/modules/ui/message.ts(63,26): error TS2339: Property 'type' does not exist on type 'Object'.
static/src/javascripts/projects/common/modules/ui/message.ts(64,30): error TS2339: Property 'position' does not exist on type 'Object'.
static/src/javascripts/projects/common/modules/ui/message.ts(65,46): error TS2339: Property 'siteMessageComponentName' does not exist on type 'Object'.
static/src/javascripts/projects/common/modules/ui/message.ts(66,41): error TS2339: Property 'siteMessageLinkName' does not exist on type 'Object'.
static/src/javascripts/projects/common/modules/ui/message.ts(67,41): error TS2339: Property 'siteMessageCloseBtn' does not exist on type 'Object'.
static/src/javascripts/projects/common/modules/ui/message.ts(69,39): error TS2339: Property 'widthBasedMessage' does not exist on type 'Object'.
static/src/javascripts/projects/common/modules/ui/message.ts(70,38): error TS2339: Property 'cssModifierClass' does not exist on type 'Object'.
static/src/javascripts/projects/common/modules/ui/message.ts(71,30): error TS2339: Property 'customJs' does not exist on type 'Object'.
static/src/javascripts/projects/common/modules/ui/message.ts(72,32): error TS2339: Property 'customOpts' does not exist on type 'Object'.
static/src/javascripts/projects/common/modules/ui/message.ts(80,41): error TS2339: Property 'hasClass' does not exist on type 'Object'.
static/src/javascripts/projects/common/modules/ui/message.ts(99,40): error TS2339: Property 'addClass' does not exist on type 'Object'.
static/src/javascripts/projects/common/modules/ui/message.ts(107,38): error TS2339: Property 'removeClass' does not exist on type 'Object'.
static/src/javascripts/projects/common/modules/ui/message.ts(119,40): error TS2339: Property 'addClass' does not exist on type 'Object'.
static/src/javascripts/projects/common/modules/ui/message.ts(134,40): error TS2339: Property 'attr' does not exist on type 'Object'.
static/src/javascripts/projects/common/modules/ui/message.ts(143,40): error TS2339: Property 'attr' does not exist on type 'Object'.
static/src/javascripts/projects/common/modules/ui/message.ts(156,14): error TS2339: Property 'addClass' does not exist on type 'Object'.
static/src/javascripts/projects/common/modules/ui/message.ts(158,36): error TS2339: Property 'removeClass' does not exist on type 'Object'.
static/src/javascripts/projects/common/modules/ui/message.ts(160,40): error TS2339: Property 'addClass' does not exist on type 'Object'.
static/src/javascripts/projects/common/modules/ui/message.ts(212,36): error TS2339: Property 'addClass' does not exist on type 'Object'.
static/src/javascripts/projects/common/modules/ui/message.ts(213,34): error TS2339: Property 'addClass' does not exist on type 'Object'.
static/src/javascripts/projects/common/modules/ui/message.ts(244,31): error TS2339: Property 'length' does not exist on type 'Object'.
static/src/javascripts/projects/common/modules/ui/message.ts(258,47): error TS2339: Property 'data' does not exist on type 'Object'.
static/src/javascripts/projects/common/modules/ui/message.ts(260,35): error TS2339: Property 'text' does not exist on type 'Object'.
static/src/javascripts/projects/common/modules/ui/relativedates.spec.ts(22,5): error TS2739: Type 'Mock<Date, [dateString: any]>' is missing the following properties from type 'DateConstructor': parse, UTC, now
static/src/javascripts/projects/common/modules/ui/relativedates.spec.ts(28,5): error TS2322: Type 'Mock<Date, []>' is not assignable to type '() => number'.
  Type 'Date' is not assignable to type 'number'.
static/src/javascripts/projects/common/modules/ui/relativedates.spec.ts(196,5): error TS2554: Expected 1 arguments, but got 0.
static/src/javascripts/projects/common/modules/ui/relativedates.ts(129,22): error TS2345: Argument of type 'number' is not assignable to parameter of type 'string'.
static/src/javascripts/projects/common/modules/ui/relativedates.ts(129,39): error TS2363: The right-hand side of an arithmetic operation must be of type 'any', 'number', 'bigint' or an enum type.
static/src/javascripts/projects/common/modules/ui/relativedates.ts(210,23): error TS2693: 'Bonzo' only refers to a type, but is being used as a value here.
static/src/javascripts/projects/common/modules/ui/relativedates.ts(230,5): error TS2554: Expected 1 arguments, but got 0.
static/src/javascripts/projects/common/modules/ui/rhc.ts(15,40): error TS2339: Property 'hasAttribute' does not exist on type 'unknown'.
static/src/javascripts/projects/common/modules/ui/rhc.ts(18,47): error TS2339: Property 'getAttribute' does not exist on type 'unknown'.
static/src/javascripts/projects/common/modules/ui/rhc.ts(26,19): error TS2345: Argument of type 'unknown' is not assignable to parameter of type 'string | Node'.
  Type '{}' is missing the following properties from type 'Node': baseURI, childNodes, firstChild, isConnected, and 47 more.
static/src/javascripts/projects/common/modules/ui/selection-sharing.spec.ts(107,5): error TS2322: Type 'Mock<MockRange, []>' is not assignable to type '() => Range'.
  Type 'MockRange' is missing the following properties from type 'Range': commonAncestorContainer, cloneContents, cloneRange, collapse, and 23 more.
static/src/javascripts/projects/common/modules/ui/selection-sharing.spec.ts(124,5): error TS2322: Type 'Mock<MockSelection, []>' is not assignable to type '(() => Selection) & (() => Selection)'.
  Type 'Mock<MockSelection, []>' is not assignable to type '() => Selection'.
    Type 'MockSelection' is missing the following properties from type 'Selection': anchorNode, anchorOffset, focusNode, focusOffset, and 14 more.
static/src/javascripts/projects/common/modules/ui/selection-sharing.ts(114,40): error TS2345: Argument of type 'unknown' is not assignable to parameter of type 'string'.
static/src/javascripts/projects/common/modules/ui/smartAppBanner.ts(58,18): error TS2339: Property 'browser' does not exist on type 'string | { browser: string; version: string; }'.
  Property 'browser' does not exist on type 'string'.
static/src/javascripts/projects/common/modules/ui/smartAppBanner.ts(78,9): error TS2554: Expected 3-4 arguments, but got 2.
static/src/javascripts/projects/common/modules/ui/sticky.ts(16,62): error TS1093: Type annotation cannot appear on a constructor declaration.
static/src/javascripts/projects/common/modules/ui/sticky.ts(68,27): error TS2339: Property 'containInParent' does not exist on type 'Object'.
static/src/javascripts/projects/common/modules/ui/sticky.ts(71,73): error TS2339: Property 'top' does not exist on type 'Object'.
static/src/javascripts/projects/common/modules/ui/sticky.ts(73,33): error TS2339: Property 'top' does not exist on type 'Object'.
static/src/javascripts/projects/common/modules/ui/sticky.ts(80,23): error TS2339: Property 'emitMessage' does not exist on type 'Object'.
static/src/javascripts/projects/common/modules/ui/tabs.ts(45,9): error TS2322: Type 'Promise<Element[]>' is not assignable to type 'Promise<HTMLElement[]>'.
  Type 'Element[]' is not assignable to type 'HTMLElement[]'.
static/src/javascripts/projects/common/modules/ui/tabs.ts(55,45): error TS2339: Property 'dataset' does not exist on type 'Element'.
static/src/javascripts/projects/common/modules/ui/tabs.ts(81,46): error TS2345: Argument of type 'Element' is not assignable to parameter of type 'HTMLElement'.
static/src/javascripts/projects/common/modules/ui/tabs.ts(87,34): error TS2345: Argument of type 'Element' is not assignable to parameter of type 'HTMLElement'.
static/src/javascripts/projects/common/modules/ui/tabs.ts(94,42): error TS2345: Argument of type 'Element' is not assignable to parameter of type 'HTMLElement'.
static/src/javascripts/projects/common/modules/ui/toggles.spec.ts(85,42): error TS2345: Argument of type 'Element' is not assignable to parameter of type 'HTMLElement'.
static/src/javascripts/projects/common/modules/ui/toggles.ts(10,8): error TS1093: Type annotation cannot appear on a constructor declaration.
static/src/javascripts/projects/common/modules/ui/toggles.ts(17,13): error TS2322: Type 'Element[]' is not assignable to type 'HTMLElement[]'.
static/src/javascripts/projects/common/modules/user-prefs.ts(15,5): error TS2322: Type '{ type: string; }' is not assignable to type 'StorageOptions'.
  Types of property 'type' are incompatible.
    Type 'string' is not assignable to type '"session" | "local"'.
static/src/javascripts/projects/common/modules/user-prefs.ts(20,28): error TS2322: Type '{ type: string; }' is not assignable to type 'StorageOptions'.
static/src/javascripts/projects/common/modules/user-prefs.ts(25,5): error TS2322: Type '{ type: string; }' is not assignable to type 'StorageOptions'.
static/src/javascripts/projects/common/modules/user-prefs.ts(32,5): error TS2322: Type '{ type: string; }' is not assignable to type 'StorageOptions'.
static/src/javascripts/projects/common/modules/user-prefs.ts(39,5): error TS2322: Type '{ type: string; }' is not assignable to type 'StorageOptions'.
static/src/javascripts/projects/common/modules/user-prefs.ts(46,5): error TS2322: Type '{ type: string; }' is not assignable to type 'StorageOptions'.
static/src/javascripts/projects/common/modules/user-prefs.ts(53,5): error TS2322: Type '{ type: string; }' is not assignable to type 'StorageOptions'.
static/src/javascripts/projects/common/modules/user-prefs.ts(58,5): error TS2322: Type '{ type: string; }' is not assignable to type 'StorageOptions'.
static/src/javascripts/projects/common/modules/video/events.ts(20,35): error TS2339: Property 'isEmbed' does not exist on type '{ automat?: Automat; }'.
static/src/javascripts/projects/common/modules/video/events.ts(46,13): error TS2322: Type 'Function | (() => string) | (() => string) | (() => Object) | ((v: string | number | symbol) => boolean) | ((v: Object) => boolean) | ((v: string | number | symbol) => boolean)' is not assignable to type 'string'.
  Type 'Function' is not assignable to type 'string'.
static/src/javascripts/projects/common/modules/video/events.ts(50,16): error TS2339: Property 'one' does not exist on type 'Object'.
static/src/javascripts/projects/common/modules/video/events.ts(51,20): error TS2339: Property 'trigger' does not exist on type 'Object'.
static/src/javascripts/projects/common/modules/video/events.ts(71,12): error TS2339: Property 'on' does not exist on type 'Object'.
static/src/javascripts/projects/common/modules/video/events.ts(75,25): error TS2339: Property 'currentTime' does not exist on type 'Object'.
static/src/javascripts/projects/common/modules/video/events.ts(75,48): error TS2339: Property 'duration' does not exist on type 'Object'.
static/src/javascripts/projects/common/modules/video/events.ts(79,24): error TS2339: Property 'trigger' does not exist on type 'Object'.
static/src/javascripts/projects/common/modules/video/events.ts(82,24): error TS2339: Property 'trigger' does not exist on type 'Object'.
static/src/javascripts/projects/common/modules/video/events.ts(85,24): error TS2339: Property 'trigger' does not exist on type 'Object'.
static/src/javascripts/projects/common/modules/video/events.ts(106,20): error TS2339: Property 'on' does not exist on type 'Object'.
static/src/javascripts/projects/common/modules/video/events.ts(126,29): error TS2345: Argument of type 'unknown' is not assignable to parameter of type 'string'.
static/src/javascripts/projects/common/modules/video/events.ts(142,30): error TS2339: Property 'type' does not exist on type 'Object'.
static/src/javascripts/projects/common/modules/video/events.ts(162,16): error TS2339: Property 'one' does not exist on type 'Object'.
static/src/javascripts/projects/common/modules/video/events.ts(171,20): error TS2339: Property 'trigger' does not exist on type 'Object'.
static/src/javascripts/projects/common/modules/video/events.ts(174,37): error TS2339: Property 'duration' does not exist on type 'Object'.
static/src/javascripts/projects/common/modules/video/events.ts(176,24): error TS2339: Property 'trigger' does not exist on type 'Object'.
static/src/javascripts/projects/common/modules/video/events.ts(178,24): error TS2339: Property 'one' does not exist on type 'Object'.
static/src/javascripts/projects/common/modules/video/events.ts(183,26): error TS2345: Argument of type 'number' is not assignable to parameter of type 'string'.
static/src/javascripts/projects/common/modules/video/events.ts(183,34): error TS2339: Property 'currentTime' does not exist on type 'Object'.
static/src/javascripts/projects/common/modules/video/events.ts(183,57): error TS2339: Property 'duration' does not exist on type 'Object'.
static/src/javascripts/projects/common/modules/video/events.ts(187,28): error TS2339: Property 'trigger' does not exist on type 'Object'.
static/src/javascripts/projects/common/modules/video/events.ts(196,20): error TS2339: Property 'trigger' does not exist on type 'Object'.
static/src/javascripts/projects/common/modules/video/events.ts(198,20): error TS2339: Property 'one' does not exist on type 'Object'.
static/src/javascripts/projects/common/modules/video/events.ts(199,20): error TS2339: Property 'on' does not exist on type 'Object'.
static/src/javascripts/projects/common/modules/video/events.ts(200,20): error TS2339: Property 'one' does not exist on type 'Object'.
static/src/javascripts/projects/common/modules/video/events.ts(203,24): error TS2339: Property 'play' does not exist on type 'Object'.
static/src/javascripts/projects/common/modules/video/events.ts(213,12): error TS2339: Property 'on' does not exist on type 'Object'.
static/src/javascripts/projects/common/modules/video/events.ts(216,12): error TS2339: Property 'on' does not exist on type 'Object'.
static/src/javascripts/projects/common/modules/video/events.ts(219,12): error TS2339: Property 'on' does not exist on type 'Object'.
static/src/javascripts/projects/common/modules/video/events.ts(238,24): error TS2339: Property 'error' does not exist on type 'Object'.
static/src/javascripts/projects/common/modules/video/events.ts(247,12): error TS2339: Property 'on' does not exist on type 'Object'.
static/src/javascripts/projects/common/modules/video/events.ts(248,28): error TS2339: Property 'error' does not exist on type 'Object'.
static/src/javascripts/projects/common/modules/video/video-container.ts(83,24): error TS2339: Property 'remove' does not exist on type 'unknown'.
static/src/javascripts/projects/common/modules/video/video-container.ts(91,24): error TS2339: Property 'classList' does not exist on type 'unknown'.
static/src/javascripts/projects/common/modules/video/video-container.ts(93,24): error TS2339: Property 'removeAttribute' does not exist on type 'unknown'.
static/src/javascripts/projects/common/modules/video/video-container.ts(94,24): error TS2339: Property 'removeAttribute' does not exist on type 'unknown'.
static/src/javascripts/projects/common/modules/video/video-container.ts(101,24): error TS2339: Property 'classList' does not exist on type 'unknown'.
static/src/javascripts/projects/common/modules/video/video-container.ts(163,5): error TS2322: Type 'Promise<void>' is not assignable to type 'Promise<number>'.
  Type 'void' is not assignable to type 'number'.
static/src/javascripts/projects/facia/modules/onwards/search-tool.spec.ts(11,18): error TS2304: Cannot find name 'JestMockFn'.
static/src/javascripts/projects/facia/modules/onwards/search-tool.ts(133,13): error TS2322: Type 'string' is not assignable to type '"remove" | "set"'.
static/src/javascripts/projects/facia/modules/onwards/search-tool.ts(199,18): error TS2554: Expected 1 arguments, but got 0.
static/src/javascripts/projects/facia/modules/onwards/weather.spec.ts(12,22): error TS2304: Cannot find name 'JestMockFn'.
static/src/javascripts/projects/facia/modules/onwards/weather.spec.ts(27,16): error TS2339: Property 'page' does not exist on type '{ get: (path?: string, defaultValue?: unknown) => unknown; set: (path: string, value: any) => void; hasTone: (name: string) => boolean; hasSeries: (name: string) => boolean; referencesOfType: (name: string) => string[]; referenceOfType: (name: string) => string; webPublicationDateAsUrlPart: () => string; dateFromSlu...'.
static/src/javascripts/projects/facia/modules/onwards/weather.spec.ts(28,16): error TS2339: Property 'switches' does not exist on type '{ get: (path?: string, defaultValue?: unknown) => unknown; set: (path: string, value: any) => void; hasTone: (name: string) => boolean; hasSeries: (name: string) => boolean; referencesOfType: (name: string) => string[]; referenceOfType: (name: string) => string; webPublicationDateAsUrlPart: () => string; dateFromSlu...'.
static/src/javascripts/projects/facia/modules/onwards/weather.spec.ts(37,20): error TS2339: Property 'page' does not exist on type '{ get: (path?: string, defaultValue?: unknown) => unknown; set: (path: string, value: any) => void; hasTone: (name: string) => boolean; hasSeries: (name: string) => boolean; referencesOfType: (name: string) => string[]; referenceOfType: (name: string) => string; webPublicationDateAsUrlPart: () => string; dateFromSlu...'.
static/src/javascripts/projects/facia/modules/onwards/weather.spec.ts(41,20): error TS2339: Property 'switches' does not exist on type '{ get: (path?: string, defaultValue?: unknown) => unknown; set: (path: string, value: any) => void; hasTone: (name: string) => boolean; hasSeries: (name: string) => boolean; referencesOfType: (name: string) => string[]; referenceOfType: (name: string) => string; webPublicationDateAsUrlPart: () => string; dateFromSlu...'.
static/src/javascripts/projects/facia/modules/onwards/weather.spec.ts(47,20): error TS2339: Property 'switches' does not exist on type '{ get: (path?: string, defaultValue?: unknown) => unknown; set: (path: string, value: any) => void; hasTone: (name: string) => boolean; hasSeries: (name: string) => boolean; referencesOfType: (name: string) => string[]; referenceOfType: (name: string) => string; webPublicationDateAsUrlPart: () => string; dateFromSlu...'.
static/src/javascripts/projects/facia/modules/onwards/weather.spec.ts(50,20): error TS2339: Property 'switches' does not exist on type '{ get: (path?: string, defaultValue?: unknown) => unknown; set: (path: string, value: any) => void; hasTone: (name: string) => boolean; hasSeries: (name: string) => boolean; referencesOfType: (name: string) => string[]; referenceOfType: (name: string) => string; webPublicationDateAsUrlPart: () => string; dateFromSlu...'.
static/src/javascripts/projects/facia/modules/onwards/weather.spec.ts(57,20): error TS2339: Property 'page' does not exist on type '{ get: (path?: string, defaultValue?: unknown) => unknown; set: (path: string, value: any) => void; hasTone: (name: string) => boolean; hasSeries: (name: string) => boolean; referencesOfType: (name: string) => string[]; referenceOfType: (name: string) => string; webPublicationDateAsUrlPart: () => string; dateFromSlu...'.
static/src/javascripts/projects/facia/modules/onwards/weather.spec.ts(62,20): error TS2339: Property 'page' does not exist on type '{ get: (path?: string, defaultValue?: unknown) => unknown; set: (path: string, value: any) => void; hasTone: (name: string) => boolean; hasSeries: (name: string) => boolean; referencesOfType: (name: string) => string[]; referenceOfType: (name: string) => string; webPublicationDateAsUrlPart: () => string; dateFromSlu...'.
static/src/javascripts/projects/facia/modules/onwards/weather.spec.ts(67,20): error TS2339: Property 'page' does not exist on type '{ get: (path?: string, defaultValue?: unknown) => unknown; set: (path: string, value: any) => void; hasTone: (name: string) => boolean; hasSeries: (name: string) => boolean; referencesOfType: (name: string) => string[]; referenceOfType: (name: string) => string; webPublicationDateAsUrlPart: () => string; dateFromSlu...'.
static/src/javascripts/projects/facia/modules/onwards/weather.spec.ts(72,20): error TS2339: Property 'page' does not exist on type '{ get: (path?: string, defaultValue?: unknown) => unknown; set: (path: string, value: any) => void; hasTone: (name: string) => boolean; hasSeries: (name: string) => boolean; referencesOfType: (name: string) => string[]; referenceOfType: (name: string) => string; webPublicationDateAsUrlPart: () => string; dateFromSlu...'.
static/src/javascripts/projects/facia/modules/onwards/weather.spec.ts(75,20): error TS2339: Property 'page' does not exist on type '{ get: (path?: string, defaultValue?: unknown) => unknown; set: (path: string, value: any) => void; hasTone: (name: string) => boolean; hasSeries: (name: string) => boolean; referencesOfType: (name: string) => string[]; referenceOfType: (name: string) => string; webPublicationDateAsUrlPart: () => string; dateFromSlu...'.
static/src/javascripts/projects/facia/modules/onwards/weather.spec.ts(78,20): error TS2339: Property 'page' does not exist on type '{ get: (path?: string, defaultValue?: unknown) => unknown; set: (path: string, value: any) => void; hasTone: (name: string) => boolean; hasSeries: (name: string) => boolean; referencesOfType: (name: string) => string[]; referenceOfType: (name: string) => string; webPublicationDateAsUrlPart: () => string; dateFromSlu...'.
static/src/javascripts/projects/facia/modules/onwards/weather.spec.ts(95,16): error TS2339: Property 'page' does not exist on type '{ get: (path?: string, defaultValue?: unknown) => unknown; set: (path: string, value: any) => void; hasTone: (name: string) => boolean; hasSeries: (name: string) => boolean; referencesOfType: (name: string) => string[]; referenceOfType: (name: string) => string; webPublicationDateAsUrlPart: () => string; dateFromSlu...'.
static/src/javascripts/projects/facia/modules/onwards/weather.spec.ts(115,16): error TS2339: Property 'page' does not exist on type '{ get: (path?: string, defaultValue?: unknown) => unknown; set: (path: string, value: any) => void; hasTone: (name: string) => boolean; hasSeries: (name: string) => boolean; referencesOfType: (name: string) => string[]; referenceOfType: (name: string) => string; webPublicationDateAsUrlPart: () => string; dateFromSlu...'.
static/src/javascripts/projects/facia/modules/onwards/weather.spec.ts(126,40): error TS2345: Argument of type '{ store: string; id: string; city: string; }' is not assignable to parameter of type 'CityPreference'.
  Types of property 'store' are incompatible.
    Type 'string' is not assignable to type '"remove" | "set"'.
static/src/javascripts/projects/facia/modules/onwards/weather.spec.ts(138,16): error TS2339: Property 'page' does not exist on type '{ get: (path?: string, defaultValue?: unknown) => unknown; set: (path: string, value: any) => void; hasTone: (name: string) => boolean; hasSeries: (name: string) => boolean; referencesOfType: (name: string) => string[]; referenceOfType: (name: string) => string; webPublicationDateAsUrlPart: () => string; dateFromSlu...'.
static/src/javascripts/projects/facia/modules/onwards/weather.spec.ts(149,40): error TS2345: Argument of type '{ store: string; id: string; city: string; }' is not assignable to parameter of type 'CityPreference'.
  Types of property 'store' are incompatible.
    Type 'string' is not assignable to type '"remove" | "set"'.
static/src/javascripts/projects/facia/modules/onwards/weather.spec.ts(156,16): error TS2339: Property 'page' does not exist on type '{ get: (path?: string, defaultValue?: unknown) => unknown; set: (path: string, value: any) => void; hasTone: (name: string) => boolean; hasSeries: (name: string) => boolean; referencesOfType: (name: string) => string[]; referenceOfType: (name: string) => string; webPublicationDateAsUrlPart: () => string; dateFromSlu...'.
static/src/javascripts/projects/facia/modules/onwards/weather.spec.ts(171,16): error TS2339: Property 'page' does not exist on type '{ get: (path?: string, defaultValue?: unknown) => unknown; set: (path: string, value: any) => void; hasTone: (name: string) => boolean; hasSeries: (name: string) => boolean; referencesOfType: (name: string) => string[]; referenceOfType: (name: string) => string; webPublicationDateAsUrlPart: () => string; dateFromSlu...'.
static/src/javascripts/projects/facia/modules/onwards/weather.spec.ts(197,16): error TS2339: Property 'page' does not exist on type '{ get: (path?: string, defaultValue?: unknown) => unknown; set: (path: string, value: any) => void; hasTone: (name: string) => boolean; hasSeries: (name: string) => boolean; referencesOfType: (name: string) => string[]; referenceOfType: (name: string) => string; webPublicationDateAsUrlPart: () => string; dateFromSlu...'.
static/src/javascripts/projects/facia/modules/onwards/weather.spec.ts(212,16): error TS2339: Property 'page' does not exist on type '{ get: (path?: string, defaultValue?: unknown) => unknown; set: (path: string, value: any) => void; hasTone: (name: string) => boolean; hasSeries: (name: string) => boolean; referencesOfType: (name: string) => string[]; referenceOfType: (name: string) => string; webPublicationDateAsUrlPart: () => string; dateFromSlu...'.
static/src/javascripts/projects/facia/modules/onwards/weather.ts(40,50): error TS2345: Argument of type 'unknown' is not assignable to parameter of type 'string'.
static/src/javascripts/projects/facia/modules/onwards/weather.ts(102,39): error TS2339: Property 'toLowerCase' does not exist on type 'unknown'.
static/src/javascripts/projects/facia/modules/onwards/weather.ts(126,58): error TS2339: Property 'toLowerCase' does not exist on type 'unknown'.
static/src/javascripts/projects/facia/modules/onwards/weather.ts(169,13): error TS2322: Type 'unknown' is not assignable to type 'string'.
static/src/javascripts/projects/facia/modules/ui/container-show-more.ts(13,28): error TS2307: Cannot find module 'utility-types' or its corresponding type declarations.
static/src/javascripts/projects/facia/modules/ui/container-show-more.ts(156,22): error TS2345: Argument of type 'unknown' is not assignable to parameter of type 'string'.
static/src/javascripts/projects/facia/modules/ui/live-blog-updates.ts(38,48): error TS2345: Argument of type 'Date' is not assignable to parameter of type 'number'.
static/src/javascripts/projects/facia/modules/ui/snaps.ts(91,21): error TS2538: Type 'false' cannot be used as an index type.
static/src/javascripts/projects/facia/modules/ui/snaps.ts(91,21): error TS2538: Type 'true' cannot be used as an index type.
static/src/javascripts/projects/facia/modules/ui/snaps.ts(141,55): error TS2339: Property 'html' does not exist on type 'Object'.
static/src/javascripts/projects/facia/modules/ui/snaps.ts(152,31): error TS2559: Type 'HTMLElement' has no properties in common with type 'RelativeDateOptions'.
static/src/javascripts/projects/journalism/modules/get-campaign.spec.ts(84,16): error TS2339: Property 'page' does not exist on type '{ get: (path?: string, defaultValue?: unknown) => unknown; set: (path: string, value: any) => void; hasTone: (name: string) => boolean; hasSeries: (name: string) => boolean; referencesOfType: (name: string) => string[]; referenceOfType: (name: string) => string; webPublicationDateAsUrlPart: () => string; dateFromSlu...'.
static/src/javascripts/projects/journalism/modules/get-campaign.spec.ts(90,23): error TS2339: Property 'page' does not exist on type '{ get: (path?: string, defaultValue?: unknown) => unknown; set: (path: string, value: any) => void; hasTone: (name: string) => boolean; hasSeries: (name: string) => boolean; referencesOfType: (name: string) => string[]; referenceOfType: (name: string) => string; webPublicationDateAsUrlPart: () => string; dateFromSlu...'.
static/src/javascripts/projects/journalism/modules/get-campaign.spec.ts(110,16): error TS2339: Property 'page' does not exist on type '{ get: (path?: string, defaultValue?: unknown) => unknown; set: (path: string, value: any) => void; hasTone: (name: string) => boolean; hasSeries: (name: string) => boolean; referencesOfType: (name: string) => string[]; referenceOfType: (name: string) => string; webPublicationDateAsUrlPart: () => string; dateFromSlu...'.
static/src/javascripts/projects/journalism/modules/get-campaign.spec.ts(133,16): error TS2339: Property 'page' does not exist on type '{ get: (path?: string, defaultValue?: unknown) => unknown; set: (path: string, value: any) => void; hasTone: (name: string) => boolean; hasSeries: (name: string) => boolean; referencesOfType: (name: string) => string[]; referenceOfType: (name: string) => string; webPublicationDateAsUrlPart: () => string; dateFromSlu...'.
static/src/javascripts/projects/journalism/modules/get-campaign.ts(7,38): error TS2339: Property 'filter' does not exist on type 'unknown'.
static/src/javascripts/projects/journalism/modules/render-campaign.ts(51,28): error TS2345: Argument of type 'Element' is not assignable to parameter of type 'HTMLElement'.
static/src/javascripts/projects/journalism/modules/submit-form.ts(108,18): error TS2345: Argument of type 'unknown' is not assignable to parameter of type 'string'.
info Visit https://yarnpkg.com/en/docs/cli/run for documentation about this command.
