// Jest Snapshot v1, https://goo.gl/fbAQLP

exports[`404 generates the expected markup 1`] = `
Object {
  "css": "<style class=\\"_styletron_hydrate_\\">.a{display:none}</style>",
  "html": "<div><div><a href=\\"https://www.theguardian.com/\\"><svg><text>test svg</text></svg><span>the Guardian</span></a><svg><text>test svg</text></svg><div><h1>Sorry — the page you have requested does not exist</h1><p>You may have followed an outdated link, or have mistyped a URL. If you believe this to be an error, please<a href=\\"https://www.theguardian.com/info/tech-feedback\\">report it</a>.</p><a href=\\"https://www.theguardian.com/\\">Go to the Guardian home page<svg><text>test svg</text></svg></a></div></div><script>
                    (function(i,s,o,g,r,a,m){i['GoogleAnalyticsObject']=r;i[r]=i[r]||function(){
                            (i[r].q=i[r].q||[]).push(arguments)},i[r].l=1*new Date();a=s.createElement(o),
                        m=s.getElementsByTagName(o)[0];a.async=1;a.src=g;m.parentNode.insertBefore(a,m)
                    })(window,document,'script','https://www.google-analytics.com/analytics.js','ga');
                    ga('create', 'UA-78705427-1', 'auto');
                    ga('set', 'dimension3', 'theguardian.com');
                    ga('set', 'dimension14', '404');
                    ga('send', 'pageview');
                </script><script src=\\"https://pasteup.guim.co.uk/js/lib/requirejs/2.1.5/require.min.js\\"></script><script>
                    require.config({
                        paths: {
                            'ophan/http-status' : '//j.ophan.co.uk/ophan.http-status',
                        }
                    });
                    require(['ophan/http-status'], function(reporter) {
                    reporter.reportStatus('next-gen', 404);
                    });
                </script><img src=\\"/count/40x.gif\\" alt rel=\\"nofollow\\" class=\\"a\\" /></div>",
}
`;
